../Core/Src/main.c:71:6:int_to_char	32	static
../Core/Src/main.c:93:7:map	32	static
../Core/Src/main.c:97:6:grafico	24	static
../Core/Src/main.c:136:6:senoidal_moviendose	72	static
../Core/Src/main.c:187:6:Mostrar_pantalla	16	static
../Core/Src/main.c:202:6:Leer_ADC	16	static
../Core/Src/main.c:211:6:HAL_ADC_ConvCpltCallback	24	static
../Core/Src/main.c:222:6:Cambiar_Modo	16	static
../Core/Src/main.c:226:6:Enviar_USB	16	static
../Core/Src/main.c:230:6:Init_Sistema	16	static
../Core/Src/main.c:249:5:main	16	static
../Core/Src/main.c:331:6:SystemClock_Config	88	static
../Core/Src/main.c:378:13:MX_ADC1_Init	24	static
../Core/Src/main.c:430:13:MX_I2C1_Init	8	static
../Core/Src/main.c:464:13:MX_TIM2_Init	48	static
../Core/Src/main.c:513:13:MX_USART2_UART_Init	8	static
../Core/Src/main.c:544:13:MX_DMA_Init	16	static
../Core/Src/main.c:562:13:MX_GPIO_Init	48	static
../Core/Src/main.c:601:6:StartDefaultTask	16	static
../Core/Src/main.c:620:6:HAL_TIM_PeriodElapsedCallback	16	static
../Core/Src/main.c:637:6:Error_Handler	4	static,ignoring_inline_asm
