Archive member included to satisfy reference by file (symbol)

c:/st/stm32cubeide_1.11.0/stm32cubeide/plugins/com.st.stm32cube.ide.mcu.externaltools.gnu-tools-for-stm32.10.3-2021.10.win32_1.0.100.202210260954/tools/bin/../lib/gcc/arm-none-eabi/10.3.1/../../../../arm-none-eabi/lib/thumb/v7e-m+fp/hard\libc_nano.a(lib_a-errno.o)
                              ./Core/Src/syscalls.o (__errno)
c:/st/stm32cubeide_1.11.0/stm32cubeide/plugins/com.st.stm32cube.ide.mcu.externaltools.gnu-tools-for-stm32.10.3-2021.10.win32_1.0.100.202210260954/tools/bin/../lib/gcc/arm-none-eabi/10.3.1/../../../../arm-none-eabi/lib/thumb/v7e-m+fp/hard\libc_nano.a(lib_a-exit.o)
                              c:/st/stm32cubeide_1.11.0/stm32cubeide/plugins/com.st.stm32cube.ide.mcu.externaltools.gnu-tools-for-stm32.10.3-2021.10.win32_1.0.100.202210260954/tools/bin/../lib/gcc/arm-none-eabi/10.3.1/../../../../arm-none-eabi/lib/thumb/v7e-m+fp/hard/crt0.o (exit)
c:/st/stm32cubeide_1.11.0/stm32cubeide/plugins/com.st.stm32cube.ide.mcu.externaltools.gnu-tools-for-stm32.10.3-2021.10.win32_1.0.100.202210260954/tools/bin/../lib/gcc/arm-none-eabi/10.3.1/../../../../arm-none-eabi/lib/thumb/v7e-m+fp/hard\libc_nano.a(lib_a-impure.o)
                              c:/st/stm32cubeide_1.11.0/stm32cubeide/plugins/com.st.stm32cube.ide.mcu.externaltools.gnu-tools-for-stm32.10.3-2021.10.win32_1.0.100.202210260954/tools/bin/../lib/gcc/arm-none-eabi/10.3.1/../../../../arm-none-eabi/lib/thumb/v7e-m+fp/hard\libc_nano.a(lib_a-exit.o) (_global_impure_ptr)
c:/st/stm32cubeide_1.11.0/stm32cubeide/plugins/com.st.stm32cube.ide.mcu.externaltools.gnu-tools-for-stm32.10.3-2021.10.win32_1.0.100.202210260954/tools/bin/../lib/gcc/arm-none-eabi/10.3.1/../../../../arm-none-eabi/lib/thumb/v7e-m+fp/hard\libc_nano.a(lib_a-init.o)
                              c:/st/stm32cubeide_1.11.0/stm32cubeide/plugins/com.st.stm32cube.ide.mcu.externaltools.gnu-tools-for-stm32.10.3-2021.10.win32_1.0.100.202210260954/tools/bin/../lib/gcc/arm-none-eabi/10.3.1/../../../../arm-none-eabi/lib/thumb/v7e-m+fp/hard/crt0.o (__libc_init_array)
c:/st/stm32cubeide_1.11.0/stm32cubeide/plugins/com.st.stm32cube.ide.mcu.externaltools.gnu-tools-for-stm32.10.3-2021.10.win32_1.0.100.202210260954/tools/bin/../lib/gcc/arm-none-eabi/10.3.1/../../../../arm-none-eabi/lib/thumb/v7e-m+fp/hard\libc_nano.a(lib_a-memcpy-stub.o)
                              ./Core/Src/ssd1306.o (memcpy)
c:/st/stm32cubeide_1.11.0/stm32cubeide/plugins/com.st.stm32cube.ide.mcu.externaltools.gnu-tools-for-stm32.10.3-2021.10.win32_1.0.100.202210260954/tools/bin/../lib/gcc/arm-none-eabi/10.3.1/../../../../arm-none-eabi/lib/thumb/v7e-m+fp/hard\libc_nano.a(lib_a-memset.o)
                              c:/st/stm32cubeide_1.11.0/stm32cubeide/plugins/com.st.stm32cube.ide.mcu.externaltools.gnu-tools-for-stm32.10.3-2021.10.win32_1.0.100.202210260954/tools/bin/../lib/gcc/arm-none-eabi/10.3.1/../../../../arm-none-eabi/lib/thumb/v7e-m+fp/hard/crt0.o (memset)
c:/st/stm32cubeide_1.11.0/stm32cubeide/plugins/com.st.stm32cube.ide.mcu.externaltools.gnu-tools-for-stm32.10.3-2021.10.win32_1.0.100.202210260954/tools/bin/../lib/gcc/arm-none-eabi/10.3.1/../../../../arm-none-eabi/lib/thumb/v7e-m+fp/hard\libm.a(lib_a-s_cos.o)
                              ./Core/Src/ssd1306.o (cos)
c:/st/stm32cubeide_1.11.0/stm32cubeide/plugins/com.st.stm32cube.ide.mcu.externaltools.gnu-tools-for-stm32.10.3-2021.10.win32_1.0.100.202210260954/tools/bin/../lib/gcc/arm-none-eabi/10.3.1/../../../../arm-none-eabi/lib/thumb/v7e-m+fp/hard\libm.a(lib_a-s_sin.o)
                              ./Core/Src/ssd1306.o (sin)
c:/st/stm32cubeide_1.11.0/stm32cubeide/plugins/com.st.stm32cube.ide.mcu.externaltools.gnu-tools-for-stm32.10.3-2021.10.win32_1.0.100.202210260954/tools/bin/../lib/gcc/arm-none-eabi/10.3.1/../../../../arm-none-eabi/lib/thumb/v7e-m+fp/hard\libm.a(lib_a-e_rem_pio2.o)
                              c:/st/stm32cubeide_1.11.0/stm32cubeide/plugins/com.st.stm32cube.ide.mcu.externaltools.gnu-tools-for-stm32.10.3-2021.10.win32_1.0.100.202210260954/tools/bin/../lib/gcc/arm-none-eabi/10.3.1/../../../../arm-none-eabi/lib/thumb/v7e-m+fp/hard\libm.a(lib_a-s_cos.o) (__ieee754_rem_pio2)
c:/st/stm32cubeide_1.11.0/stm32cubeide/plugins/com.st.stm32cube.ide.mcu.externaltools.gnu-tools-for-stm32.10.3-2021.10.win32_1.0.100.202210260954/tools/bin/../lib/gcc/arm-none-eabi/10.3.1/../../../../arm-none-eabi/lib/thumb/v7e-m+fp/hard\libm.a(lib_a-k_cos.o)
                              c:/st/stm32cubeide_1.11.0/stm32cubeide/plugins/com.st.stm32cube.ide.mcu.externaltools.gnu-tools-for-stm32.10.3-2021.10.win32_1.0.100.202210260954/tools/bin/../lib/gcc/arm-none-eabi/10.3.1/../../../../arm-none-eabi/lib/thumb/v7e-m+fp/hard\libm.a(lib_a-s_cos.o) (__kernel_cos)
c:/st/stm32cubeide_1.11.0/stm32cubeide/plugins/com.st.stm32cube.ide.mcu.externaltools.gnu-tools-for-stm32.10.3-2021.10.win32_1.0.100.202210260954/tools/bin/../lib/gcc/arm-none-eabi/10.3.1/../../../../arm-none-eabi/lib/thumb/v7e-m+fp/hard\libm.a(lib_a-k_rem_pio2.o)
[...]
Memory Configuration

Name             Origin             Length             Attributes
RAM              0x0000000020000000 0x0000000000018000 xrw
FLASH            0x0000000008000000 0x0000000000080000 xr
*default*        0x0000000000000000 0xffffffffffffffff

Linker script and memory map

LOAD c:/st/stm32cubeide_1.11.0/stm32cubeide/plugins/com.st.stm32cube.ide.mcu.externaltools.gnu-tools-for-stm32.10.3-2021.10.win32_1.0.100.202210260954/tools/bin/../lib/gcc/arm-none-eabi/10.3.1/thumb/v7e-m+fp/hard/crti.o
LOAD c:/st/stm32cubeide_1.11.0/stm32cubeide/plugins/com.st.stm32cube.ide.mcu.externaltools.gnu-tools-for-stm32.10.3-2021.10.win32_1.0.100.202210260954/tools/bin/../lib/gcc/arm-none-eabi/10.3.1/thumb/v7e-m+fp/hard/crtbegin.o
LOAD c:/st/stm32cubeide_1.11.0/stm32cubeide/plugins/com.st.stm32cube.ide.mcu.externaltools.gnu-tools-for-stm32.10.3-2021.10.win32_1.0.100.202210260954/tools/bin/../lib/gcc/arm-none-eabi/10.3.1/../../../../arm-none-eabi/lib/thumb/v7e-m+fp/hard/crt0.o
LOAD ./Core/Src/freertos.o
LOAD ./Core/Src/main.o
LOAD ./Core/Src/ssd1306.o
LOAD ./Core/Src/ssd1306_fonts.o
LOAD ./Core/Src/stm32f4xx_hal_msp.o
LOAD ./Core/Src/stm32f4xx_hal_timebase_tim.o
LOAD ./Core/Src/stm32f4xx_it.o
LOAD ./Core/Src/syscalls.o
LOAD ./Core/Src/sysmem.o
LOAD ./Core/Src/system_stm32f4xx.o
LOAD ./Core/Startup/startup_stm32f401retx.o
LOAD ./Drivers/STM32F4xx_HAL_Driver/Src/stm32f4xx_hal.o
LOAD ./Drivers/STM32F4xx_HAL_Driver/Src/stm32f4xx_hal_adc.o
LOAD ./Drivers/STM32F4xx_HAL_Driver/Src/stm32f4xx_hal_adc_ex.o
LOAD ./Drivers/STM32F4xx_HAL_Driver/Src/stm32f4xx_hal_cortex.o
LOAD ./Drivers/STM32F4xx_HAL_Driver/Src/stm32f4xx_hal_dma.o
LOAD ./Drivers/STM32F4xx_HAL_Driver/Src/stm32f4xx_hal_dma_ex.o
LOAD ./Drivers/STM32F4xx_HAL_Driver/Src/stm32f4xx_hal_exti.o
LOAD ./Drivers/STM32F4xx_HAL_Driver/Src/stm32f4xx_hal_flash.o
LOAD ./Drivers/STM32F4xx_HAL_Driver/Src/stm32f4xx_hal_flash_ex.o
LOAD ./Drivers/STM32F4xx_HAL_Driver/Src/stm32f4xx_hal_flash_ramfunc.o
LOAD ./Drivers/STM32F4xx_HAL_Driver/Src/stm32f4xx_hal_gpio.o
LOAD ./Drivers/STM32F4xx_HAL_Driver/Src/stm32f4xx_hal_i2c.o
LOAD ./Drivers/STM32F4xx_HAL_Driver/Src/stm32f4xx_hal_i2c_ex.o
LOAD ./Drivers/STM32F4xx_HAL_Driver/Src/stm32f4xx_hal_pwr.o
LOAD ./Drivers/STM32F4xx_HAL_Driver/Src/stm32f4xx_hal_pwr_ex.o
LOAD ./Drivers/STM32F4xx_HAL_Driver/Src/stm32f4xx_hal_rcc.o
LOAD ./Drivers/STM32F4xx_HAL_Driver/Src/stm32f4xx_hal_rcc_ex.o
LOAD ./Drivers/STM32F4xx_HAL_Driver/Src/stm32f4xx_hal_tim.o
LOAD ./Drivers/STM32F4xx_HAL_Driver/Src/stm32f4xx_hal_tim_ex.o
LOAD ./Drivers/STM32F4xx_HAL_Driver/Src/stm32f4xx_hal_uart.o
LOAD ./Drivers/STM32F4xx_HAL_Driver/Src/stm32f4xx_ll_adc.o
LOAD ./Middlewares/Third_Party/FreeRTOS/Source/CMSIS_RTOS/cmsis_os.o
LOAD ./Middlewares/Third_Party/FreeRTOS/Source/croutine.o
LOAD ./Middlewares/Third_Party/FreeRTOS/Source/event_groups.o
LOAD ./Middlewares/Third_Party/FreeRTOS/Source/list.o
LOAD ./Middlewares/Third_Party/FreeRTOS/Source/queue.o
LOAD ./Middlewares/Third_Party/FreeRTOS/Source/stream_buffer.o
LOAD ./Middlewares/Third_Party/FreeRTOS/Source/tasks.o
LOAD ./Middlewares/Third_Party/FreeRTOS/Source/timers.o
LOAD ./Middlewares/Third_Party/FreeRTOS/Source/portable/GCC/ARM_CM4F/port.o
LOAD ./Middlewares/Third_Party/FreeRTOS/Source/portable/MemMang/heap_4.o
START GROUP
LOAD c:/st/stm32cubeide_1.11.0/stm32cubeide/plugins/com.st.stm32cube.ide.mcu.externaltools.gnu-tools-for-stm32.10.3-2021.10.win32_1.0.100.202210260954/tools/bin/../lib/gcc/arm-none-eabi/10.3.1/../../../../arm-none-eabi/lib/thumb/v7e-m+fp/hard\libc_nano.a
LOAD c:/st/stm32cubeide_1.11.0/stm32cubeide/plugins/com.st.stm32cube.ide.mcu.externaltools.gnu-tools-for-stm32.10.3-2021.10.win32_1.0.100.202210260954/tools/bin/../lib/gcc/arm-none-eabi/10.3.1/../../../../arm-none-eabi/lib/thumb/v7e-m+fp/hard\libm.a
END GROUP
START GROUP
LOAD c:/st/stm32cubeide_1.11.0/stm32cubeide/plugins/com.st.stm32cube.ide.mcu.externaltools.gnu-tools-for-stm32.10.3-2021.10.win32_1.0.100.202210260954/tools/bin/../lib/gcc/arm-none-eabi/10.3.1/thumb/v7e-m+fp/hard\libgcc.a
LOAD c:/st/stm32cubeide_1.11.0/stm32cubeide/plugins/com.st.stm32cube.ide.mcu.externaltools.gnu-tools-for-stm32.10.3-2021.10.win32_1.0.100.202210260954/tools/bin/../lib/gcc/arm-none-eabi/10.3.1/../../../../arm-none-eabi/lib/thumb/v7e-m+fp/hard\libc_nano.a
END GROUP
START GROUP
LOAD c:/st/stm32cubeide_1.11.0/stm32cubeide/plugins/com.st.stm32cube.ide.mcu.externaltools.gnu-tools-for-stm32.10.3-2021.10.win32_1.0.100.202210260954/tools/bin/../lib/gcc/arm-none-eabi/10.3.1/thumb/v7e-m+fp/hard\libgcc.a
LOAD c:/st/stm32cubeide_1.11.0/stm32cubeide/plugins/com.st.stm32cube.ide.mcu.externaltools.gnu-tools-for-stm32.10.3-2021.10.win32_1.0.100.202210260954/tools/bin/../lib/gcc/arm-none-eabi/10.3.1/../../../../arm-none-eabi/lib/thumb/v7e-m+fp/hard\libc_nano.a
LOAD c:/st/stm32cubeide_1.11.0/stm32cubeide/plugins/com.st.stm32cube.ide.mcu.externaltools.gnu-tools-for-stm32.10.3-2021.10.win32_1.0.100.202210260954/tools/bin/../lib/gcc/arm-none-eabi/10.3.1/../../../../arm-none-eabi/lib/thumb/v7e-m+fp/hard\libnosys.a
END GROUP
START GROUP
LOAD c:/st/stm32cubeide_1.11.0/stm32cubeide/plugins/com.st.stm32cube.ide.mcu.externaltools.gnu-tools-for-stm32.10.3-2021.10.win32_1.0.100.202210260954/tools/bin/../lib/gcc/arm-none-eabi/10.3.1/thumb/v7e-m+fp/hard\libgcc.a
LOAD c:/st/stm32cubeide_1.11.0/stm32cubeide/plugins/com.st.stm32cube.ide.mcu.externaltools.gnu-tools-for-stm32.10.3-2021.10.win32_1.0.100.202210260954/tools/bin/../lib/gcc/arm-none-eabi/10.3.1/../../../../arm-none-eabi/lib/thumb/v7e-m+fp/hard\libc_nano.a
LOAD c:/st/stm32cubeide_1.11.0/stm32cubeide/plugins/com.st.stm32cube.ide.mcu.externaltools.gnu-tools-for-stm32.10.3-2021.10.win32_1.0.100.202210260954/tools/bin/../lib/gcc/arm-none-eabi/10.3.1/../../../../arm-none-eabi/lib/thumb/v7e-m+fp/hard\libnosys.a
END GROUP
LOAD c:/st/stm32cubeide_1.11.0/stm32cubeide/plugins/com.st.stm32cube.ide.mcu.externaltools.gnu-tools-for-stm32.10.3-2021.10.win32_1.0.100.202210260954/tools/bin/../lib/gcc/arm-none-eabi/10.3.1/thumb/v7e-m+fp/hard/crtend.o
LOAD c:/st/stm32cubeide_1.11.0/stm32cubeide/plugins/com.st.stm32cube.ide.mcu.externaltools.gnu-tools-for-stm32.10.3-2021.10.win32_1.0.100.202210260954/tools/bin/../lib/gcc/arm-none-eabi/10.3.1/thumb/v7e-m+fp/hard/crtn.o
                0x0000000020018000                _estack = (ORIGIN (RAM) + LENGTH (RAM))
                0x0000000000000200                _Min_Heap_Size = 0x200
                0x0000000000000400                _Min_Stack_Size = 0x400

.isr_vector     0x0000000008000000      0x194
                0x0000000008000000                . = ALIGN (0x4)
 *(.isr_vector)
 .isr_vector    0x0000000008000000      0x194 ./Core/Startup/startup_stm32f401retx.o
                0x0000000008000000                g_pfnVectors
                0x0000000008000194                . = ALIGN (0x4)

.text           0x00000000080001a0     0x646c
                0x00000000080001a0                . = ALIGN (0x4)
 *(.text)
 .text          0x00000000080001a0       0x40 c:/st/stm32cubeide_1.11.0/stm32cubeide/plugins/com.st.stm32cube.ide.mcu.externaltools.gnu-tools-for-stm32.10.3-2021.10.win32_1.0.100.202210260954/tools/bin/../lib/gcc/arm-none-eabi/10.3.1/thumb/v7e-m+fp/hard/crtbegin.o
 .text          0x00000000080001e0       0x30 c:/st/stm32cubeide_1.11.0/stm32cubeide/plugins/com.st.stm32cube.ide.mcu.externaltools.gnu-tools-for-stm32.10.3-2021.10.win32_1.0.100.202210260954/tools/bin/../lib/gcc/arm-none-eabi/10.3.1/thumb/v7e-m+fp/hard\libgcc.a(_aeabi_uldivmod.o)
                0x00000000080001e0                __aeabi_uldivmod
 .text          0x0000000008000210      0x2d0 c:/st/stm32cubeide_1.11.0/stm32cubeide/plugins/com.st.stm32cube.ide.mcu.externaltools.gnu-tools-for-stm32.10.3-2021.10.win32_1.0.100.202210260954/tools/bin/../lib/gcc/arm-none-eabi/10.3.1/thumb/v7e-m+fp/hard\libgcc.a(_udivmoddi4.o)
                0x0000000008000210                __udivmoddi4
 .text          0x00000000080004e0        0x4 c:/st/stm32cubeide_1.11.0/stm32cubeide/plugins/com.st.stm32cube.ide.mcu.externaltools.gnu-tools-for-stm32.10.3-2021.10.win32_1.0.100.202210260954/tools/bin/../lib/gcc/arm-none-eabi/10.3.1/thumb/v7e-m+fp/hard\libgcc.a(_dvmd_tls.o)
                0x00000000080004e0                __aeabi_idiv0
                0x00000000080004e0                __aeabi_ldiv0
 *(.text*)
 .text.vApplicationGetIdleTaskMemory
                0x00000000080004e4       0x34 ./Core/Src/freertos.o
                0x00000000080004e4                vApplicationGetIdleTaskMemory
 .text.int_to_char
                0x0000000008000518       0x94 ./Core/Src/main.o
                0x0000000008000518                int_to_char
 .text.map      0x00000000080005ac       0x5c ./Core/Src/main.o
                0x00000000080005ac                map
 .text.grafico  0x0000000008000608      0x11a ./Core/Src/main.o
                0x0000000008000608                grafico
 *fill*         0x0000000008000722        0x2 
 .text.senoidal_moviendose
                0x0000000008000724      0x1e4 ./Core/Src/main.o
                0x0000000008000724                senoidal_moviendose
 .text.Mostrar_pantalla
                0x0000000008000908       0x48 ./Core/Src/main.o
                0x0000000008000908                Mostrar_pantalla
 .text.HAL_ADC_ConvCpltCallback
                0x0000000008000950       0x4c ./Core/Src/main.o
                0x0000000008000950                HAL_ADC_ConvCpltCallback
 .text.Init_Sistema
                0x000000000800099c       0x38 ./Core/Src/main.o
                0x000000000800099c                Init_Sistema
 .text.main     0x00000000080009d4       0x64 ./Core/Src/main.o
                0x00000000080009d4                main
 .text.SystemClock_Config
                0x0000000008000a38       0xd8 ./Core/Src/main.o
                0x0000000008000a38                SystemClock_Config
 .text.MX_ADC1_Init
                0x0000000008000b10       0xa4 ./Core/Src/main.o
 .text.MX_I2C1_Init
                0x0000000008000bb4       0x5c ./Core/Src/main.o
 .text.MX_TIM2_Init
                0x0000000008000c10       0xb0 ./Core/Src/main.o
 .text.MX_USART2_UART_Init
                0x0000000008000cc0       0x54 ./Core/Src/main.o
 .text.MX_DMA_Init
                0x0000000008000d14       0x40 ./Core/Src/main.o
 .text.MX_GPIO_Init
                0x0000000008000d54       0xdc ./Core/Src/main.o
 .text.HAL_TIM_PeriodElapsedCallback
                0x0000000008000e30       0x24 ./Core/Src/main.o
                0x0000000008000e30                HAL_TIM_PeriodElapsedCallback
 .text.Error_Handler
                0x0000000008000e54        0xa ./Core/Src/main.o
                0x0000000008000e54                Error_Handler
 *fill*         0x0000000008000e5e        0x2 
 .text.ssd1306_WriteCommand
                0x0000000008000e60       0x30 ./Core/Src/ssd1306.o
                0x0000000008000e60                ssd1306_WriteCommand
 .text.ssd1306_WriteData
                0x0000000008000e90       0x34 ./Core/Src/ssd1306.o
                0x0000000008000e90                ssd1306_WriteData
 .text.ssd1306_Init
                0x0000000008000ec4       0xcc ./Core/Src/ssd1306.o
                0x0000000008000ec4                ssd1306_Init
 .text.ssd1306_Fill
                0x0000000008000f90       0x48 ./Core/Src/ssd1306.o
                0x0000000008000f90                ssd1306_Fill
 .text.ssd1306_UpdateScreen
                0x0000000008000fd8       0x50 ./Core/Src/ssd1306.o
                0x0000000008000fd8                ssd1306_UpdateScreen
 .text.ssd1306_DrawPixel
                0x0000000008001028       0xa8 ./Core/Src/ssd1306.o
                0x0000000008001028                ssd1306_DrawPixel
 .text.ssd1306_WriteChar
                0x00000000080010d0      0x110 ./Core/Src/ssd1306.o
                0x00000000080010d0                ssd1306_WriteChar
 .text.ssd1306_WriteString
                0x00000000080011e0       0x4c ./Core/Src/ssd1306.o
                0x00000000080011e0                ssd1306_WriteString
 .text.ssd1306_SetCursor
                0x000000000800122c       0x30 ./Core/Src/ssd1306.o
                0x000000000800122c                ssd1306_SetCursor
 .text.ssd1306_Line
                0x000000000800125c       0xd8 ./Core/Src/ssd1306.o
                0x000000000800125c                ssd1306_Line
 .text.ssd1306_VLine
                0x0000000008001334       0x3e ./Core/Src/ssd1306.o
                0x0000000008001334                ssd1306_VLine
 .text.ssd1306_HLine
                0x0000000008001372       0x3e ./Core/Src/ssd1306.o
                0x0000000008001372                ssd1306_HLine
 .text.ssd1306_SetContrast
                0x00000000080013b0       0x26 ./Core/Src/ssd1306.o
                0x00000000080013b0                ssd1306_SetContrast
 *fill*         0x00000000080013d6        0x2 
 .text.ssd1306_SetDisplayOn
                0x00000000080013d8       0x3c ./Core/Src/ssd1306.o
                0x00000000080013d8                ssd1306_SetDisplayOn
 .text.HAL_MspInit
                0x0000000008001414       0x58 ./Core/Src/stm32f4xx_hal_msp.o
                0x0000000008001414                HAL_MspInit
 .text.HAL_ADC_MspInit
                0x000000000800146c       0xf0 ./Core/Src/stm32f4xx_hal_msp.o
                0x000000000800146c                HAL_ADC_MspInit
 .text.HAL_I2C_MspInit
                0x000000000800155c       0x90 ./Core/Src/stm32f4xx_hal_msp.o
                0x000000000800155c                HAL_I2C_MspInit
 .text.HAL_TIM_OC_MspInit
                0x00000000080015ec       0x40 ./Core/Src/stm32f4xx_hal_msp.o
                0x00000000080015ec                HAL_TIM_OC_MspInit
 .text.HAL_TIM_MspPostInit
                0x000000000800162c       0x70 ./Core/Src/stm32f4xx_hal_msp.o
                0x000000000800162c                HAL_TIM_MspPostInit
 .text.HAL_UART_MspInit
                0x000000000800169c       0x90 ./Core/Src/stm32f4xx_hal_msp.o
                0x000000000800169c                HAL_UART_MspInit
 .text.HAL_InitTick
                0x000000000800172c       0xe4 ./Core/Src/stm32f4xx_hal_timebase_tim.o
                0x000000000800172c                HAL_InitTick
 .text.NMI_Handler
                0x0000000008001810        0x6 ./Core/Src/stm32f4xx_it.o
                0x0000000008001810                NMI_Handler
 .text.HardFault_Handler
                0x0000000008001816        0x6 ./Core/Src/stm32f4xx_it.o
                0x0000000008001816                HardFault_Handler
 .text.MemManage_Handler
                0x000000000800181c        0x6 ./Core/Src/stm32f4xx_it.o
                0x000000000800181c                MemManage_Handler
 .text.BusFault_Handler
                0x0000000008001822        0x6 ./Core/Src/stm32f4xx_it.o
                0x0000000008001822                BusFault_Handler
 .text.UsageFault_Handler
                0x0000000008001828        0x6 ./Core/Src/stm32f4xx_it.o
                0x0000000008001828                UsageFault_Handler
 .text.DebugMon_Handler
                0x000000000800182e        0xe ./Core/Src/stm32f4xx_it.o
                0x000000000800182e                DebugMon_Handler
 .text.TIM1_UP_TIM10_IRQHandler
                0x000000000800183c       0x14 ./Core/Src/stm32f4xx_it.o
                0x000000000800183c                TIM1_UP_TIM10_IRQHandler
 .text.DMA2_Stream0_IRQHandler
                0x0000000008001850       0x14 ./Core/Src/stm32f4xx_it.o
                0x0000000008001850                DMA2_Stream0_IRQHandler
 .text.SystemInit
                0x0000000008001864       0x24 ./Core/Src/system_stm32f4xx.o
                0x0000000008001864                SystemInit
 .text.Reset_Handler
                0x0000000008001888       0x50 ./Core/Startup/startup_stm32f401retx.o
                0x0000000008001888                Reset_Handler
 .text.Default_Handler
                0x00000000080018d8        0x2 ./Core/Startup/startup_stm32f401retx.o
                0x00000000080018d8                RTC_Alarm_IRQHandler
                0x00000000080018d8                EXTI2_IRQHandler
                0x00000000080018d8                SPI4_IRQHandler
                0x00000000080018d8                TIM1_CC_IRQHandler
                0x00000000080018d8                DMA2_Stream5_IRQHandler
                0x00000000080018d8                DMA1_Stream5_IRQHandler
                0x00000000080018d8                PVD_IRQHandler
                0x00000000080018d8                SDIO_IRQHandler
                0x00000000080018d8                TAMP_STAMP_IRQHandler
                0x00000000080018d8                EXTI3_IRQHandler
                0x00000000080018d8                I2C3_ER_IRQHandler
                0x00000000080018d8                EXTI0_IRQHandler
                0x00000000080018d8                I2C2_EV_IRQHandler
                0x00000000080018d8                DMA1_Stream2_IRQHandler
                0x00000000080018d8                FPU_IRQHandler
                0x00000000080018d8                DMA2_Stream2_IRQHandler
                0x00000000080018d8                SPI1_IRQHandler
                0x00000000080018d8                TIM1_BRK_TIM9_IRQHandler
                0x00000000080018d8                DMA2_Stream3_IRQHandler
                0x00000000080018d8                USART6_IRQHandler
                0x00000000080018d8                TIM4_IRQHandler
                0x00000000080018d8                I2C1_EV_IRQHandler
                0x00000000080018d8                DMA1_Stream6_IRQHandler
                0x00000000080018d8                DMA1_Stream1_IRQHandler
                0x00000000080018d8                TIM3_IRQHandler
                0x00000000080018d8                RCC_IRQHandler
                0x00000000080018d8                Default_Handler
                0x00000000080018d8                EXTI15_10_IRQHandler
                0x00000000080018d8                ADC_IRQHandler
                0x00000000080018d8                DMA1_Stream7_IRQHandler
                0x00000000080018d8                TIM5_IRQHandler
                0x00000000080018d8                DMA2_Stream7_IRQHandler
                0x00000000080018d8                I2C3_EV_IRQHandler
                0x00000000080018d8                EXTI9_5_IRQHandler
                0x00000000080018d8                RTC_WKUP_IRQHandler
                0x00000000080018d8                SPI2_IRQHandler
                0x00000000080018d8                DMA1_Stream0_IRQHandler
                0x00000000080018d8                EXTI4_IRQHandler
                0x00000000080018d8                WWDG_IRQHandler
                0x00000000080018d8                TIM2_IRQHandler
                0x00000000080018d8                OTG_FS_WKUP_IRQHandler
                0x00000000080018d8                TIM1_TRG_COM_TIM11_IRQHandler
                0x00000000080018d8                EXTI1_IRQHandler
                0x00000000080018d8                USART2_IRQHandler
                0x00000000080018d8                I2C2_ER_IRQHandler
                0x00000000080018d8                DMA2_Stream1_IRQHandler
                0x00000000080018d8                FLASH_IRQHandler
                0x00000000080018d8                DMA2_Stream4_IRQHandler
                0x00000000080018d8                USART1_IRQHandler
                0x00000000080018d8                OTG_FS_IRQHandler
                0x00000000080018d8                SPI3_IRQHandler
                0x00000000080018d8                DMA1_Stream4_IRQHandler
                0x00000000080018d8                I2C1_ER_IRQHandler
                0x00000000080018d8                DMA2_Stream6_IRQHandler
                0x00000000080018d8                DMA1_Stream3_IRQHandler
 *fill*         0x00000000080018da        0x2 
 .text.HAL_Init
                0x00000000080018dc       0x44 ./Drivers/STM32F4xx_HAL_Driver/Src/stm32f4xx_hal.o
                0x00000000080018dc                HAL_Init
 .text.HAL_IncTick
                0x0000000008001920       0x28 ./Drivers/STM32F4xx_HAL_Driver/Src/stm32f4xx_hal.o
                0x0000000008001920                HAL_IncTick
 .text.HAL_GetTick
                0x0000000008001948       0x18 ./Drivers/STM32F4xx_HAL_Driver/Src/stm32f4xx_hal.o
                0x0000000008001948                HAL_GetTick
 .text.HAL_ADC_Init
                0x0000000008001960       0x86 ./Drivers/STM32F4xx_HAL_Driver/Src/stm32f4xx_hal_adc.o
                0x0000000008001960                HAL_ADC_Init
 *fill*         0x00000000080019e6        0x2 
 .text.HAL_ADC_Start_DMA
                0x00000000080019e8      0x1e0 ./Drivers/STM32F4xx_HAL_Driver/Src/stm32f4xx_hal_adc.o
                0x00000000080019e8                HAL_ADC_Start_DMA
 .text.HAL_ADC_ConvHalfCpltCallback
                0x0000000008001bc8       0x14 ./Drivers/STM32F4xx_HAL_Driver/Src/stm32f4xx_hal_adc.o
                0x0000000008001bc8                HAL_ADC_ConvHalfCpltCallback
 .text.HAL_ADC_ErrorCallback
                0x0000000008001bdc       0x14 ./Drivers/STM32F4xx_HAL_Driver/Src/stm32f4xx_hal_adc.o
                0x0000000008001bdc                HAL_ADC_ErrorCallback
 .text.HAL_ADC_ConfigChannel
                0x0000000008001bf0      0x244 ./Drivers/STM32F4xx_HAL_Driver/Src/stm32f4xx_hal_adc.o
                0x0000000008001bf0                HAL_ADC_ConfigChannel
 .text.ADC_Init
                0x0000000008001e34      0x1f8 ./Drivers/STM32F4xx_HAL_Driver/Src/stm32f4xx_hal_adc.o
 .text.ADC_DMAConvCplt
                0x000000000800202c       0xba ./Drivers/STM32F4xx_HAL_Driver/Src/stm32f4xx_hal_adc.o
 .text.ADC_DMAHalfConvCplt
                0x00000000080020e6       0x1c ./Drivers/STM32F4xx_HAL_Driver/Src/stm32f4xx_hal_adc.o
 .text.ADC_DMAError
                0x0000000008002102       0x2e ./Drivers/STM32F4xx_HAL_Driver/Src/stm32f4xx_hal_adc.o
 .text.__NVIC_SetPriorityGrouping
                0x0000000008002130       0x48 ./Drivers/STM32F4xx_HAL_Driver/Src/stm32f4xx_hal_cortex.o
 .text.__NVIC_GetPriorityGrouping
                0x0000000008002178       0x1c ./Drivers/STM32F4xx_HAL_Driver/Src/stm32f4xx_hal_cortex.o
 .text.__NVIC_EnableIRQ
                0x0000000008002194       0x3c ./Drivers/STM32F4xx_HAL_Driver/Src/stm32f4xx_hal_cortex.o
 .text.__NVIC_SetPriority
                0x00000000080021d0       0x54 ./Drivers/STM32F4xx_HAL_Driver/Src/stm32f4xx_hal_cortex.o
 .text.NVIC_EncodePriority
                0x0000000008002224       0x66 ./Drivers/STM32F4xx_HAL_Driver/Src/stm32f4xx_hal_cortex.o
 .text.HAL_NVIC_SetPriorityGrouping
                0x000000000800228a       0x16 ./Drivers/STM32F4xx_HAL_Driver/Src/stm32f4xx_hal_cortex.o
                0x000000000800228a                HAL_NVIC_SetPriorityGrouping
 .text.HAL_NVIC_SetPriority
                0x00000000080022a0       0x38 ./Drivers/STM32F4xx_HAL_Driver/Src/stm32f4xx_hal_cortex.o
                0x00000000080022a0                HAL_NVIC_SetPriority
 .text.HAL_NVIC_EnableIRQ
                0x00000000080022d8       0x1c ./Drivers/STM32F4xx_HAL_Driver/Src/stm32f4xx_hal_cortex.o
                0x00000000080022d8                HAL_NVIC_EnableIRQ
 .text.HAL_DMA_Init
                0x00000000080022f4      0x15c ./Drivers/STM32F4xx_HAL_Driver/Src/stm32f4xx_hal_dma.o
                0x00000000080022f4                HAL_DMA_Init
 .text.HAL_DMA_Start_IT
                0x0000000008002450       0xb0 ./Drivers/STM32F4xx_HAL_Driver/Src/stm32f4xx_hal_dma.o
                0x0000000008002450                HAL_DMA_Start_IT
 .text.HAL_DMA_IRQHandler
                0x0000000008002500      0x314 ./Drivers/STM32F4xx_HAL_Driver/Src/stm32f4xx_hal_dma.o
                0x0000000008002500                HAL_DMA_IRQHandler
 .text.DMA_SetConfig
                0x0000000008002814       0x5c ./Drivers/STM32F4xx_HAL_Driver/Src/stm32f4xx_hal_dma.o
 .text.DMA_CalcBaseAndBitshift
                0x0000000008002870       0x6c ./Drivers/STM32F4xx_HAL_Driver/Src/stm32f4xx_hal_dma.o
 .text.DMA_CheckFifoParam
                0x00000000080028dc       0xf8 ./Drivers/STM32F4xx_HAL_Driver/Src/stm32f4xx_hal_dma.o
 .text.HAL_GPIO_Init
                0x00000000080029d4      0x308 ./Drivers/STM32F4xx_HAL_Driver/Src/stm32f4xx_hal_gpio.o
                0x00000000080029d4                HAL_GPIO_Init
 .text.HAL_GPIO_WritePin
                0x0000000008002cdc       0x32 ./Drivers/STM32F4xx_HAL_Driver/Src/stm32f4xx_hal_gpio.o
                0x0000000008002cdc                HAL_GPIO_WritePin
 *fill*         0x0000000008002d0e        0x2 
 .text.HAL_I2C_Init
                0x0000000008002d10      0x288 ./Drivers/STM32F4xx_HAL_Driver/Src/stm32f4xx_hal_i2c.o
                0x0000000008002d10                HAL_I2C_Init
 .text.HAL_I2C_Mem_Write
                0x0000000008002f98      0x1f4 ./Drivers/STM32F4xx_HAL_Driver/Src/stm32f4xx_hal_i2c.o
                0x0000000008002f98                HAL_I2C_Mem_Write
 .text.I2C_RequestMemoryWrite
                0x000000000800318c      0x12c ./Drivers/STM32F4xx_HAL_Driver/Src/stm32f4xx_hal_i2c.o
 .text.I2C_WaitOnFlagUntilTimeout
                0x00000000080032b8       0xae ./Drivers/STM32F4xx_HAL_Driver/Src/stm32f4xx_hal_i2c.o
 .text.I2C_WaitOnMasterAddressFlagUntilTimeout
                0x0000000008003366       0xfe ./Drivers/STM32F4xx_HAL_Driver/Src/stm32f4xx_hal_i2c.o
 .text.I2C_WaitOnTXEFlagUntilTimeout
                0x0000000008003464       0x82 ./Drivers/STM32F4xx_HAL_Driver/Src/stm32f4xx_hal_i2c.o
 .text.I2C_WaitOnBTFFlagUntilTimeout
                0x00000000080034e6       0x82 ./Drivers/STM32F4xx_HAL_Driver/Src/stm32f4xx_hal_i2c.o
 .text.I2C_IsAcknowledgeFailed
                0x0000000008003568       0x5e ./Drivers/STM32F4xx_HAL_Driver/Src/stm32f4xx_hal_i2c.o
 *fill*         0x00000000080035c6        0x2 
 .text.HAL_RCC_OscConfig
                0x00000000080035c8      0x4f0 ./Drivers/STM32F4xx_HAL_Driver/Src/stm32f4xx_hal_rcc.o
                0x00000000080035c8                HAL_RCC_OscConfig
 .text.HAL_RCC_ClockConfig
                0x0000000008003ab8      0x1cc ./Drivers/STM32F4xx_HAL_Driver/Src/stm32f4xx_hal_rcc.o
                0x0000000008003ab8                HAL_RCC_ClockConfig
 .text.HAL_RCC_GetSysClockFreq
                0x0000000008003c84      0x20c ./Drivers/STM32F4xx_HAL_Driver/Src/stm32f4xx_hal_rcc.o
                0x0000000008003c84                HAL_RCC_GetSysClockFreq
 .text.HAL_RCC_GetHCLKFreq
                0x0000000008003e90       0x18 ./Drivers/STM32F4xx_HAL_Driver/Src/stm32f4xx_hal_rcc.o
                0x0000000008003e90                HAL_RCC_GetHCLKFreq
 .text.HAL_RCC_GetPCLK1Freq
                0x0000000008003ea8       0x28 ./Drivers/STM32F4xx_HAL_Driver/Src/stm32f4xx_hal_rcc.o
                0x0000000008003ea8                HAL_RCC_GetPCLK1Freq
 .text.HAL_RCC_GetPCLK2Freq
                0x0000000008003ed0       0x28 ./Drivers/STM32F4xx_HAL_Driver/Src/stm32f4xx_hal_rcc.o
                0x0000000008003ed0                HAL_RCC_GetPCLK2Freq
 .text.HAL_RCC_GetClockConfig
                0x0000000008003ef8       0x64 ./Drivers/STM32F4xx_HAL_Driver/Src/stm32f4xx_hal_rcc.o
                0x0000000008003ef8                HAL_RCC_GetClockConfig
 .text.HAL_TIM_Base_Init
                0x0000000008003f5c       0x9e ./Drivers/STM32F4xx_HAL_Driver/Src/stm32f4xx_hal_tim.o
                0x0000000008003f5c                HAL_TIM_Base_Init
 .text.HAL_TIM_Base_MspInit
                0x0000000008003ffa       0x14 ./Drivers/STM32F4xx_HAL_Driver/Src/stm32f4xx_hal_tim.o
                0x0000000008003ffa                HAL_TIM_Base_MspInit
 *fill*         0x000000000800400e        0x2 
 .text.HAL_TIM_Base_Start_IT
                0x0000000008004010       0xc4 ./Drivers/STM32F4xx_HAL_Driver/Src/stm32f4xx_hal_tim.o
                0x0000000008004010                HAL_TIM_Base_Start_IT
 .text.HAL_TIM_OC_Init
                0x00000000080040d4       0x9e ./Drivers/STM32F4xx_HAL_Driver/Src/stm32f4xx_hal_tim.o
                0x00000000080040d4                HAL_TIM_OC_Init
 *fill*         0x0000000008004172        0x2 
 .text.HAL_TIM_OC_Start
                0x0000000008004174      0x160 ./Drivers/STM32F4xx_HAL_Driver/Src/stm32f4xx_hal_tim.o
                0x0000000008004174                HAL_TIM_OC_Start
 .text.HAL_TIM_IRQHandler
                0x00000000080042d4      0x210 ./Drivers/STM32F4xx_HAL_Driver/Src/stm32f4xx_hal_tim.o
                0x00000000080042d4                HAL_TIM_IRQHandler
 .text.HAL_TIM_OC_ConfigChannel
                0x00000000080044e4       0xb8 ./Drivers/STM32F4xx_HAL_Driver/Src/stm32f4xx_hal_tim.o
                0x00000000080044e4                HAL_TIM_OC_ConfigChannel
 .text.HAL_TIM_OC_DelayElapsedCallback
                0x000000000800459c       0x14 ./Drivers/STM32F4xx_HAL_Driver/Src/stm32f4xx_hal_tim.o
                0x000000000800459c                HAL_TIM_OC_DelayElapsedCallback
 .text.HAL_TIM_IC_CaptureCallback
                0x00000000080045b0       0x14 ./Drivers/STM32F4xx_HAL_Driver/Src/stm32f4xx_hal_tim.o
                0x00000000080045b0                HAL_TIM_IC_CaptureCallback
 .text.HAL_TIM_PWM_PulseFinishedCallback
                0x00000000080045c4       0x14 ./Drivers/STM32F4xx_HAL_Driver/Src/stm32f4xx_hal_tim.o
                0x00000000080045c4                HAL_TIM_PWM_PulseFinishedCallback
 .text.HAL_TIM_TriggerCallback
                0x00000000080045d8       0x14 ./Drivers/STM32F4xx_HAL_Driver/Src/stm32f4xx_hal_tim.o
                0x00000000080045d8                HAL_TIM_TriggerCallback
 .text.TIM_Base_SetConfig
                0x00000000080045ec      0x100 ./Drivers/STM32F4xx_HAL_Driver/Src/stm32f4xx_hal_tim.o
                0x00000000080045ec                TIM_Base_SetConfig
 .text.TIM_OC1_SetConfig
                0x00000000080046ec       0xcc ./Drivers/STM32F4xx_HAL_Driver/Src/stm32f4xx_hal_tim.o
 .text.TIM_OC2_SetConfig
                0x00000000080047b8       0xd8 ./Drivers/STM32F4xx_HAL_Driver/Src/stm32f4xx_hal_tim.o
                0x00000000080047b8                TIM_OC2_SetConfig
 .text.TIM_OC3_SetConfig
                0x0000000008004890       0xd4 ./Drivers/STM32F4xx_HAL_Driver/Src/stm32f4xx_hal_tim.o
 .text.TIM_OC4_SetConfig
                0x0000000008004964       0xa0 ./Drivers/STM32F4xx_HAL_Driver/Src/stm32f4xx_hal_tim.o
 .text.TIM_CCxChannelCmd
                0x0000000008004a04       0x4a ./Drivers/STM32F4xx_HAL_Driver/Src/stm32f4xx_hal_tim.o
                0x0000000008004a04                TIM_CCxChannelCmd
 *fill*         0x0000000008004a4e        0x2 
 .text.HAL_TIMEx_MasterConfigSynchronization
                0x0000000008004a50       0xdc ./Drivers/STM32F4xx_HAL_Driver/Src/stm32f4xx_hal_tim_ex.o
                0x0000000008004a50                HAL_TIMEx_MasterConfigSynchronization
 .text.HAL_TIMEx_CommutCallback
                0x0000000008004b2c       0x14 ./Drivers/STM32F4xx_HAL_Driver/Src/stm32f4xx_hal_tim_ex.o
                0x0000000008004b2c                HAL_TIMEx_CommutCallback
 .text.HAL_TIMEx_BreakCallback
                0x0000000008004b40       0x14 ./Drivers/STM32F4xx_HAL_Driver/Src/stm32f4xx_hal_tim_ex.o
                0x0000000008004b40                HAL_TIMEx_BreakCallback
 .text.HAL_UART_Init
                0x0000000008004b54       0x9a ./Drivers/STM32F4xx_HAL_Driver/Src/stm32f4xx_hal_uart.o
                0x0000000008004b54                HAL_UART_Init
 *fill*         0x0000000008004bee        0x2 
 .text.UART_SetConfig
                0x0000000008004bf0      0x4e8 ./Drivers/STM32F4xx_HAL_Driver/Src/stm32f4xx_hal_uart.o
 .text.vListInitialise
                0x00000000080050d8       0x40 ./Middlewares/Third_Party/FreeRTOS/Source/list.o
                0x00000000080050d8                vListInitialise
 .text.vListInitialiseItem
                0x0000000008005118       0x1a ./Middlewares/Third_Party/FreeRTOS/Source/list.o
                0x0000000008005118                vListInitialiseItem
 .text.vListInsertEnd
                0x0000000008005132       0x48 ./Middlewares/Third_Party/FreeRTOS/Source/list.o
                0x0000000008005132                vListInsertEnd
 .text.vListInsert
                0x000000000800517a       0x72 ./Middlewares/Third_Party/FreeRTOS/Source/list.o
                0x000000000800517a                vListInsert
 .text.uxListRemove
                0x00000000080051ec       0x54 ./Middlewares/Third_Party/FreeRTOS/Source/list.o
                0x00000000080051ec                uxListRemove
 .text.xTaskCreateStatic
                0x0000000008005240       0xba ./Middlewares/Third_Party/FreeRTOS/Source/tasks.o
                0x0000000008005240                xTaskCreateStatic
 .text.xTaskCreate
                0x00000000080052fa       0x8a ./Middlewares/Third_Party/FreeRTOS/Source/tasks.o
                0x00000000080052fa                xTaskCreate
 .text.prvInitialiseNewTask
                0x0000000008005384      0x10e ./Middlewares/Third_Party/FreeRTOS/Source/tasks.o
 *fill*         0x0000000008005492        0x2 
 .text.prvAddNewTaskToReadyList
                0x0000000008005494       0xd4 ./Middlewares/Third_Party/FreeRTOS/Source/tasks.o
 .text.vTaskDelete
                0x0000000008005568      0x120 ./Middlewares/Third_Party/FreeRTOS/Source/tasks.o
                0x0000000008005568                vTaskDelete
 .text.vTaskDelay
                0x0000000008005688       0x68 ./Middlewares/Third_Party/FreeRTOS/Source/tasks.o
                0x0000000008005688                vTaskDelay
 .text.vTaskStartScheduler
                0x00000000080056f0       0xc0 ./Middlewares/Third_Party/FreeRTOS/Source/tasks.o
                0x00000000080056f0                vTaskStartScheduler
 .text.vTaskSuspendAll
                0x00000000080057b0       0x1c ./Middlewares/Third_Party/FreeRTOS/Source/tasks.o
                0x00000000080057b0                vTaskSuspendAll
 .text.xTaskResumeAll
                0x00000000080057cc      0x138 ./Middlewares/Third_Party/FreeRTOS/Source/tasks.o
                0x00000000080057cc                xTaskResumeAll
 .text.xTaskIncrementTick
                0x0000000008005904      0x170 ./Middlewares/Third_Party/FreeRTOS/Source/tasks.o
                0x0000000008005904                xTaskIncrementTick
 .text.vTaskSwitchContext
                0x0000000008005a74       0xb8 ./Middlewares/Third_Party/FreeRTOS/Source/tasks.o
                0x0000000008005a74                vTaskSwitchContext
 .text.prvIdleTask
                0x0000000008005b2c       0x30 ./Middlewares/Third_Party/FreeRTOS/Source/tasks.o
 .text.prvInitialiseTaskLists
                0x0000000008005b5c       0x80 ./Middlewares/Third_Party/FreeRTOS/Source/tasks.o
 .text.prvCheckTasksWaitingTermination
                0x0000000008005bdc       0x5c ./Middlewares/Third_Party/FreeRTOS/Source/tasks.o
 .text.prvDeleteTCB
                0x0000000008005c38       0x5e ./Middlewares/Third_Party/FreeRTOS/Source/tasks.o
 *fill*         0x0000000008005c96        0x2 
 .text.prvResetNextTaskUnblockTime
                0x0000000008005c98       0x40 ./Middlewares/Third_Party/FreeRTOS/Source/tasks.o
 .text.prvAddCurrentTaskToDelayedList
                0x0000000008005cd8       0xcc ./Middlewares/Third_Party/FreeRTOS/Source/tasks.o
 .text.pxPortInitialiseStack
                0x0000000008005da4       0x68 ./Middlewares/Third_Party/FreeRTOS/Source/portable/GCC/ARM_CM4F/port.o
                0x0000000008005da4                pxPortInitialiseStack
 .text.prvTaskExitError
                0x0000000008005e0c       0x58 ./Middlewares/Third_Party/FreeRTOS/Source/portable/GCC/ARM_CM4F/port.o
 *fill*         0x0000000008005e64        0xc 
 .text.SVC_Handler
                0x0000000008005e70       0x28 ./Middlewares/Third_Party/FreeRTOS/Source/portable/GCC/ARM_CM4F/port.o
                0x0000000008005e70                SVC_Handler
 .text.prvPortStartFirstTask
                0x0000000008005e98       0x28 ./Middlewares/Third_Party/FreeRTOS/Source/portable/GCC/ARM_CM4F/port.o
 .text.xPortStartScheduler
                0x0000000008005ec0      0x144 ./Middlewares/Third_Party/FreeRTOS/Source/portable/GCC/ARM_CM4F/port.o
                0x0000000008005ec0                xPortStartScheduler
 .text.vPortEnterCritical
                0x0000000008006004       0x60 ./Middlewares/Third_Party/FreeRTOS/Source/portable/GCC/ARM_CM4F/port.o
                0x0000000008006004                vPortEnterCritical
 .text.vPortExitCritical
                0x0000000008006064       0x54 ./Middlewares/Third_Party/FreeRTOS/Source/portable/GCC/ARM_CM4F/port.o
                0x0000000008006064                vPortExitCritical
 *fill*         0x00000000080060b8        0x8 
 .text.PendSV_Handler
                0x00000000080060c0       0x68 ./Middlewares/Third_Party/FreeRTOS/Source/portable/GCC/ARM_CM4F/port.o
                0x00000000080060c0                PendSV_Handler
 .text.SysTick_Handler
                0x0000000008006128       0x44 ./Middlewares/Third_Party/FreeRTOS/Source/portable/GCC/ARM_CM4F/port.o
                0x0000000008006128                SysTick_Handler
 .text.vPortSetupTimerInterrupt
                0x000000000800616c       0x48 ./Middlewares/Third_Party/FreeRTOS/Source/portable/GCC/ARM_CM4F/port.o
                0x000000000800616c                vPortSetupTimerInterrupt
 .text.vPortEnableVFP
                0x00000000080061b4       0x14 ./Middlewares/Third_Party/FreeRTOS/Source/portable/GCC/ARM_CM4F/port.o
 .text.pvPortMalloc
                0x00000000080061c8      0x198 ./Middlewares/Third_Party/FreeRTOS/Source/portable/MemMang/heap_4.o
                0x00000000080061c8                pvPortMalloc
 .text.vPortFree
                0x0000000008006360       0xc4 ./Middlewares/Third_Party/FreeRTOS/Source/portable/MemMang/heap_4.o
                0x0000000008006360                vPortFree
 .text.prvHeapInit
                0x0000000008006424       0xc4 ./Middlewares/Third_Party/FreeRTOS/Source/portable/MemMang/heap_4.o
 .text.prvInsertBlockIntoFreeList
                0x00000000080064e8       0xb4 ./Middlewares/Third_Party/FreeRTOS/Source/portable/MemMang/heap_4.o
 .text.__libc_init_array
                0x000000000800659c       0x48 c:/st/stm32cubeide_1.11.0/stm32cubeide/plugins/com.st.stm32cube.ide.mcu.externaltools.gnu-tools-for-stm32.10.3-2021.10.win32_1.0.100.202210260954/tools/bin/../lib/gcc/arm-none-eabi/10.3.1/../../../../arm-none-eabi/lib/thumb/v7e-m+fp/hard\libc_nano.a(lib_a-init.o)
                0x000000000800659c                __libc_init_array
 .text.memset   0x00000000080065e4       0x10 c:/st/stm32cubeide_1.11.0/stm32cubeide/plugins/com.st.stm32cube.ide.mcu.externaltools.gnu-tools-for-stm32.10.3-2021.10.win32_1.0.100.202210260954/tools/bin/../lib/gcc/arm-none-eabi/10.3.1/../../../../arm-none-eabi/lib/thumb/v7e-m+fp/hard\libc_nano.a(lib_a-memset.o)
                0x00000000080065e4                memset
 *(.glue_7)
 .glue_7        0x00000000080065f4        0x0 linker stubs
 *(.glue_7t)
 .glue_7t       0x00000000080065f4        0x0 linker stubs
 *(.eh_frame)
 .eh_frame      0x00000000080065f4        0x0 c:/st/stm32cubeide_1.11.0/stm32cubeide/plugins/com.st.stm32cube.ide.mcu.externaltools.gnu-tools-for-stm32.10.3-2021.10.win32_1.0.100.202210260954/tools/bin/../lib/gcc/arm-none-eabi/10.3.1/thumb/v7e-m+fp/hard/crtbegin.o
 *(.init)
 .init          0x00000000080065f4        0x4 c:/st/stm32cubeide_1.11.0/stm32cubeide/plugins/com.st.stm32cube.ide.mcu.externaltools.gnu-tools-for-stm32.10.3-2021.10.win32_1.0.100.202210260954/tools/bin/../lib/gcc/arm-none-eabi/10.3.1/thumb/v7e-m+fp/hard/crti.o
                0x00000000080065f4                _init
 .init          0x00000000080065f8        0x8 c:/st/stm32cubeide_1.11.0/stm32cubeide/plugins/com.st.stm32cube.ide.mcu.externaltools.gnu-tools-for-stm32.10.3-2021.10.win32_1.0.100.202210260954/tools/bin/../lib/gcc/arm-none-eabi/10.3.1/thumb/v7e-m+fp/hard/crtn.o
 *(.fini)
 .fini          0x0000000008006600        0x4 c:/st/stm32cubeide_1.11.0/stm32cubeide/plugins/com.st.stm32cube.ide.mcu.externaltools.gnu-tools-for-stm32.10.3-2021.10.win32_1.0.100.202210260954/tools/bin/../lib/gcc/arm-none-eabi/10.3.1/thumb/v7e-m+fp/hard/crti.o
                0x0000000008006600                _fini
 .fini          0x0000000008006604        0x8 c:/st/stm32cubeide_1.11.0/stm32cubeide/plugins/com.st.stm32cube.ide.mcu.externaltools.gnu-tools-for-stm32.10.3-2021.10.win32_1.0.100.202210260954/tools/bin/../lib/gcc/arm-none-eabi/10.3.1/thumb/v7e-m+fp/hard/crtn.o
                0x000000000800660c                . = ALIGN (0x4)
                0x000000000800660c                _etext = .

.vfp11_veneer   0x000000000800660c        0x0
 .vfp11_veneer  0x000000000800660c        0x0 linker stubs

.v4_bx          0x000000000800660c        0x0
 .v4_bx         0x000000000800660c        0x0 linker stubs

.iplt           0x000000000800660c        0x0
 .iplt          0x000000000800660c        0x0 c:/st/stm32cubeide_1.11.0/stm32cubeide/plugins/com.st.stm32cube.ide.mcu.externaltools.gnu-tools-for-stm32.10.3-2021.10.win32_1.0.100.202210260954/tools/bin/../lib/gcc/arm-none-eabi/10.3.1/thumb/v7e-m+fp/hard/crtbegin.o

.rodata         0x000000000800660c      0x638
                0x000000000800660c                . = ALIGN (0x4)
 *(.rodata)
 .rodata        0x000000000800660c       0x20 ./Core/Src/main.o
 .rodata        0x000000000800662c        0x5 ./Middlewares/Third_Party/FreeRTOS/Source/tasks.o
 *(.rodata*)
 *fill*         0x0000000008006631        0x3 
 .rodata.Font6x8
                0x0000000008006634      0x5f0 ./Core/Src/ssd1306_fonts.o
 .rodata.AHBPrescTable
                0x0000000008006c24       0x10 ./Core/Src/system_stm32f4xx.o
                0x0000000008006c24                AHBPrescTable
 .rodata.APBPrescTable
                0x0000000008006c34        0x8 ./Core/Src/system_stm32f4xx.o
                0x0000000008006c34                APBPrescTable
 .rodata.flagBitshiftOffset.0
                0x0000000008006c3c        0x8 ./Drivers/STM32F4xx_HAL_Driver/Src/stm32f4xx_hal_dma.o
                0x0000000008006c44                . = ALIGN (0x4)

.ARM.extab      0x0000000008006c44        0x0
                0x0000000008006c44                . = ALIGN (0x4)
 *(.ARM.extab* .gnu.linkonce.armextab.*)
                0x0000000008006c44                . = ALIGN (0x4)

.ARM            0x0000000008006c44        0x8
                0x0000000008006c44                . = ALIGN (0x4)
                0x0000000008006c44                __exidx_start = .
 *(.ARM.exidx*)
 .ARM.exidx     0x0000000008006c44        0x8 c:/st/stm32cubeide_1.11.0/stm32cubeide/plugins/com.st.stm32cube.ide.mcu.externaltools.gnu-tools-for-stm32.10.3-2021.10.win32_1.0.100.202210260954/tools/bin/../lib/gcc/arm-none-eabi/10.3.1/thumb/v7e-m+fp/hard\libgcc.a(_udivmoddi4.o)
                0x0000000008006c4c                __exidx_end = .
                0x0000000008006c4c                . = ALIGN (0x4)

.rel.dyn        0x0000000008006c4c        0x0
 .rel.iplt      0x0000000008006c4c        0x0 c:/st/stm32cubeide_1.11.0/stm32cubeide/plugins/com.st.stm32cube.ide.mcu.externaltools.gnu-tools-for-stm32.10.3-2021.10.win32_1.0.100.202210260954/tools/bin/../lib/gcc/arm-none-eabi/10.3.1/thumb/v7e-m+fp/hard/crtbegin.o

.preinit_array  0x0000000008006c4c        0x0
                0x0000000008006c4c                . = ALIGN (0x4)
                0x0000000008006c4c                PROVIDE (__preinit_array_start = .)
 *(.preinit_array*)
                0x0000000008006c4c                PROVIDE (__preinit_array_end = .)
                0x0000000008006c4c                . = ALIGN (0x4)

.init_array     0x0000000008006c4c        0x4
                0x0000000008006c4c                . = ALIGN (0x4)
                0x0000000008006c4c                PROVIDE (__init_array_start = .)
 *(SORT_BY_NAME(.init_array.*))
 *(.init_array*)
 .init_array    0x0000000008006c4c        0x4 c:/st/stm32cubeide_1.11.0/stm32cubeide/plugins/com.st.stm32cube.ide.mcu.externaltools.gnu-tools-for-stm32.10.3-2021.10.win32_1.0.100.202210260954/tools/bin/../lib/gcc/arm-none-eabi/10.3.1/thumb/v7e-m+fp/hard/crtbegin.o
                0x0000000008006c50                PROVIDE (__init_array_end = .)
                0x0000000008006c50                . = ALIGN (0x4)

.fini_array     0x0000000008006c50        0x4
                0x0000000008006c50                . = ALIGN (0x4)
                [!provide]                        PROVIDE (__fini_array_start = .)
 *(SORT_BY_NAME(.fini_array.*))
 *(.fini_array*)
 .fini_array    0x0000000008006c50        0x4 c:/st/stm32cubeide_1.11.0/stm32cubeide/plugins/com.st.stm32cube.ide.mcu.externaltools.gnu-tools-for-stm32.10.3-2021.10.win32_1.0.100.202210260954/tools/bin/../lib/gcc/arm-none-eabi/10.3.1/thumb/v7e-m+fp/hard/crtbegin.o
                [!provide]                        PROVIDE (__fini_array_end = .)
                0x0000000008006c54                . = ALIGN (0x4)
                0x0000000008006c54                _sidata = LOADADDR (.data)

.data           0x0000000020000000       0x24 load address 0x0000000008006c54
                0x0000000020000000                . = ALIGN (0x4)
                0x0000000020000000                _sdata = .
 *(.data)
 *(.data*)
 .data.trigger_level
                0x0000000020000000        0x4 ./Core/Src/main.o
                0x0000000020000000                trigger_level
 .data.trigger_point
                0x0000000020000004        0x4 ./Core/Src/main.o
                0x0000000020000004                trigger_point
 .data.previous_trigger_point.1
                0x0000000020000008        0x4 ./Core/Src/main.o
 .data.Font_6x8
                0x000000002000000c        0x8 ./Core/Src/ssd1306_fonts.o
                0x000000002000000c                Font_6x8
 .data.SystemCoreClock
                0x0000000020000014        0x4 ./Core/Src/system_stm32f4xx.o
                0x0000000020000014                SystemCoreClock
 .data.uwTickPrio
                0x0000000020000018        0x4 ./Drivers/STM32F4xx_HAL_Driver/Src/stm32f4xx_hal.o
                0x0000000020000018                uwTickPrio
 .data.uwTickFreq
                0x000000002000001c        0x1 ./Drivers/STM32F4xx_HAL_Driver/Src/stm32f4xx_hal.o
                0x000000002000001c                uwTickFreq
 *fill*         0x000000002000001d        0x3 
 .data.uxCriticalNesting
                0x0000000020000020        0x4 ./Middlewares/Third_Party/FreeRTOS/Source/portable/GCC/ARM_CM4F/port.o
 *(.RamFunc)
 *(.RamFunc*)
                0x0000000020000024                . = ALIGN (0x4)
                0x0000000020000024                _edata = .

.igot.plt       0x0000000020000024        0x0 load address 0x0000000008006c78
 .igot.plt      0x0000000020000024        0x0 c:/st/stm32cubeide_1.11.0/stm32cubeide/plugins/com.st.stm32cube.ide.mcu.externaltools.gnu-tools-for-stm32.10.3-2021.10.win32_1.0.100.202210260954/tools/bin/../lib/gcc/arm-none-eabi/10.3.1/thumb/v7e-m+fp/hard/crtbegin.o
                0x0000000020000024                . = ALIGN (0x4)

.bss            0x0000000020000024     0x4f10 load address 0x0000000008006c78
                0x0000000020000024                _sbss = .
                0x0000000020000024                __bss_start__ = _sbss
 *(.bss)
 .bss           0x0000000020000024       0x1c c:/st/stm32cubeide_1.11.0/stm32cubeide/plugins/com.st.stm32cube.ide.mcu.externaltools.gnu-tools-for-stm32.10.3-2021.10.win32_1.0.100.202210260954/tools/bin/../lib/gcc/arm-none-eabi/10.3.1/thumb/v7e-m+fp/hard/crtbegin.o
 *(.bss*)
 .bss.xIdleTaskTCBBuffer
                0x0000000020000040       0x54 ./Core/Src/freertos.o
 .bss.xIdleStack
                0x0000000020000094      0x200 ./Core/Src/freertos.o
 .bss.hadc1     0x0000000020000294       0x48 ./Core/Src/main.o
                0x0000000020000294                hadc1
 .bss.hdma_adc1
                0x00000000200002dc       0x60 ./Core/Src/main.o
                0x00000000200002dc                hdma_adc1
 .bss.hi2c1     0x000000002000033c       0x54 ./Core/Src/main.o
                0x000000002000033c                hi2c1
 .bss.htim2     0x0000000020000390       0x48 ./Core/Src/main.o
                0x0000000020000390                htim2
 .bss.huart2    0x00000000200003d8       0x44 ./Core/Src/main.o
                0x00000000200003d8                huart2
 .bss.Dato      0x000000002000041c      0x320 ./Core/Src/main.o
                0x000000002000041c                Dato
 .bss.Buffer    0x000000002000073c      0x320 ./Core/Src/main.o
                0x000000002000073c                Buffer
 .bss.adc_char  0x0000000020000a5c        0xa ./Core/Src/main.o
                0x0000000020000a5c                adc_char
 *fill*         0x0000000020000a66        0x2 
 .bss.flag      0x0000000020000a68        0x4 ./Core/Src/main.o
                0x0000000020000a68                flag
 .bss.erase_buffer.0
                0x0000000020000a6c      0x320 ./Core/Src/main.o
 .bss.SSD1306_Buffer
                0x0000000020000d8c      0x400 ./Core/Src/ssd1306.o
 .bss.SSD1306   0x000000002000118c        0x6 ./Core/Src/ssd1306.o
 *fill*         0x0000000020001192        0x2 
 .bss.htim1     0x0000000020001194       0x48 ./Core/Src/stm32f4xx_hal_timebase_tim.o
                0x0000000020001194                htim1
 .bss.uwTick    0x00000000200011dc        0x4 ./Drivers/STM32F4xx_HAL_Driver/Src/stm32f4xx_hal.o
                0x00000000200011dc                uwTick
 .bss.pxCurrentTCB
                0x00000000200011e0        0x4 ./Middlewares/Third_Party/FreeRTOS/Source/tasks.o
                0x00000000200011e0                pxCurrentTCB
 .bss.pxReadyTasksLists
                0x00000000200011e4       0x8c ./Middlewares/Third_Party/FreeRTOS/Source/tasks.o
 .bss.xDelayedTaskList1
                0x0000000020001270       0x14 ./Middlewares/Third_Party/FreeRTOS/Source/tasks.o
 .bss.xDelayedTaskList2
                0x0000000020001284       0x14 ./Middlewares/Third_Party/FreeRTOS/Source/tasks.o
 .bss.pxDelayedTaskList
                0x0000000020001298        0x4 ./Middlewares/Third_Party/FreeRTOS/Source/tasks.o
 .bss.pxOverflowDelayedTaskList
                0x000000002000129c        0x4 ./Middlewares/Third_Party/FreeRTOS/Source/tasks.o
 .bss.xPendingReadyList
                0x00000000200012a0       0x14 ./Middlewares/Third_Party/FreeRTOS/Source/tasks.o
 .bss.xTasksWaitingTermination
                0x00000000200012b4       0x14 ./Middlewares/Third_Party/FreeRTOS/Source/tasks.o
 .bss.uxDeletedTasksWaitingCleanUp
                0x00000000200012c8        0x4 ./Middlewares/Third_Party/FreeRTOS/Source/tasks.o
 .bss.xSuspendedTaskList
                0x00000000200012cc       0x14 ./Middlewares/Third_Party/FreeRTOS/Source/tasks.o
 .bss.uxCurrentNumberOfTasks
                0x00000000200012e0        0x4 ./Middlewares/Third_Party/FreeRTOS/Source/tasks.o
 .bss.xTickCount
                0x00000000200012e4        0x4 ./Middlewares/Third_Party/FreeRTOS/Source/tasks.o
 .bss.uxTopReadyPriority
                0x00000000200012e8        0x4 ./Middlewares/Third_Party/FreeRTOS/Source/tasks.o
 .bss.xSchedulerRunning
                0x00000000200012ec        0x4 ./Middlewares/Third_Party/FreeRTOS/Source/tasks.o
 .bss.xPendedTicks
                0x00000000200012f0        0x4 ./Middlewares/Third_Party/FreeRTOS/Source/tasks.o
 .bss.xYieldPending
                0x00000000200012f4        0x4 ./Middlewares/Third_Party/FreeRTOS/Source/tasks.o
 .bss.xNumOfOverflows
                0x00000000200012f8        0x4 ./Middlewares/Third_Party/FreeRTOS/Source/tasks.o
 .bss.uxTaskNumber
                0x00000000200012fc        0x4 ./Middlewares/Third_Party/FreeRTOS/Source/tasks.o
 .bss.xNextTaskUnblockTime
                0x0000000020001300        0x4 ./Middlewares/Third_Party/FreeRTOS/Source/tasks.o
 .bss.xIdleTaskHandle
                0x0000000020001304        0x4 ./Middlewares/Third_Party/FreeRTOS/Source/tasks.o
 .bss.uxSchedulerSuspended
                0x0000000020001308        0x4 ./Middlewares/Third_Party/FreeRTOS/Source/tasks.o
 .bss.ucMaxSysCallPriority
                0x000000002000130c        0x1 ./Middlewares/Third_Party/FreeRTOS/Source/portable/GCC/ARM_CM4F/port.o
 *fill*         0x000000002000130d        0x3 
 .bss.ulMaxPRIGROUPValue
                0x0000000020001310        0x4 ./Middlewares/Third_Party/FreeRTOS/Source/portable/GCC/ARM_CM4F/port.o
 .bss.ucHeap    0x0000000020001314     0x3c00 ./Middlewares/Third_Party/FreeRTOS/Source/portable/MemMang/heap_4.o
 .bss.xStart    0x0000000020004f14        0x8 ./Middlewares/Third_Party/FreeRTOS/Source/portable/MemMang/heap_4.o
 .bss.pxEnd     0x0000000020004f1c        0x4 ./Middlewares/Third_Party/FreeRTOS/Source/portable/MemMang/heap_4.o
 .bss.xFreeBytesRemaining
                0x0000000020004f20        0x4 ./Middlewares/Third_Party/FreeRTOS/Source/portable/MemMang/heap_4.o
 .bss.xMinimumEverFreeBytesRemaining
                0x0000000020004f24        0x4 ./Middlewares/Third_Party/FreeRTOS/Source/portable/MemMang/heap_4.o
 .bss.xNumberOfSuccessfulAllocations
                0x0000000020004f28        0x4 ./Middlewares/Third_Party/FreeRTOS/Source/portable/MemMang/heap_4.o
 .bss.xNumberOfSuccessfulFrees
                0x0000000020004f2c        0x4 ./Middlewares/Third_Party/FreeRTOS/Source/portable/MemMang/heap_4.o
 .bss.xBlockAllocatedBit
                0x0000000020004f30        0x4 ./Middlewares/Third_Party/FreeRTOS/Source/portable/MemMang/heap_4.o
 *(COMMON)
                0x0000000020004f34                . = ALIGN (0x4)
                0x0000000020004f34                _ebss = .
                0x0000000020004f34                __bss_end__ = _ebss

._user_heap_stack
                0x0000000020004f34      0x604 load address 0x0000000008006c78
                0x0000000020004f38                . = ALIGN (0x8)
 *fill*         0x0000000020004f34        0x4 
                [!provide]                        PROVIDE (end = .)
                0x0000000020004f38                PROVIDE (_end = .)
                0x0000000020005138                . = (. + _Min_Heap_Size)
 *fill*         0x0000000020004f38      0x200 
                0x0000000020005538                . = (. + _Min_Stack_Size)
 *fill*         0x0000000020005138      0x400 
                0x0000000020005538                . = ALIGN (0x8)

/DISCARD/
 libc.a(*)
 libm.a(*)
 libgcc.a(*)

.ARM.attributes
                0x0000000000000000       0x30
 *(.ARM.attributes)
 .ARM.attributes
                0x0000000000000000       0x1e c:/st/stm32cubeide_1.11.0/stm32cubeide/plugins/com.st.stm32cube.ide.mcu.externaltools.gnu-tools-for-stm32.10.3-2021.10.win32_1.0.100.202210260954/tools/bin/../lib/gcc/arm-none-eabi/10.3.1/thumb/v7e-m+fp/hard/crti.o
 .ARM.attributes
                0x000000000000001e       0x34 c:/st/stm32cubeide_1.11.0/stm32cubeide/plugins/com.st.stm32cube.ide.mcu.externaltools.gnu-tools-for-stm32.10.3-2021.10.win32_1.0.100.202210260954/tools/bin/../lib/gcc/arm-none-eabi/10.3.1/thumb/v7e-m+fp/hard/crtbegin.o
 .ARM.attributes
                0x0000000000000052       0x34 ./Core/Src/freertos.o
 .ARM.attributes
                0x0000000000000086       0x34 ./Core/Src/main.o
 .ARM.attributes
                0x00000000000000ba       0x34 ./Core/Src/ssd1306.o
 .ARM.attributes
                0x00000000000000ee       0x34 ./Core/Src/ssd1306_fonts.o
 .ARM.attributes
                0x0000000000000122       0x34 ./Core/Src/stm32f4xx_hal_msp.o
 .ARM.attributes
                0x0000000000000156       0x34 ./Core/Src/stm32f4xx_hal_timebase_tim.o
 .ARM.attributes
                0x000000000000018a       0x34 ./Core/Src/stm32f4xx_it.o
 .ARM.attributes
                0x00000000000001be       0x34 ./Core/Src/system_stm32f4xx.o
 .ARM.attributes
                0x00000000000001f2       0x21 ./Core/Startup/startup_stm32f401retx.o
 .ARM.attributes
                0x0000000000000213       0x34 ./Drivers/STM32F4xx_HAL_Driver/Src/stm32f4xx_hal.o
 .ARM.attributes
                0x0000000000000247       0x34 ./Drivers/STM32F4xx_HAL_Driver/Src/stm32f4xx_hal_adc.o
 .ARM.attributes
                0x000000000000027b       0x34 ./Drivers/STM32F4xx_HAL_Driver/Src/stm32f4xx_hal_cortex.o
 .ARM.attributes
                0x00000000000002af       0x34 ./Drivers/STM32F4xx_HAL_Driver/Src/stm32f4xx_hal_dma.o
 .ARM.attributes
                0x00000000000002e3       0x34 ./Drivers/STM32F4xx_HAL_Driver/Src/stm32f4xx_hal_gpio.o
 .ARM.attributes
                0x0000000000000317       0x34 ./Drivers/STM32F4xx_HAL_Driver/Src/stm32f4xx_hal_i2c.o
 .ARM.attributes
                0x000000000000034b       0x34 ./Drivers/STM32F4xx_HAL_Driver/Src/stm32f4xx_hal_rcc.o
 .ARM.attributes
                0x000000000000037f       0x34 ./Drivers/STM32F4xx_HAL_Driver/Src/stm32f4xx_hal_tim.o
 .ARM.attributes
                0x00000000000003b3       0x34 ./Drivers/STM32F4xx_HAL_Driver/Src/stm32f4xx_hal_tim_ex.o
 .ARM.attributes
                0x00000000000003e7       0x34 ./Drivers/STM32F4xx_HAL_Driver/Src/stm32f4xx_hal_uart.o
 .ARM.attributes
                0x000000000000041b       0x34 ./Middlewares/Third_Party/FreeRTOS/Source/list.o
 .ARM.attributes
                0x000000000000044f       0x34 ./Middlewares/Third_Party/FreeRTOS/Source/tasks.o
 .ARM.attributes
                0x0000000000000483       0x34 ./Middlewares/Third_Party/FreeRTOS/Source/portable/GCC/ARM_CM4F/port.o
 .ARM.attributes
                0x00000000000004b7       0x34 ./Middlewares/Third_Party/FreeRTOS/Source/portable/MemMang/heap_4.o
 .ARM.attributes
                0x00000000000004eb       0x34 c:/st/stm32cubeide_1.11.0/stm32cubeide/plugins/com.st.stm32cube.ide.mcu.externaltools.gnu-tools-for-stm32.10.3-2021.10.win32_1.0.100.202210260954/tools/bin/../lib/gcc/arm-none-eabi/10.3.1/../../../../arm-none-eabi/lib/thumb/v7e-m+fp/hard\libc_nano.a(lib_a-init.o)
 .ARM.attributes
                0x000000000000051f       0x34 c:/st/stm32cubeide_1.11.0/stm32cubeide/plugins/com.st.stm32cube.ide.mcu.externaltools.gnu-tools-for-stm32.10.3-2021.10.win32_1.0.100.202210260954/tools/bin/../lib/gcc/arm-none-eabi/10.3.1/../../../../arm-none-eabi/lib/thumb/v7e-m+fp/hard\libc_nano.a(lib_a-memset.o)
 .ARM.attributes
                0x0000000000000553       0x1e c:/st/stm32cubeide_1.11.0/stm32cubeide/plugins/com.st.stm32cube.ide.mcu.externaltools.gnu-tools-for-stm32.10.3-2021.10.win32_1.0.100.202210260954/tools/bin/../lib/gcc/arm-none-eabi/10.3.1/thumb/v7e-m+fp/hard\libgcc.a(_aeabi_uldivmod.o)
 .ARM.attributes
                0x0000000000000571       0x34 c:/st/stm32cubeide_1.11.0/stm32cubeide/plugins/com.st.stm32cube.ide.mcu.externaltools.gnu-tools-for-stm32.10.3-2021.10.win32_1.0.100.202210260954/tools/bin/../lib/gcc/arm-none-eabi/10.3.1/thumb/v7e-m+fp/hard\libgcc.a(_udivmoddi4.o)
 .ARM.attributes
                0x00000000000005a5       0x1e c:/st/stm32cubeide_1.11.0/stm32cubeide/plugins/com.st.stm32cube.ide.mcu.externaltools.gnu-tools-for-stm32.10.3-2021.10.win32_1.0.100.202210260954/tools/bin/../lib/gcc/arm-none-eabi/10.3.1/thumb/v7e-m+fp/hard\libgcc.a(_dvmd_tls.o)
 .ARM.attributes
                0x00000000000005c3       0x1e c:/st/stm32cubeide_1.11.0/stm32cubeide/plugins/com.st.stm32cube.ide.mcu.externaltools.gnu-tools-for-stm32.10.3-2021.10.win32_1.0.100.202210260954/tools/bin/../lib/gcc/arm-none-eabi/10.3.1/thumb/v7e-m+fp/hard/crtn.o
OUTPUT(OLED_TRIGGER_ADC.elf elf32-littlearm)
LOAD linker stubs
LOAD c:/st/stm32cubeide_1.11.0/stm32cubeide/plugins/com.st.stm32cube.ide.mcu.externaltools.gnu-tools-for-stm32.10.3-2021.10.win32_1.0.100.202210260954/tools/bin/../lib/gcc/arm-none-eabi/10.3.1/../../../../arm-none-eabi/lib/thumb/v7e-m+fp/hard\libc.a
LOAD c:/st/stm32cubeide_1.11.0/stm32cubeide/plugins/com.st.stm32cube.ide.mcu.externaltools.gnu-tools-for-stm32.10.3-2021.10.win32_1.0.100.202210260954/tools/bin/../lib/gcc/arm-none-eabi/10.3.1/../../../../arm-none-eabi/lib/thumb/v7e-m+fp/hard\libm.a
LOAD c:/st/stm32cubeide_1.11.0/stm32cubeide/plugins/com.st.stm32cube.ide.mcu.externaltools.gnu-tools-for-stm32.10.3-2021.10.win32_1.0.100.202210260954/tools/bin/../lib/gcc/arm-none-eabi/10.3.1/thumb/v7e-m+fp/hard\libgcc.a

.debug_info     0x0000000000000000    0x16602
 .debug_info    0x0000000000000000      0x294 ./Core/Src/freertos.o
 .debug_info    0x0000000000000294     0x2051 ./Core/Src/main.o
 .debug_info    0x00000000000022e5     0x1055 ./Core/Src/ssd1306.o
 .debug_info    0x000000000000333a      0x1f2 ./Core/Src/ssd1306_fonts.o
 .debug_info    0x000000000000352c     0x160e ./Core/Src/stm32f4xx_hal_msp.o
 .debug_info    0x0000000000004b3a      0xbca ./Core/Src/stm32f4xx_hal_timebase_tim.o
 .debug_info    0x0000000000005704      0x721 ./Core/Src/stm32f4xx_it.o
 .debug_info    0x0000000000005e25      0x54f ./Core/Src/system_stm32f4xx.o
 .debug_info    0x0000000000006374       0x22 ./Core/Startup/startup_stm32f401retx.o
 .debug_info    0x0000000000006396      0x906 ./Drivers/STM32F4xx_HAL_Driver/Src/stm32f4xx_hal.o
 .debug_info    0x0000000000006c9c      0xd68 ./Drivers/STM32F4xx_HAL_Driver/Src/stm32f4xx_hal_adc.o
 .debug_info    0x0000000000007a04      0xd85 ./Drivers/STM32F4xx_HAL_Driver/Src/stm32f4xx_hal_cortex.o
 .debug_info    0x0000000000008789      0x947 ./Drivers/STM32F4xx_HAL_Driver/Src/stm32f4xx_hal_dma.o
 .debug_info    0x00000000000090d0      0x78e ./Drivers/STM32F4xx_HAL_Driver/Src/stm32f4xx_hal_gpio.o
 .debug_info    0x000000000000985e     0x260f ./Drivers/STM32F4xx_HAL_Driver/Src/stm32f4xx_hal_i2c.o
 .debug_info    0x000000000000be6d      0x98c ./Drivers/STM32F4xx_HAL_Driver/Src/stm32f4xx_hal_rcc.o
 .debug_info    0x000000000000c7f9     0x2bb6 ./Drivers/STM32F4xx_HAL_Driver/Src/stm32f4xx_hal_tim.o
 .debug_info    0x000000000000f3af     0x15d8 ./Drivers/STM32F4xx_HAL_Driver/Src/stm32f4xx_hal_tim_ex.o
 .debug_info    0x0000000000010987     0x31b4 ./Drivers/STM32F4xx_HAL_Driver/Src/stm32f4xx_hal_uart.o
 .debug_info    0x0000000000013b3b      0x2d1 ./Middlewares/Third_Party/FreeRTOS/Source/list.o
 .debug_info    0x0000000000013e0c     0x1de4 ./Middlewares/Third_Party/FreeRTOS/Source/tasks.o
 .debug_info    0x0000000000015bf0      0x507 ./Middlewares/Third_Party/FreeRTOS/Source/portable/GCC/ARM_CM4F/port.o
 .debug_info    0x00000000000160f7      0x50b ./Middlewares/Third_Party/FreeRTOS/Source/portable/MemMang/heap_4.o

.debug_abbrev   0x0000000000000000     0x308f
 .debug_abbrev  0x0000000000000000       0xcd ./Core/Src/freertos.o
 .debug_abbrev  0x00000000000000cd      0x38d ./Core/Src/main.o
 .debug_abbrev  0x000000000000045a      0x33a ./Core/Src/ssd1306.o
 .debug_abbrev  0x0000000000000794       0xbe ./Core/Src/ssd1306_fonts.o
 .debug_abbrev  0x0000000000000852      0x27f ./Core/Src/stm32f4xx_hal_msp.o
 .debug_abbrev  0x0000000000000ad1      0x1f7 ./Core/Src/stm32f4xx_hal_timebase_tim.o
 .debug_abbrev  0x0000000000000cc8      0x182 ./Core/Src/stm32f4xx_it.o
 .debug_abbrev  0x0000000000000e4a      0x116 ./Core/Src/system_stm32f4xx.o
 .debug_abbrev  0x0000000000000f60       0x12 ./Core/Startup/startup_stm32f401retx.o
 .debug_abbrev  0x0000000000000f72      0x23e ./Drivers/STM32F4xx_HAL_Driver/Src/stm32f4xx_hal.o
 .debug_abbrev  0x00000000000011b0      0x204 ./Drivers/STM32F4xx_HAL_Driver/Src/stm32f4xx_hal_adc.o
 .debug_abbrev  0x00000000000013b4      0x316 ./Drivers/STM32F4xx_HAL_Driver/Src/stm32f4xx_hal_cortex.o
 .debug_abbrev  0x00000000000016ca      0x21b ./Drivers/STM32F4xx_HAL_Driver/Src/stm32f4xx_hal_dma.o
 .debug_abbrev  0x00000000000018e5      0x1c4 ./Drivers/STM32F4xx_HAL_Driver/Src/stm32f4xx_hal_gpio.o
 .debug_abbrev  0x0000000000001aa9      0x2a8 ./Drivers/STM32F4xx_HAL_Driver/Src/stm32f4xx_hal_i2c.o
 .debug_abbrev  0x0000000000001d51      0x2aa ./Drivers/STM32F4xx_HAL_Driver/Src/stm32f4xx_hal_rcc.o
 .debug_abbrev  0x0000000000001ffb      0x26e ./Drivers/STM32F4xx_HAL_Driver/Src/stm32f4xx_hal_tim.o
 .debug_abbrev  0x0000000000002269      0x276 ./Drivers/STM32F4xx_HAL_Driver/Src/stm32f4xx_hal_tim_ex.o
 .debug_abbrev  0x00000000000024df      0x305 ./Drivers/STM32F4xx_HAL_Driver/Src/stm32f4xx_hal_uart.o
 .debug_abbrev  0x00000000000027e4       0xf2 ./Middlewares/Third_Party/FreeRTOS/Source/list.o
 .debug_abbrev  0x00000000000028d6      0x34e ./Middlewares/Third_Party/FreeRTOS/Source/tasks.o
 .debug_abbrev  0x0000000000002c24      0x259 ./Middlewares/Third_Party/FreeRTOS/Source/portable/GCC/ARM_CM4F/port.o
 .debug_abbrev  0x0000000000002e7d      0x212 ./Middlewares/Third_Party/FreeRTOS/Source/portable/MemMang/heap_4.o

.debug_aranges  0x0000000000000000     0x1418
 .debug_aranges
                0x0000000000000000       0x20 ./Core/Src/freertos.o
 .debug_aranges
                0x0000000000000020       0xc0 ./Core/Src/main.o
 .debug_aranges
                0x00000000000000e0       0xd8 ./Core/Src/ssd1306.o
 .debug_aranges
                0x00000000000001b8       0x18 ./Core/Src/ssd1306_fonts.o
 .debug_aranges
                0x00000000000001d0       0x68 ./Core/Src/stm32f4xx_hal_msp.o
 .debug_aranges
                0x0000000000000238       0x30 ./Core/Src/stm32f4xx_hal_timebase_tim.o
 .debug_aranges
                0x0000000000000268       0x58 ./Core/Src/stm32f4xx_it.o
 .debug_aranges
                0x00000000000002c0       0x28 ./Core/Src/system_stm32f4xx.o
 .debug_aranges
                0x00000000000002e8       0x28 ./Core/Startup/startup_stm32f401retx.o
 .debug_aranges
                0x0000000000000310       0xf0 ./Drivers/STM32F4xx_HAL_Driver/Src/stm32f4xx_hal.o
 .debug_aranges
                0x0000000000000400       0xe8 ./Drivers/STM32F4xx_HAL_Driver/Src/stm32f4xx_hal_adc.o
 .debug_aranges
                0x00000000000004e8      0x118 ./Drivers/STM32F4xx_HAL_Driver/Src/stm32f4xx_hal_cortex.o
 .debug_aranges
                0x0000000000000600       0x90 ./Drivers/STM32F4xx_HAL_Driver/Src/stm32f4xx_hal_dma.o
 .debug_aranges
                0x0000000000000690       0x58 ./Drivers/STM32F4xx_HAL_Driver/Src/stm32f4xx_hal_gpio.o
 .debug_aranges
                0x00000000000006e8      0x2a0 ./Drivers/STM32F4xx_HAL_Driver/Src/stm32f4xx_hal_i2c.o
 .debug_aranges
                0x0000000000000988       0x88 ./Drivers/STM32F4xx_HAL_Driver/Src/stm32f4xx_hal_rcc.o
 .debug_aranges
                0x0000000000000a10      0x3d0 ./Drivers/STM32F4xx_HAL_Driver/Src/stm32f4xx_hal_tim.o
 .debug_aranges
                0x0000000000000de0      0x168 ./Drivers/STM32F4xx_HAL_Driver/Src/stm32f4xx_hal_tim_ex.o
 .debug_aranges
                0x0000000000000f48      0x200 ./Drivers/STM32F4xx_HAL_Driver/Src/stm32f4xx_hal_uart.o
 .debug_aranges
                0x0000000000001148       0x40 ./Middlewares/Third_Party/FreeRTOS/Source/list.o
 .debug_aranges
                0x0000000000001188      0x1b8 ./Middlewares/Third_Party/FreeRTOS/Source/tasks.o
 .debug_aranges
                0x0000000000001340       0x80 ./Middlewares/Third_Party/FreeRTOS/Source/portable/GCC/ARM_CM4F/port.o
 .debug_aranges
                0x00000000000013c0       0x58 ./Middlewares/Third_Party/FreeRTOS/Source/portable/MemMang/heap_4.o

.debug_ranges   0x0000000000000000     0x12f0
 .debug_ranges  0x0000000000000000       0x10 ./Core/Src/freertos.o
 .debug_ranges  0x0000000000000010       0xb0 ./Core/Src/main.o
 .debug_ranges  0x00000000000000c0       0xc8 ./Core/Src/ssd1306.o
 .debug_ranges  0x0000000000000188       0x58 ./Core/Src/stm32f4xx_hal_msp.o
 .debug_ranges  0x00000000000001e0       0x20 ./Core/Src/stm32f4xx_hal_timebase_tim.o
 .debug_ranges  0x0000000000000200       0x48 ./Core/Src/stm32f4xx_it.o
 .debug_ranges  0x0000000000000248       0x18 ./Core/Src/system_stm32f4xx.o
 .debug_ranges  0x0000000000000260       0x20 ./Core/Startup/startup_stm32f401retx.o
 .debug_ranges  0x0000000000000280       0xe0 ./Drivers/STM32F4xx_HAL_Driver/Src/stm32f4xx_hal.o
 .debug_ranges  0x0000000000000360       0xd8 ./Drivers/STM32F4xx_HAL_Driver/Src/stm32f4xx_hal_adc.o
 .debug_ranges  0x0000000000000438      0x108 ./Drivers/STM32F4xx_HAL_Driver/Src/stm32f4xx_hal_cortex.o
 .debug_ranges  0x0000000000000540       0x80 ./Drivers/STM32F4xx_HAL_Driver/Src/stm32f4xx_hal_dma.o
 .debug_ranges  0x00000000000005c0       0x48 ./Drivers/STM32F4xx_HAL_Driver/Src/stm32f4xx_hal_gpio.o
 .debug_ranges  0x0000000000000608      0x2a8 ./Drivers/STM32F4xx_HAL_Driver/Src/stm32f4xx_hal_i2c.o
 .debug_ranges  0x00000000000008b0       0x78 ./Drivers/STM32F4xx_HAL_Driver/Src/stm32f4xx_hal_rcc.o
 .debug_ranges  0x0000000000000928      0x3c0 ./Drivers/STM32F4xx_HAL_Driver/Src/stm32f4xx_hal_tim.o
 .debug_ranges  0x0000000000000ce8      0x158 ./Drivers/STM32F4xx_HAL_Driver/Src/stm32f4xx_hal_tim_ex.o
 .debug_ranges  0x0000000000000e40      0x220 ./Drivers/STM32F4xx_HAL_Driver/Src/stm32f4xx_hal_uart.o
 .debug_ranges  0x0000000000001060       0x30 ./Middlewares/Third_Party/FreeRTOS/Source/list.o
 .debug_ranges  0x0000000000001090      0x1a8 ./Middlewares/Third_Party/FreeRTOS/Source/tasks.o
 .debug_ranges  0x0000000000001238       0x70 ./Middlewares/Third_Party/FreeRTOS/Source/portable/GCC/ARM_CM4F/port.o
 .debug_ranges  0x00000000000012a8       0x48 ./Middlewares/Third_Party/FreeRTOS/Source/portable/MemMang/heap_4.o

.debug_macro    0x0000000000000000    0x19950
 .debug_macro   0x0000000000000000      0x286 ./Core/Src/freertos.o
 .debug_macro   0x0000000000000286      0xa78 ./Core/Src/freertos.o
 .debug_macro   0x0000000000000cfe      0x174 ./Core/Src/freertos.o
 .debug_macro   0x0000000000000e72       0x22 ./Core/Src/freertos.o
 .debug_macro   0x0000000000000e94       0x8e ./Core/Src/freertos.o
 .debug_macro   0x0000000000000f22       0x51 ./Core/Src/freertos.o
 .debug_macro   0x0000000000000f73      0x103 ./Core/Src/freertos.o
 .debug_macro   0x0000000000001076       0x6a ./Core/Src/freertos.o
 .debug_macro   0x00000000000010e0      0x1df ./Core/Src/freertos.o
 .debug_macro   0x00000000000012bf       0xea ./Core/Src/freertos.o
 .debug_macro   0x00000000000013a9      0x15a ./Core/Src/freertos.o
 .debug_macro   0x0000000000001503       0xde ./Core/Src/freertos.o
 .debug_macro   0x00000000000015e1       0x1c ./Core/Src/freertos.o
 .debug_macro   0x00000000000015fd       0x26 ./Core/Src/freertos.o
 .debug_macro   0x0000000000001623      0x504 ./Core/Src/freertos.o
 .debug_macro   0x0000000000001b27       0xb5 ./Core/Src/freertos.o
 .debug_macro   0x0000000000001bdc       0xaa ./Core/Src/freertos.o
 .debug_macro   0x0000000000001c86      0x2a7 ./Core/Src/freertos.o
 .debug_macro   0x0000000000001f2d       0x2e ./Core/Src/freertos.o
 .debug_macro   0x0000000000001f5b       0x28 ./Core/Src/freertos.o
 .debug_macro   0x0000000000001f83       0x1c ./Core/Src/freertos.o
 .debug_macro   0x0000000000001f9f       0x22 ./Core/Src/freertos.o
 .debug_macro   0x0000000000001fc1       0xd9 ./Core/Src/freertos.o
 .debug_macro   0x000000000000209a     0x102d ./Core/Src/freertos.o
 .debug_macro   0x00000000000030c7      0x11f ./Core/Src/freertos.o
 .debug_macro   0x00000000000031e6     0xb86c ./Core/Src/freertos.o
 .debug_macro   0x000000000000ea52       0x6d ./Core/Src/freertos.o
 .debug_macro   0x000000000000eabf     0x367e ./Core/Src/freertos.o
 .debug_macro   0x000000000001213d       0x5c ./Core/Src/freertos.o
 .debug_macro   0x0000000000012199      0x416 ./Core/Src/freertos.o
 .debug_macro   0x00000000000125af      0x9fe ./Core/Src/freertos.o
 .debug_macro   0x0000000000012fad      0x115 ./Core/Src/freertos.o
 .debug_macro   0x00000000000130c2       0xf8 ./Core/Src/freertos.o
 .debug_macro   0x00000000000131ba       0xa5 ./Core/Src/freertos.o
 .debug_macro   0x000000000001325f      0x15f ./Core/Src/freertos.o
 .debug_macro   0x00000000000133be      0x287 ./Core/Src/freertos.o
 .debug_macro   0x0000000000013645       0x5f ./Core/Src/freertos.o
 .debug_macro   0x00000000000136a4      0x236 ./Core/Src/freertos.o
 .debug_macro   0x00000000000138da      0x9e1 ./Core/Src/freertos.o
 .debug_macro   0x00000000000142bb      0x38b ./Core/Src/freertos.o
 .debug_macro   0x0000000000014646      0x176 ./Core/Src/freertos.o
 .debug_macro   0x00000000000147bc       0xf9 ./Core/Src/freertos.o
 .debug_macro   0x00000000000148b5      0x132 ./Core/Src/freertos.o
 .debug_macro   0x00000000000149e7      0x264 ./Core/Src/freertos.o
 .debug_macro   0x0000000000014c4b       0x2e ./Core/Src/freertos.o
 .debug_macro   0x0000000000014c79      0x1b5 ./Core/Src/freertos.o
 .debug_macro   0x0000000000014e2e       0x22 ./Core/Src/freertos.o
 .debug_macro   0x0000000000014e50       0xd6 ./Core/Src/freertos.o
 .debug_macro   0x0000000000014f26      0x11a ./Core/Src/freertos.o
 .debug_macro   0x0000000000015040       0x85 ./Core/Src/freertos.o
 .debug_macro   0x00000000000150c5       0x89 ./Core/Src/freertos.o
 .debug_macro   0x000000000001514e      0x8e6 ./Core/Src/freertos.o
 .debug_macro   0x0000000000015a34       0x47 ./Core/Src/freertos.o
 .debug_macro   0x0000000000015a7b      0x295 ./Core/Src/freertos.o
 .debug_macro   0x0000000000015d10      0x126 ./Core/Src/freertos.o
 .debug_macro   0x0000000000015e36       0x58 ./Core/Src/freertos.o
 .debug_macro   0x0000000000015e8e      0x332 ./Core/Src/main.o
 .debug_macro   0x00000000000161c0       0xea ./Core/Src/main.o
 .debug_macro   0x00000000000162aa       0x91 ./Core/Src/main.o
 .debug_macro   0x000000000001633b       0x8d ./Core/Src/main.o
 .debug_macro   0x00000000000163c8       0x7e ./Core/Src/main.o
 .debug_macro   0x0000000000016446       0x19 ./Core/Src/main.o
 .debug_macro   0x000000000001645f       0xf2 ./Core/Src/main.o
 .debug_macro   0x0000000000016551       0x52 ./Core/Src/main.o
 .debug_macro   0x00000000000165a3       0x1e ./Core/Src/main.o
 .debug_macro   0x00000000000165c1       0x3c ./Core/Src/main.o
 .debug_macro   0x00000000000165fd       0x34 ./Core/Src/main.o
 .debug_macro   0x0000000000016631       0x40 ./Core/Src/main.o
 .debug_macro   0x0000000000016671       0x10 ./Core/Src/main.o
 .debug_macro   0x0000000000016681       0x40 ./Core/Src/main.o
 .debug_macro   0x00000000000166c1      0x34a ./Core/Src/ssd1306.o
 .debug_macro   0x0000000000016a0b       0x4c ./Core/Src/ssd1306.o
 .debug_macro   0x0000000000016a57       0x94 ./Core/Src/ssd1306.o
 .debug_macro   0x0000000000016aeb       0x28 ./Core/Src/ssd1306.o
 .debug_macro   0x0000000000016b13       0x57 ./Core/Src/ssd1306.o
 .debug_macro   0x0000000000016b6a       0x16 ./Core/Src/ssd1306.o
 .debug_macro   0x0000000000016b80       0x43 ./Core/Src/ssd1306.o
 .debug_macro   0x0000000000016bc3       0x34 ./Core/Src/ssd1306.o
 .debug_macro   0x0000000000016bf7       0x10 ./Core/Src/ssd1306.o
 .debug_macro   0x0000000000016c07       0x58 ./Core/Src/ssd1306.o
 .debug_macro   0x0000000000016c5f       0x71 ./Core/Src/ssd1306.o
 .debug_macro   0x0000000000016cd0       0x1c ./Core/Src/ssd1306.o
 .debug_macro   0x0000000000016cec      0x12a ./Core/Src/ssd1306.o
 .debug_macro   0x0000000000016e16      0x341 ./Core/Src/ssd1306.o
 .debug_macro   0x0000000000017157      0x19b ./Core/Src/ssd1306.o
 .debug_macro   0x00000000000172f2       0x16 ./Core/Src/ssd1306.o
 .debug_macro   0x0000000000017308       0x35 ./Core/Src/ssd1306.o
 .debug_macro   0x000000000001733d       0x16 ./Core/Src/ssd1306.o
 .debug_macro   0x0000000000017353       0x29 ./Core/Src/ssd1306.o
 .debug_macro   0x000000000001737c       0x16 ./Core/Src/ssd1306.o
 .debug_macro   0x0000000000017392       0x20 ./Core/Src/ssd1306.o
 .debug_macro   0x00000000000173b2       0x76 ./Core/Src/ssd1306_fonts.o
 .debug_macro   0x0000000000017428      0x21e ./Core/Src/stm32f4xx_hal_msp.o
 .debug_macro   0x0000000000017646      0x20f ./Core/Src/stm32f4xx_hal_timebase_tim.o
 .debug_macro   0x0000000000017855      0x228 ./Core/Src/stm32f4xx_it.o
 .debug_macro   0x0000000000017a7d      0x20f ./Core/Src/system_stm32f4xx.o
 .debug_macro   0x0000000000017c8c      0x26f ./Drivers/STM32F4xx_HAL_Driver/Src/stm32f4xx_hal.o
 .debug_macro   0x0000000000017efb      0x210 ./Drivers/STM32F4xx_HAL_Driver/Src/stm32f4xx_hal_adc.o
 .debug_macro   0x000000000001810b      0x20f ./Drivers/STM32F4xx_HAL_Driver/Src/stm32f4xx_hal_cortex.o
 .debug_macro   0x000000000001831a      0x215 ./Drivers/STM32F4xx_HAL_Driver/Src/stm32f4xx_hal_dma.o
 .debug_macro   0x000000000001852f      0x215 ./Drivers/STM32F4xx_HAL_Driver/Src/stm32f4xx_hal_gpio.o
 .debug_macro   0x0000000000018744      0x256 ./Drivers/STM32F4xx_HAL_Driver/Src/stm32f4xx_hal_i2c.o
 .debug_macro   0x000000000001899a      0x233 ./Drivers/STM32F4xx_HAL_Driver/Src/stm32f4xx_hal_rcc.o
 .debug_macro   0x0000000000018bcd      0x210 ./Drivers/STM32F4xx_HAL_Driver/Src/stm32f4xx_hal_tim.o
 .debug_macro   0x0000000000018ddd      0x20f ./Drivers/STM32F4xx_HAL_Driver/Src/stm32f4xx_hal_tim_ex.o
 .debug_macro   0x0000000000018fec      0x210 ./Drivers/STM32F4xx_HAL_Driver/Src/stm32f4xx_hal_uart.o
 .debug_macro   0x00000000000191fc      0x187 ./Middlewares/Third_Party/FreeRTOS/Source/list.o
 .debug_macro   0x0000000000019383      0x279 ./Middlewares/Third_Party/FreeRTOS/Source/tasks.o
 .debug_macro   0x00000000000195fc       0x10 ./Middlewares/Third_Party/FreeRTOS/Source/tasks.o
 .debug_macro   0x000000000001960c      0x196 ./Middlewares/Third_Party/FreeRTOS/Source/portable/GCC/ARM_CM4F/port.o
 .debug_macro   0x00000000000197a2      0x1ae ./Middlewares/Third_Party/FreeRTOS/Source/portable/MemMang/heap_4.o

.debug_line     0x0000000000000000    0x17f86
 .debug_line    0x0000000000000000      0x83a ./Core/Src/freertos.o
 .debug_line    0x000000000000083a      0xedd ./Core/Src/main.o
 .debug_line    0x0000000000001717      0xeb3 ./Core/Src/ssd1306.o
 .debug_line    0x00000000000025ca      0x3a9 ./Core/Src/ssd1306_fonts.o
 .debug_line    0x0000000000002973      0x8ad ./Core/Src/stm32f4xx_hal_msp.o
 .debug_line    0x0000000000003220      0x7a7 ./Core/Src/stm32f4xx_hal_timebase_tim.o
 .debug_line    0x00000000000039c7      0x7f0 ./Core/Src/stm32f4xx_it.o
 .debug_line    0x00000000000041b7      0x7bd ./Core/Src/system_stm32f4xx.o
 .debug_line    0x0000000000004974       0x88 ./Core/Startup/startup_stm32f401retx.o
 .debug_line    0x00000000000049fc      0xa23 ./Drivers/STM32F4xx_HAL_Driver/Src/stm32f4xx_hal.o
 .debug_line    0x000000000000541f     0x11cd ./Drivers/STM32F4xx_HAL_Driver/Src/stm32f4xx_hal_adc.o
 .debug_line    0x00000000000065ec      0xcd2 ./Drivers/STM32F4xx_HAL_Driver/Src/stm32f4xx_hal_cortex.o
 .debug_line    0x00000000000072be      0xf87 ./Drivers/STM32F4xx_HAL_Driver/Src/stm32f4xx_hal_dma.o
 .debug_line    0x0000000000008245      0xb5b ./Drivers/STM32F4xx_HAL_Driver/Src/stm32f4xx_hal_gpio.o
 .debug_line    0x0000000000008da0     0x39d8 ./Drivers/STM32F4xx_HAL_Driver/Src/stm32f4xx_hal_i2c.o
 .debug_line    0x000000000000c778      0xd9f ./Drivers/STM32F4xx_HAL_Driver/Src/stm32f4xx_hal_rcc.o
 .debug_line    0x000000000000d517     0x34f1 ./Drivers/STM32F4xx_HAL_Driver/Src/stm32f4xx_hal_tim.o
 .debug_line    0x0000000000010a08     0x19bb ./Drivers/STM32F4xx_HAL_Driver/Src/stm32f4xx_hal_tim_ex.o
 .debug_line    0x00000000000123c3     0x2ac8 ./Drivers/STM32F4xx_HAL_Driver/Src/stm32f4xx_hal_uart.o
 .debug_line    0x0000000000014e8b      0x707 ./Middlewares/Third_Party/FreeRTOS/Source/list.o
 .debug_line    0x0000000000015592     0x1917 ./Middlewares/Third_Party/FreeRTOS/Source/tasks.o
 .debug_line    0x0000000000016ea9      0x7ac ./Middlewares/Third_Party/FreeRTOS/Source/portable/GCC/ARM_CM4F/port.o
 .debug_line    0x0000000000017655      0x931 ./Middlewares/Third_Party/FreeRTOS/Source/portable/MemMang/heap_4.o

.debug_str      0x0000000000000000    0xa3891
 .debug_str     0x0000000000000000    0x96c73 ./Core/Src/freertos.o
                                      0x96f19 (size before relaxing)
 .debug_str     0x0000000000096c73     0x3d9d ./Core/Src/main.o
                                      0x9acfa (size before relaxing)
 .debug_str     0x000000000009aa10     0x3722 ./Core/Src/ssd1306.o
                                      0x97173 (size before relaxing)
 .debug_str     0x000000000009e132       0x61 ./Core/Src/ssd1306_fonts.o
                                       0x3d70 (size before relaxing)
 .debug_str     0x000000000009e193       0xfb ./Core/Src/stm32f4xx_hal_msp.o
                                      0x9418b (size before relaxing)
 .debug_str     0x000000000009e28e       0xf7 ./Core/Src/stm32f4xx_hal_timebase_tim.o
                                      0x93a24 (size before relaxing)
 .debug_str     0x000000000009e385       0xe9 ./Core/Src/stm32f4xx_it.o
                                      0x935ee (size before relaxing)
 .debug_str     0x000000000009e46e       0xdb ./Core/Src/system_stm32f4xx.o
                                      0x9309f (size before relaxing)
 .debug_str     0x000000000009e549       0x36 ./Core/Startup/startup_stm32f401retx.o
                                         0x5d (size before relaxing)
 .debug_str     0x000000000009e57f      0x5d3 ./Drivers/STM32F4xx_HAL_Driver/Src/stm32f4xx_hal.o
                                      0x93ac1 (size before relaxing)
 .debug_str     0x000000000009eb52      0x2a0 ./Drivers/STM32F4xx_HAL_Driver/Src/stm32f4xx_hal_adc.o
                                      0x9367a (size before relaxing)
 .debug_str     0x000000000009edf2      0x330 ./Drivers/STM32F4xx_HAL_Driver/Src/stm32f4xx_hal_cortex.o
                                      0x937e2 (size before relaxing)
 .debug_str     0x000000000009f122      0x2cf ./Drivers/STM32F4xx_HAL_Driver/Src/stm32f4xx_hal_dma.o
                                      0x934a7 (size before relaxing)
 .debug_str     0x000000000009f3f1      0x121 ./Drivers/STM32F4xx_HAL_Driver/Src/stm32f4xx_hal_gpio.o
                                      0x9321a (size before relaxing)
 .debug_str     0x000000000009f512      0xa9e ./Drivers/STM32F4xx_HAL_Driver/Src/stm32f4xx_hal_i2c.o
                                      0x9405d (size before relaxing)
 .debug_str     0x000000000009ffb0      0x1dd ./Drivers/STM32F4xx_HAL_Driver/Src/stm32f4xx_hal_rcc.o
                                      0x934d3 (size before relaxing)
 .debug_str     0x00000000000a018d      0xd62 ./Drivers/STM32F4xx_HAL_Driver/Src/stm32f4xx_hal_tim.o
                                      0x94407 (size before relaxing)
 .debug_str     0x00000000000a0eef      0x493 ./Drivers/STM32F4xx_HAL_Driver/Src/stm32f4xx_hal_tim_ex.o
                                      0x93c23 (size before relaxing)
 .debug_str     0x00000000000a1382      0x5ee ./Drivers/STM32F4xx_HAL_Driver/Src/stm32f4xx_hal_uart.o
                                      0x93a60 (size before relaxing)
 .debug_str     0x00000000000a1970      0x13c ./Middlewares/Third_Party/FreeRTOS/Source/list.o
                                       0xa669 (size before relaxing)
 .debug_str     0x00000000000a1aac     0x1335 ./Middlewares/Third_Party/FreeRTOS/Source/tasks.o
                                       0xc9d4 (size before relaxing)
 .debug_str     0x00000000000a2de1      0x783 ./Middlewares/Third_Party/FreeRTOS/Source/portable/GCC/ARM_CM4F/port.o
                                       0x85d6 (size before relaxing)
 .debug_str     0x00000000000a3564      0x32d ./Middlewares/Third_Party/FreeRTOS/Source/portable/MemMang/heap_4.o
                                       0xafab (size before relaxing)

.comment        0x0000000000000000       0x50
 .comment       0x0000000000000000       0x50 ./Core/Src/freertos.o
                                         0x51 (size before relaxing)
 .comment       0x0000000000000050       0x51 ./Core/Src/main.o
 .comment       0x0000000000000050       0x51 ./Core/Src/ssd1306.o
 .comment       0x0000000000000050       0x51 ./Core/Src/ssd1306_fonts.o
 .comment       0x0000000000000050       0x51 ./Core/Src/stm32f4xx_hal_msp.o
 .comment       0x0000000000000050       0x51 ./Core/Src/stm32f4xx_hal_timebase_tim.o
 .comment       0x0000000000000050       0x51 ./Core/Src/stm32f4xx_it.o
 .comment       0x0000000000000050       0x51 ./Core/Src/system_stm32f4xx.o
 .comment       0x0000000000000050       0x51 ./Drivers/STM32F4xx_HAL_Driver/Src/stm32f4xx_hal.o
 .comment       0x0000000000000050       0x51 ./Drivers/STM32F4xx_HAL_Driver/Src/stm32f4xx_hal_adc.o
 .comment       0x0000000000000050       0x51 ./Drivers/STM32F4xx_HAL_Driver/Src/stm32f4xx_hal_cortex.o
 .comment       0x0000000000000050       0x51 ./Drivers/STM32F4xx_HAL_Driver/Src/stm32f4xx_hal_dma.o
 .comment       0x0000000000000050       0x51 ./Drivers/STM32F4xx_HAL_Driver/Src/stm32f4xx_hal_gpio.o
 .comment       0x0000000000000050       0x51 ./Drivers/STM32F4xx_HAL_Driver/Src/stm32f4xx_hal_i2c.o
 .comment       0x0000000000000050       0x51 ./Drivers/STM32F4xx_HAL_Driver/Src/stm32f4xx_hal_rcc.o
 .comment       0x0000000000000050       0x51 ./Drivers/STM32F4xx_HAL_Driver/Src/stm32f4xx_hal_tim.o
 .comment       0x0000000000000050       0x51 ./Drivers/STM32F4xx_HAL_Driver/Src/stm32f4xx_hal_tim_ex.o
 .comment       0x0000000000000050       0x51 ./Drivers/STM32F4xx_HAL_Driver/Src/stm32f4xx_hal_uart.o
 .comment       0x0000000000000050       0x51 ./Middlewares/Third_Party/FreeRTOS/Source/list.o
 .comment       0x0000000000000050       0x51 ./Middlewares/Third_Party/FreeRTOS/Source/tasks.o
 .comment       0x0000000000000050       0x51 ./Middlewares/Third_Party/FreeRTOS/Source/portable/GCC/ARM_CM4F/port.o
 .comment       0x0000000000000050       0x51 ./Middlewares/Third_Party/FreeRTOS/Source/portable/MemMang/heap_4.o

.debug_frame    0x0000000000000000     0x54d0
 .debug_frame   0x0000000000000000       0x38 ./Core/Src/freertos.o
 .debug_frame   0x0000000000000038      0x2f0 ./Core/Src/main.o
 .debug_frame   0x0000000000000328      0x394 ./Core/Src/ssd1306.o
 .debug_frame   0x00000000000006bc      0x180 ./Core/Src/stm32f4xx_hal_msp.o
 .debug_frame   0x000000000000083c       0x74 ./Core/Src/stm32f4xx_hal_timebase_tim.o
 .debug_frame   0x00000000000008b0       0xe0 ./Core/Src/stm32f4xx_it.o
 .debug_frame   0x0000000000000990       0x58 ./Core/Src/system_stm32f4xx.o
 .debug_frame   0x00000000000009e8      0x374 ./Drivers/STM32F4xx_HAL_Driver/Src/stm32f4xx_hal.o
 .debug_frame   0x0000000000000d5c      0x3fc ./Drivers/STM32F4xx_HAL_Driver/Src/stm32f4xx_hal_adc.o
 .debug_frame   0x0000000000001158      0x498 ./Drivers/STM32F4xx_HAL_Driver/Src/stm32f4xx_hal_cortex.o
 .debug_frame   0x00000000000015f0      0x250 ./Drivers/STM32F4xx_HAL_Driver/Src/stm32f4xx_hal_dma.o
 .debug_frame   0x0000000000001840      0x14c ./Drivers/STM32F4xx_HAL_Driver/Src/stm32f4xx_hal_gpio.o
 .debug_frame   0x000000000000198c      0xc5c ./Drivers/STM32F4xx_HAL_Driver/Src/stm32f4xx_hal_i2c.o
 .debug_frame   0x00000000000025e8      0x1f4 ./Drivers/STM32F4xx_HAL_Driver/Src/stm32f4xx_hal_rcc.o
 .debug_frame   0x00000000000027dc     0x11bc ./Drivers/STM32F4xx_HAL_Driver/Src/stm32f4xx_hal_tim.o
 .debug_frame   0x0000000000003998      0x638 ./Drivers/STM32F4xx_HAL_Driver/Src/stm32f4xx_hal_tim_ex.o
 .debug_frame   0x0000000000003fd0      0x92c ./Drivers/STM32F4xx_HAL_Driver/Src/stm32f4xx_hal_uart.o
 .debug_frame   0x00000000000048fc       0xd8 ./Middlewares/Third_Party/FreeRTOS/Source/list.o
 .debug_frame   0x00000000000049d4      0x77c ./Middlewares/Third_Party/FreeRTOS/Source/tasks.o
 .debug_frame   0x0000000000005150      0x1a8 ./Middlewares/Third_Party/FreeRTOS/Source/portable/GCC/ARM_CM4F/port.o
 .debug_frame   0x00000000000052f8      0x12c ./Middlewares/Third_Party/FreeRTOS/Source/portable/MemMang/heap_4.o
 .debug_frame   0x0000000000005424       0x2c c:/st/stm32cubeide_1.11.0/stm32cubeide/plugins/com.st.stm32cube.ide.mcu.externaltools.gnu-tools-for-stm32.10.3-2021.10.win32_1.0.100.202210260954/tools/bin/../lib/gcc/arm-none-eabi/10.3.1/../../../../arm-none-eabi/lib/thumb/v7e-m+fp/hard\libc_nano.a(lib_a-init.o)
 .debug_frame   0x0000000000005450       0x20 c:/st/stm32cubeide_1.11.0/stm32cubeide/plugins/com.st.stm32cube.ide.mcu.externaltools.gnu-tools-for-stm32.10.3-2021.10.win32_1.0.100.202210260954/tools/bin/../lib/gcc/arm-none-eabi/10.3.1/../../../../arm-none-eabi/lib/thumb/v7e-m+fp/hard\libc_nano.a(lib_a-memset.o)
 .debug_frame   0x0000000000005470       0x2c c:/st/stm32cubeide_1.11.0/stm32cubeide/plugins/com.st.stm32cube.ide.mcu.externaltools.gnu-tools-for-stm32.10.3-2021.10.win32_1.0.100.202210260954/tools/bin/../lib/gcc/arm-none-eabi/10.3.1/thumb/v7e-m+fp/hard\libgcc.a(_aeabi_uldivmod.o)
 .debug_frame   0x000000000000549c       0x34 c:/st/stm32cubeide_1.11.0/stm32cubeide/plugins/com.st.stm32cube.ide.mcu.externaltools.gnu-tools-for-stm32.10.3-2021.10.win32_1.0.100.202210260954/tools/bin/../lib/gcc/arm-none-eabi/10.3.1/thumb/v7e-m+fp/hard\libgcc.a(_udivmoddi4.o)
