../Core/Src/main.c:76:6:int_to_char	32	static
../Core/Src/main.c:98:7:map	32	static
../Core/Src/main.c:102:6:display_plot_grilla	24	static
../Core/Src/main.c:178:6:display_plot_signal	56	static
../Core/Src/main.c:215:6:HAL_GPIO_EXTI_Callback	16	static
../Core/Src/main.c:222:6:display_plot_trigger	16	static
../Core/Src/main.c:236:6:HAL_ADC_ConvCpltCallback	16	static
../Core/Src/main.c:244:6:Init_Sistema	16	static
../Core/Src/main.c:252:6:Mostrar_pantalla	16	static
../Core/Src/main.c:263:6:Cambiar_Modo	16	static
../Core/Src/main.c:267:6:Enviar_USB	16	static
../Core/Src/main.c:282:5:main	16	static
../Core/Src/main.c:363:6:SystemClock_Config	88	static
../Core/Src/main.c:409:13:MX_ADC1_Init	24	static
../Core/Src/main.c:461:13:MX_I2C1_Init	8	static
../Core/Src/main.c:495:13:MX_TIM2_Init	48	static
../Core/Src/main.c:544:13:MX_USART2_UART_Init	8	static
../Core/Src/main.c:575:13:MX_DMA_Init	16	static
../Core/Src/main.c:593:13:MX_GPIO_Init	48	static
../Core/Src/main.c:636:6:StartDefaultTask	16	static
../Core/Src/main.c:655:6:HAL_TIM_PeriodElapsedCallback	16	static
../Core/Src/main.c:672:6:Error_Handler	4	static,ignoring_inline_asm
