../Core/Src/main.c:72:6:int_to_char	32	static
../Core/Src/main.c:96:7:map	32	static
../Core/Src/main.c:101:6:grafico	24	static
../Core/Src/main.c:138:6:senoidal_moviendose	40	static
../Core/Src/main.c:162:6:Mostrar_pantalla	16	static
../Core/Src/main.c:178:6:Leer_ADC	16	static
../Core/Src/main.c:187:6:HAL_ADC_ConvCpltCallback	24	static
../Core/Src/main.c:204:5:main	16	static
../Core/Src/main.c:285:6:SystemClock_Config	88	static
../Core/Src/main.c:332:13:MX_ADC1_Init	24	static
../Core/Src/main.c:384:13:MX_I2C1_Init	8	static
../Core/Src/main.c:418:13:MX_USART2_UART_Init	8	static
../Core/Src/main.c:449:13:MX_DMA_Init	16	static
../Core/Src/main.c:467:13:MX_GPIO_Init	48	static
../Core/Src/main.c:506:6:StartDefaultTask	16	static
../Core/Src/main.c:525:6:HAL_TIM_PeriodElapsedCallback	16	static
../Core/Src/main.c:542:6:Error_Handler	4	static,ignoring_inline_asm
