../Core/Src/main.c:78:6:int_to_char	32	static
../Core/Src/main.c:100:7:map	32	static
../Core/Src/main.c:104:6:display_plot_grilla	24	static
../Core/Src/main.c:150:6:display_plot_signal	56	static
../Core/Src/main.c:189:6:HAL_GPIO_EXTI_Callback	16	static
../Core/Src/main.c:196:6:display_plot_trigger	16	static
../Core/Src/main.c:210:6:HAL_ADC_ConvCpltCallback	16	static
../Core/Src/main.c:230:6:Init_Sistema	16	static
../Core/Src/main.c:241:6:Mostrar_pantalla	16	static
../Core/Src/main.c:252:6:Cambiar_Modo	16	static
../Core/Src/main.c:256:6:Enviar_USB	16	static
../Core/Src/main.c:271:5:main	56	static
../Core/Src/main.c:354:6:SystemClock_Config	88	static
../Core/Src/main.c:401:13:MX_ADC1_Init	24	static
../Core/Src/main.c:453:13:MX_I2C1_Init	8	static
../Core/Src/main.c:487:13:MX_TIM2_Init	48	static
../Core/Src/main.c:536:13:MX_TIM3_Init	32	static
../Core/Src/main.c:581:13:MX_TIM5_Init	32	static
../Core/Src/main.c:624:13:MX_DMA_Init	16	static
../Core/Src/main.c:642:13:MX_GPIO_Init	48	static
../Core/Src/main.c:698:6:StartDefaultTask	16	static
../Core/Src/main.c:717:6:HAL_TIM_PeriodElapsedCallback	16	static
../Core/Src/main.c:733:6:Error_Handler	4	static,ignoring_inline_asm
