../Core/Src/main.c:74:6:int_to_char	32	static
../Core/Src/main.c:96:7:map	32	static
../Core/Src/main.c:100:6:grafico	24	static
../Core/Src/main.c:139:6:senoidal_moviendose	72	static
../Core/Src/main.c:191:6:Mostrar_pantalla	16	static
../Core/Src/main.c:203:6:Leer_ADC	16	static
../Core/Src/main.c:212:6:HAL_ADC_ConvCpltCallback	16	static
../Core/Src/main.c:220:6:Cambiar_Modo	16	static
../Core/Src/main.c:224:6:Enviar_USB	16	static
../Core/Src/main.c:228:6:Init_Sistema	16	static
../Core/Src/main.c:246:5:main	16	static
../Core/Src/main.c:326:6:SystemClock_Config	88	static
../Core/Src/main.c:373:13:MX_ADC1_Init	24	static
../Core/Src/main.c:425:13:MX_I2C1_Init	8	static
../Core/Src/main.c:459:13:MX_TIM2_Init	48	static
../Core/Src/main.c:508:13:MX_USART2_UART_Init	8	static
../Core/Src/main.c:539:13:MX_DMA_Init	16	static
../Core/Src/main.c:557:13:MX_GPIO_Init	48	static
../Core/Src/main.c:596:6:StartDefaultTask	16	static
../Core/Src/main.c:615:6:HAL_TIM_PeriodElapsedCallback	16	static
../Core/Src/main.c:632:6:Error_Handler	4	static,ignoring_inline_asm
