../Core/Src/main.c:86:6:int_to_char	32	static
../Core/Src/main.c:108:7:map	32	static
../Core/Src/main.c:111:6:actualizar_escala	8	static
../Core/Src/main.c:208:6:display_plot_grilla	24	static
../Core/Src/main.c:272:6:display_plot_signal	56	static
../Core/Src/main.c:315:6:HAL_GPIO_EXTI_Callback	16	static
../Core/Src/main.c:374:6:display_plot_trigger	16	static
../Core/Src/main.c:390:6:HAL_ADC_ConvHalfCpltCallback	16	static
../Core/Src/main.c:396:6:HAL_ADC_ConvCpltCallback	16	static
../Core/Src/main.c:418:6:Init_Sistema	16	static
../Core/Src/main.c:429:6:Mostrar_pantalla	16	static
../Core/Src/main.c:446:6:Cambiar_Modo	16	static
../Core/Src/main.c:450:6:Enviar_USB	16	static
../Core/Src/main.c:465:5:main	16	static
../Core/Src/main.c:544:6:SystemClock_Config	88	static
../Core/Src/main.c:591:13:MX_ADC1_Init	24	static
../Core/Src/main.c:643:13:MX_I2C1_Init	8	static
../Core/Src/main.c:677:13:MX_TIM2_Init	32	static
../Core/Src/main.c:730:13:MX_TIM5_Init	32	static
../Core/Src/main.c:773:13:MX_DMA_Init	16	static
../Core/Src/main.c:791:13:MX_GPIO_Init	48	static
../Core/Src/main.c:847:6:StartDefaultTask	16	static
../Core/Src/main.c:866:6:HAL_TIM_PeriodElapsedCallback	16	static
../Core/Src/main.c:882:6:Error_Handler	4	static,ignoring_inline_asm
