../Core/Src/main.c:73:6:int_to_char	32	static
../Core/Src/main.c:95:7:map	32	static
../Core/Src/main.c:99:6:display_plot_grilla	24	static
../Core/Src/main.c:134:6:display_plot_signal	72	static
../Core/Src/main.c:185:6:display_plot_trigger	16	static
../Core/Src/main.c:193:6:HAL_ADC_ConvCpltCallback	16	static
../Core/Src/main.c:201:6:Init_Sistema	16	static
../Core/Src/main.c:209:6:Mostrar_pantalla	16	static
../Core/Src/main.c:220:6:Cambiar_Modo	16	static
../Core/Src/main.c:224:6:Enviar_USB	16	static
../Core/Src/main.c:239:5:main	16	static
../Core/Src/main.c:319:6:SystemClock_Config	88	static
../Core/Src/main.c:366:13:MX_ADC1_Init	24	static
../Core/Src/main.c:418:13:MX_I2C1_Init	8	static
../Core/Src/main.c:452:13:MX_TIM2_Init	48	static
../Core/Src/main.c:501:13:MX_USART2_UART_Init	8	static
../Core/Src/main.c:532:13:MX_DMA_Init	16	static
../Core/Src/main.c:550:13:MX_GPIO_Init	48	static
../Core/Src/main.c:589:6:StartDefaultTask	16	static
../Core/Src/main.c:608:6:HAL_TIM_PeriodElapsedCallback	16	static
../Core/Src/main.c:625:6:Error_Handler	4	static,ignoring_inline_asm
