../Core/Src/main.c:87:6:int_to_char	32	static
../Core/Src/main.c:109:7:map	32	static
../Core/Src/main.c:112:6:actualizar_escala	8	static
../Core/Src/main.c:209:6:display_plot_grilla	24	static
../Core/Src/main.c:273:6:display_plot_signal	56	static
../Core/Src/main.c:311:6:HAL_GPIO_EXTI_Callback	16	static
../Core/Src/main.c:368:6:display_plot_trigger	16	static
../Core/Src/main.c:382:6:HAL_ADC_ConvCpltCallback	16	static
../Core/Src/main.c:402:6:Init_Sistema	16	static
../Core/Src/main.c:413:6:Mostrar_pantalla	16	static
../Core/Src/main.c:425:6:Cambiar_Modo	16	static
../Core/Src/main.c:429:6:Enviar_USB	16	static
../Core/Src/main.c:444:5:main	16	static
../Core/Src/main.c:524:6:SystemClock_Config	88	static
../Core/Src/main.c:571:13:MX_ADC1_Init	24	static
../Core/Src/main.c:623:13:MX_I2C1_Init	8	static
../Core/Src/main.c:657:13:MX_TIM2_Init	48	static
../Core/Src/main.c:706:13:MX_TIM3_Init	32	static
../Core/Src/main.c:751:13:MX_TIM5_Init	32	static
../Core/Src/main.c:794:13:MX_DMA_Init	16	static
../Core/Src/main.c:812:13:MX_GPIO_Init	48	static
../Core/Src/main.c:868:6:StartDefaultTask	16	static
../Core/Src/main.c:887:6:HAL_TIM_PeriodElapsedCallback	16	static
../Core/Src/main.c:903:6:Error_Handler	4	static,ignoring_inline_asm
