../Core/Src/main.c:74:6:int_to_char	32	static
../Core/Src/main.c:96:7:map	32	static
../Core/Src/main.c:100:6:grafico	24	static
../Core/Src/main.c:139:6:senoidal_moviendose	72	static
../Core/Src/main.c:190:6:Mostrar_pantalla	16	static
../Core/Src/main.c:205:6:Leer_ADC	16	static
../Core/Src/main.c:214:6:HAL_ADC_ConvCpltCallback	24	static
../Core/Src/main.c:225:6:Cambiar_Modo	16	static
../Core/Src/main.c:229:6:Enviar_USB	16	static
../Core/Src/main.c:233:6:Init_Sistema	16	static
../Core/Src/main.c:252:5:main	16	static
../Core/Src/main.c:334:6:SystemClock_Config	88	static
../Core/Src/main.c:381:13:MX_ADC1_Init	24	static
../Core/Src/main.c:433:13:MX_I2C1_Init	8	static
../Core/Src/main.c:467:13:MX_TIM2_Init	48	static
../Core/Src/main.c:516:13:MX_USART2_UART_Init	8	static
../Core/Src/main.c:547:13:MX_DMA_Init	16	static
../Core/Src/main.c:565:13:MX_GPIO_Init	48	static
../Core/Src/main.c:604:6:StartDefaultTask	16	static
../Core/Src/main.c:623:6:HAL_TIM_PeriodElapsedCallback	16	static
../Core/Src/main.c:640:6:Error_Handler	4	static,ignoring_inline_asm
