../Core/Src/main.c:152:6:rms_to_char	40	static
../Core/Src/main.c:194:6:freq_to_char	16	static
../Core/Src/main.c:235:7:map	32	static
../Core/Src/main.c:240:6:display_plot_escala	16	static
../Core/Src/main.c:345:6:display_plot_grilla	24	static
../Core/Src/main.c:386:6:display_plot_trigger	24	static
../Core/Src/main.c:398:6:display_plot_signal	56	static
../Core/Src/main.c:430:6:display_plot_rms	16	static
../Core/Src/main.c:445:6:display_plot_tiempo	16	static
../Core/Src/main.c:474:6:display_plot_freq	24	static
../Core/Src/main.c:489:6:display_plot_encoder	16	static
../Core/Src/main.c:503:6:mux_select_escala	16	static
../Core/Src/main.c:563:6:ADC_sampling	24	static
../Core/Src/main.c:587:6:adc_select_frecuencia	16	static
../Core/Src/main.c:607:6:encoder_pos	8	static
../Core/Src/main.c:679:6:Init_Sistema	16	static
../Core/Src/main.c:692:6:Mostrar_pantalla	24	static
../Core/Src/main.c:710:6:Cambiar_Modo	16	static
../Core/Src/main.c:714:6:Enviar_USB	16	static
../Core/Src/main.c:720:6:HAL_GPIO_EXTI_Callback	24	static,ignoring_inline_asm
../Core/Src/main.c:740:6:HAL_ADC_ConvHalfCpltCallback	24	static
../Core/Src/main.c:748:6:HAL_ADC_ConvCpltCallback	48	static,ignoring_inline_asm
../Core/Src/main.c:778:6:HAL_TIM_IC_CaptureCallback	16	static
../Core/Src/main.c:808:5:main	16	static
../Core/Src/main.c:898:6:SystemClock_Config	88	static
../Core/Src/main.c:945:13:MX_ADC1_Init	24	static
../Core/Src/main.c:997:13:MX_I2C1_Init	8	static
../Core/Src/main.c:1031:13:MX_TIM2_Init	48	static
../Core/Src/main.c:1080:13:MX_TIM3_Init	32	static
../Core/Src/main.c:1133:13:MX_TIM4_Init	56	static
../Core/Src/main.c:1182:13:MX_TIM5_Init	48	static
../Core/Src/main.c:1238:13:MX_DMA_Init	16	static
../Core/Src/main.c:1256:13:MX_GPIO_Init	48	static
../Core/Src/main.c:1318:6:StartDefaultTask	16	static
../Core/Src/main.c:1337:6:HAL_TIM_PeriodElapsedCallback	16	static
../Core/Src/main.c:1353:6:Error_Handler	4	static,ignoring_inline_asm
