../Core/Src/main.c:169:6:rms_to_char	40	static
../Core/Src/main.c:225:6:freq_to_char	16	static
../Core/Src/main.c:293:7:map	32	static
../Core/Src/main.c:298:6:display_plot_escala	16	static
../Core/Src/main.c:403:6:display_plot_grilla	24	static
../Core/Src/main.c:444:6:display_plot_trigger	24	static
../Core/Src/main.c:456:6:display_plot_signal	56	static
../Core/Src/main.c:488:6:display_plot_rms	16	static
../Core/Src/main.c:510:6:display_plot_tiempo	16	static
../Core/Src/main.c:539:6:display_plot_freq	24	static
../Core/Src/main.c:554:6:display_plot_encoder	16	static
../Core/Src/main.c:568:6:mux_select_escala	16	static
../Core/Src/main.c:628:6:ADC_sampling	24	static
../Core/Src/main.c:652:6:adc_select_frecuencia	16	static
../Core/Src/main.c:693:7:modificar_escala	24	static
../Core/Src/main.c:741:6:encoder_pos	8	static
../Core/Src/main.c:825:6:Init_Sistema	16	static
../Core/Src/main.c:839:6:Mostrar_pantalla	24	static
../Core/Src/main.c:857:6:Cambiar_Modo	16	static
../Core/Src/main.c:861:6:Enviar_USB	16	static
../Core/Src/main.c:867:6:HAL_GPIO_EXTI_Callback	24	static,ignoring_inline_asm
../Core/Src/main.c:887:6:HAL_ADC_ConvHalfCpltCallback	24	static
../Core/Src/main.c:895:6:HAL_ADC_ConvCpltCallback	48	static,ignoring_inline_asm
../Core/Src/main.c:928:6:HAL_TIM_IC_CaptureCallback	16	static
../Core/Src/main.c:958:5:main	16	static
../Core/Src/main.c:1047:6:SystemClock_Config	88	static
../Core/Src/main.c:1093:13:MX_ADC1_Init	24	static
../Core/Src/main.c:1145:13:MX_I2C1_Init	8	static
../Core/Src/main.c:1179:13:MX_TIM2_Init	48	static
../Core/Src/main.c:1228:13:MX_TIM3_Init	32	static
../Core/Src/main.c:1281:13:MX_TIM4_Init	56	static
../Core/Src/main.c:1330:13:MX_TIM5_Init	48	static
../Core/Src/main.c:1386:13:MX_DMA_Init	16	static
../Core/Src/main.c:1404:13:MX_GPIO_Init	48	static
../Core/Src/main.c:1466:6:StartDefaultTask	16	static
../Core/Src/main.c:1487:6:HAL_TIM_PeriodElapsedCallback	16	static
../Core/Src/main.c:1503:6:Error_Handler	4	static,ignoring_inline_asm
