../Core/Src/ssd1306.c:8:6:ssd1306_Reset	4	static
../Core/Src/ssd1306.c:13:6:ssd1306_WriteCommand	32	static
../Core/Src/ssd1306.c:18:6:ssd1306_WriteData	32	static
../Core/Src/ssd1306.c:63:17:ssd1306_FillBuffer	24	static
../Core/Src/ssd1306.c:73:6:ssd1306_Init	8	static
../Core/Src/ssd1306.c:176:6:ssd1306_Fill	24	static
../Core/Src/ssd1306.c:186:6:ssd1306_UpdateScreen	16	static
../Core/Src/ssd1306.c:205:6:ssd1306_DrawPixel	16	static
../Core/Src/ssd1306.c:223:6:ssd1306_WriteChar	48	static
../Core/Src/ssd1306.c:258:6:ssd1306_WriteString	24	static
../Core/Src/ssd1306.c:275:6:ssd1306_SetCursor	16	static
../Core/Src/ssd1306.c:281:6:ssd1306_Line	48	static
../Core/Src/ssd1306.c:319:6:ssd1306_VLine	32	static
../Core/Src/ssd1306.c:326:6:ssd1306_HLine	32	static
../Core/Src/ssd1306.c:332:6:ssd1306_Polyline	40	static
../Core/Src/ssd1306.c:346:14:ssd1306_DegToRad	16	static
../Core/Src/ssd1306.c:350:17:ssd1306_NormalizeTo0_360	24	static
../Core/Src/ssd1306.c:367:6:ssd1306_DrawArc	56	static
../Core/Src/ssd1306.c:404:6:ssd1306_DrawCircle	40	static
../Core/Src/ssd1306.c:449:6:ssd1306_DrawRectangle	32	static
../Core/Src/ssd1306.c:460:6:ssd1306_DrawBitmap	24	static
../Core/Src/ssd1306.c:482:6:ssd1306_SetContrast	24	static
../Core/Src/ssd1306.c:488:6:ssd1306_SetDisplayOn	24	static
../Core/Src/ssd1306.c:500:9:ssd1306_GetDisplayOn	4	static
