Archive member included to satisfy reference by file (symbol)

c:/st/stm32cubeide_1.10.1/stm32cubeide/plugins/com.st.stm32cube.ide.mcu.externaltools.gnu-tools-for-stm32.10.3-2021.10.win32_1.0.0.202111181127/tools/bin/../lib/gcc/arm-none-eabi/10.3.1/../../../../arm-none-eabi/lib/thumb/v7e-m+fp/hard\libc_nano.a(lib_a-errno.o)
                              ./Core/Src/syscalls.o (__errno)
c:/st/stm32cubeide_1.10.1/stm32cubeide/plugins/com.st.stm32cube.ide.mcu.externaltools.gnu-tools-for-stm32.10.3-2021.10.win32_1.0.0.202111181127/tools/bin/../lib/gcc/arm-none-eabi/10.3.1/../../../../arm-none-eabi/lib/thumb/v7e-m+fp/hard\libc_nano.a(lib_a-exit.o)
                              c:/st/stm32cubeide_1.10.1/stm32cubeide/plugins/com.st.stm32cube.ide.mcu.externaltools.gnu-tools-for-stm32.10.3-2021.10.win32_1.0.0.202111181127/tools/bin/../lib/gcc/arm-none-eabi/10.3.1/../../../../arm-none-eabi/lib/thumb/v7e-m+fp/hard/crt0.o (exit)
c:/st/stm32cubeide_1.10.1/stm32cubeide/plugins/com.st.stm32cube.ide.mcu.externaltools.gnu-tools-for-stm32.10.3-2021.10.win32_1.0.0.202111181127/tools/bin/../lib/gcc/arm-none-eabi/10.3.1/../../../../arm-none-eabi/lib/thumb/v7e-m+fp/hard\libc_nano.a(lib_a-impure.o)
                              c:/st/stm32cubeide_1.10.1/stm32cubeide/plugins/com.st.stm32cube.ide.mcu.externaltools.gnu-tools-for-stm32.10.3-2021.10.win32_1.0.0.202111181127/tools/bin/../lib/gcc/arm-none-eabi/10.3.1/../../../../arm-none-eabi/lib/thumb/v7e-m+fp/hard\libc_nano.a(lib_a-exit.o) (_global_impure_ptr)
c:/st/stm32cubeide_1.10.1/stm32cubeide/plugins/com.st.stm32cube.ide.mcu.externaltools.gnu-tools-for-stm32.10.3-2021.10.win32_1.0.0.202111181127/tools/bin/../lib/gcc/arm-none-eabi/10.3.1/../../../../arm-none-eabi/lib/thumb/v7e-m+fp/hard\libc_nano.a(lib_a-init.o)
                              c:/st/stm32cubeide_1.10.1/stm32cubeide/plugins/com.st.stm32cube.ide.mcu.externaltools.gnu-tools-for-stm32.10.3-2021.10.win32_1.0.0.202111181127/tools/bin/../lib/gcc/arm-none-eabi/10.3.1/../../../../arm-none-eabi/lib/thumb/v7e-m+fp/hard/crt0.o (__libc_init_array)
c:/st/stm32cubeide_1.10.1/stm32cubeide/plugins/com.st.stm32cube.ide.mcu.externaltools.gnu-tools-for-stm32.10.3-2021.10.win32_1.0.0.202111181127/tools/bin/../lib/gcc/arm-none-eabi/10.3.1/../../../../arm-none-eabi/lib/thumb/v7e-m+fp/hard\libc_nano.a(lib_a-memcpy-stub.o)
                              ./Core/Src/ssd1306.o (memcpy)
c:/st/stm32cubeide_1.10.1/stm32cubeide/plugins/com.st.stm32cube.ide.mcu.externaltools.gnu-tools-for-stm32.10.3-2021.10.win32_1.0.0.202111181127/tools/bin/../lib/gcc/arm-none-eabi/10.3.1/../../../../arm-none-eabi/lib/thumb/v7e-m+fp/hard\libc_nano.a(lib_a-memset.o)
                              c:/st/stm32cubeide_1.10.1/stm32cubeide/plugins/com.st.stm32cube.ide.mcu.externaltools.gnu-tools-for-stm32.10.3-2021.10.win32_1.0.0.202111181127/tools/bin/../lib/gcc/arm-none-eabi/10.3.1/../../../../arm-none-eabi/lib/thumb/v7e-m+fp/hard/crt0.o (memset)
c:/st/stm32cubeide_1.10.1/stm32cubeide/plugins/com.st.stm32cube.ide.mcu.externaltools.gnu-tools-for-stm32.10.3-2021.10.win32_1.0.0.202111181127/tools/bin/../lib/gcc/arm-none-eabi/10.3.1/../../../../arm-none-eabi/lib/thumb/v7e-m+fp/hard\libm.a(lib_a-s_cos.o)
                              ./Core/Src/ssd1306.o (cos)
c:/st/stm32cubeide_1.10.1/stm32cubeide/plugins/com.st.stm32cube.ide.mcu.externaltools.gnu-tools-for-stm32.10.3-2021.10.win32_1.0.0.202111181127/tools/bin/../lib/gcc/arm-none-eabi/10.3.1/../../../../arm-none-eabi/lib/thumb/v7e-m+fp/hard\libm.a(lib_a-s_sin.o)
                              ./Core/Src/ssd1306.o (sin)
c:/st/stm32cubeide_1.10.1/stm32cubeide/plugins/com.st.stm32cube.ide.mcu.externaltools.gnu-tools-for-stm32.10.3-2021.10.win32_1.0.0.202111181127/tools/bin/../lib/gcc/arm-none-eabi/10.3.1/../../../../arm-none-eabi/lib/thumb/v7e-m+fp/hard\libm.a(lib_a-w_sqrt.o)
                              ./Core/Src/main.o (sqrt)
c:/st/stm32cubeide_1.10.1/stm32cubeide/plugins/com.st.stm32cube.ide.mcu.externaltools.gnu-tools-for-stm32.10.3-2021.10.win32_1.0.0.202111181127/tools/bin/../lib/gcc/arm-none-eabi/10.3.1/../../../../arm-none-eabi/lib/thumb/v7e-m+fp/hard\libm.a(lib_a-e_rem_pio2.o)
                              c:/st/stm32cubeide_1.10.1/stm32cubeide/plugins/com.st.stm32cube.ide.mcu.externaltools.gnu-tools-for-stm32.10.3-2021.10.win32_1.0.0.202111181127/tools/bin/../lib/gcc/arm-none-eabi/10.3.1/../../../../arm-none-eabi/lib/thumb/v7e-m+fp/hard\libm.a(lib_a-s_cos.o) (__ieee754_rem_pio2)
c:/st/stm32cubeide_1.10.1/stm32cubeide/plugins/com.st.stm32cube.ide.mcu.externaltools.gnu-tools-for-stm32.10.3-2021.10.win32_1.0.0.202111181127/tools/bin/../lib/gcc/arm-none-eabi/10.3.1/../../../../arm-none-eabi/lib/thumb/v7e-m+fp/hard\libm.a(lib_a-e_sqrt.o)
[...]
Memory Configuration

Name             Origin             Length             Attributes
RAM              0x0000000020000000 0x0000000000018000 xrw
FLASH            0x0000000008000000 0x0000000000080000 xr
*default*        0x0000000000000000 0xffffffffffffffff

Linker script and memory map

LOAD c:/st/stm32cubeide_1.10.1/stm32cubeide/plugins/com.st.stm32cube.ide.mcu.externaltools.gnu-tools-for-stm32.10.3-2021.10.win32_1.0.0.202111181127/tools/bin/../lib/gcc/arm-none-eabi/10.3.1/thumb/v7e-m+fp/hard/crti.o
LOAD c:/st/stm32cubeide_1.10.1/stm32cubeide/plugins/com.st.stm32cube.ide.mcu.externaltools.gnu-tools-for-stm32.10.3-2021.10.win32_1.0.0.202111181127/tools/bin/../lib/gcc/arm-none-eabi/10.3.1/thumb/v7e-m+fp/hard/crtbegin.o
LOAD c:/st/stm32cubeide_1.10.1/stm32cubeide/plugins/com.st.stm32cube.ide.mcu.externaltools.gnu-tools-for-stm32.10.3-2021.10.win32_1.0.0.202111181127/tools/bin/../lib/gcc/arm-none-eabi/10.3.1/../../../../arm-none-eabi/lib/thumb/v7e-m+fp/hard/crt0.o
LOAD ./Core/Src/freertos.o
LOAD ./Core/Src/main.o
LOAD ./Core/Src/ssd1306.o
LOAD ./Core/Src/ssd1306_fonts.o
LOAD ./Core/Src/stm32f4xx_hal_msp.o
LOAD ./Core/Src/stm32f4xx_hal_timebase_tim.o
LOAD ./Core/Src/stm32f4xx_it.o
LOAD ./Core/Src/syscalls.o
LOAD ./Core/Src/sysmem.o
LOAD ./Core/Src/system_stm32f4xx.o
LOAD ./Core/Startup/startup_stm32f401retx.o
LOAD ./Drivers/STM32F4xx_HAL_Driver/Src/stm32f4xx_hal.o
LOAD ./Drivers/STM32F4xx_HAL_Driver/Src/stm32f4xx_hal_adc.o
LOAD ./Drivers/STM32F4xx_HAL_Driver/Src/stm32f4xx_hal_adc_ex.o
LOAD ./Drivers/STM32F4xx_HAL_Driver/Src/stm32f4xx_hal_cortex.o
LOAD ./Drivers/STM32F4xx_HAL_Driver/Src/stm32f4xx_hal_dma.o
LOAD ./Drivers/STM32F4xx_HAL_Driver/Src/stm32f4xx_hal_dma_ex.o
LOAD ./Drivers/STM32F4xx_HAL_Driver/Src/stm32f4xx_hal_exti.o
LOAD ./Drivers/STM32F4xx_HAL_Driver/Src/stm32f4xx_hal_flash.o
LOAD ./Drivers/STM32F4xx_HAL_Driver/Src/stm32f4xx_hal_flash_ex.o
LOAD ./Drivers/STM32F4xx_HAL_Driver/Src/stm32f4xx_hal_flash_ramfunc.o
LOAD ./Drivers/STM32F4xx_HAL_Driver/Src/stm32f4xx_hal_gpio.o
LOAD ./Drivers/STM32F4xx_HAL_Driver/Src/stm32f4xx_hal_i2c.o
LOAD ./Drivers/STM32F4xx_HAL_Driver/Src/stm32f4xx_hal_i2c_ex.o
LOAD ./Drivers/STM32F4xx_HAL_Driver/Src/stm32f4xx_hal_pcd.o
LOAD ./Drivers/STM32F4xx_HAL_Driver/Src/stm32f4xx_hal_pcd_ex.o
LOAD ./Drivers/STM32F4xx_HAL_Driver/Src/stm32f4xx_hal_pwr.o
LOAD ./Drivers/STM32F4xx_HAL_Driver/Src/stm32f4xx_hal_pwr_ex.o
LOAD ./Drivers/STM32F4xx_HAL_Driver/Src/stm32f4xx_hal_rcc.o
LOAD ./Drivers/STM32F4xx_HAL_Driver/Src/stm32f4xx_hal_rcc_ex.o
LOAD ./Drivers/STM32F4xx_HAL_Driver/Src/stm32f4xx_hal_tim.o
LOAD ./Drivers/STM32F4xx_HAL_Driver/Src/stm32f4xx_hal_tim_ex.o
LOAD ./Drivers/STM32F4xx_HAL_Driver/Src/stm32f4xx_ll_adc.o
LOAD ./Drivers/STM32F4xx_HAL_Driver/Src/stm32f4xx_ll_usb.o
LOAD ./Middlewares/ST/STM32_USB_Device_Library/Class/CustomHID/Src/usbd_customhid.o
LOAD ./Middlewares/ST/STM32_USB_Device_Library/Core/Src/usbd_core.o
LOAD ./Middlewares/ST/STM32_USB_Device_Library/Core/Src/usbd_ctlreq.o
LOAD ./Middlewares/ST/STM32_USB_Device_Library/Core/Src/usbd_ioreq.o
LOAD ./Middlewares/Third_Party/FreeRTOS/Source/CMSIS_RTOS/cmsis_os.o
LOAD ./Middlewares/Third_Party/FreeRTOS/Source/croutine.o
LOAD ./Middlewares/Third_Party/FreeRTOS/Source/event_groups.o
LOAD ./Middlewares/Third_Party/FreeRTOS/Source/list.o
LOAD ./Middlewares/Third_Party/FreeRTOS/Source/queue.o
LOAD ./Middlewares/Third_Party/FreeRTOS/Source/stream_buffer.o
LOAD ./Middlewares/Third_Party/FreeRTOS/Source/tasks.o
LOAD ./Middlewares/Third_Party/FreeRTOS/Source/timers.o
LOAD ./Middlewares/Third_Party/FreeRTOS/Source/portable/GCC/ARM_CM4F/port.o
LOAD ./Middlewares/Third_Party/FreeRTOS/Source/portable/MemMang/heap_4.o
LOAD ./USB_DEVICE/App/usb_device.o
LOAD ./USB_DEVICE/App/usbd_custom_hid_if.o
LOAD ./USB_DEVICE/App/usbd_desc.o
LOAD ./USB_DEVICE/Target/usbd_conf.o
START GROUP
LOAD c:/st/stm32cubeide_1.10.1/stm32cubeide/plugins/com.st.stm32cube.ide.mcu.externaltools.gnu-tools-for-stm32.10.3-2021.10.win32_1.0.0.202111181127/tools/bin/../lib/gcc/arm-none-eabi/10.3.1/../../../../arm-none-eabi/lib/thumb/v7e-m+fp/hard\libc_nano.a
LOAD c:/st/stm32cubeide_1.10.1/stm32cubeide/plugins/com.st.stm32cube.ide.mcu.externaltools.gnu-tools-for-stm32.10.3-2021.10.win32_1.0.0.202111181127/tools/bin/../lib/gcc/arm-none-eabi/10.3.1/../../../../arm-none-eabi/lib/thumb/v7e-m+fp/hard\libm.a
END GROUP
START GROUP
LOAD c:/st/stm32cubeide_1.10.1/stm32cubeide/plugins/com.st.stm32cube.ide.mcu.externaltools.gnu-tools-for-stm32.10.3-2021.10.win32_1.0.0.202111181127/tools/bin/../lib/gcc/arm-none-eabi/10.3.1/thumb/v7e-m+fp/hard\libgcc.a
LOAD c:/st/stm32cubeide_1.10.1/stm32cubeide/plugins/com.st.stm32cube.ide.mcu.externaltools.gnu-tools-for-stm32.10.3-2021.10.win32_1.0.0.202111181127/tools/bin/../lib/gcc/arm-none-eabi/10.3.1/../../../../arm-none-eabi/lib/thumb/v7e-m+fp/hard\libc_nano.a
END GROUP
START GROUP
LOAD c:/st/stm32cubeide_1.10.1/stm32cubeide/plugins/com.st.stm32cube.ide.mcu.externaltools.gnu-tools-for-stm32.10.3-2021.10.win32_1.0.0.202111181127/tools/bin/../lib/gcc/arm-none-eabi/10.3.1/thumb/v7e-m+fp/hard\libgcc.a
LOAD c:/st/stm32cubeide_1.10.1/stm32cubeide/plugins/com.st.stm32cube.ide.mcu.externaltools.gnu-tools-for-stm32.10.3-2021.10.win32_1.0.0.202111181127/tools/bin/../lib/gcc/arm-none-eabi/10.3.1/../../../../arm-none-eabi/lib/thumb/v7e-m+fp/hard\libc_nano.a
LOAD c:/st/stm32cubeide_1.10.1/stm32cubeide/plugins/com.st.stm32cube.ide.mcu.externaltools.gnu-tools-for-stm32.10.3-2021.10.win32_1.0.0.202111181127/tools/bin/../lib/gcc/arm-none-eabi/10.3.1/../../../../arm-none-eabi/lib/thumb/v7e-m+fp/hard\libnosys.a
END GROUP
START GROUP
LOAD c:/st/stm32cubeide_1.10.1/stm32cubeide/plugins/com.st.stm32cube.ide.mcu.externaltools.gnu-tools-for-stm32.10.3-2021.10.win32_1.0.0.202111181127/tools/bin/../lib/gcc/arm-none-eabi/10.3.1/thumb/v7e-m+fp/hard\libgcc.a
LOAD c:/st/stm32cubeide_1.10.1/stm32cubeide/plugins/com.st.stm32cube.ide.mcu.externaltools.gnu-tools-for-stm32.10.3-2021.10.win32_1.0.0.202111181127/tools/bin/../lib/gcc/arm-none-eabi/10.3.1/../../../../arm-none-eabi/lib/thumb/v7e-m+fp/hard\libc_nano.a
LOAD c:/st/stm32cubeide_1.10.1/stm32cubeide/plugins/com.st.stm32cube.ide.mcu.externaltools.gnu-tools-for-stm32.10.3-2021.10.win32_1.0.0.202111181127/tools/bin/../lib/gcc/arm-none-eabi/10.3.1/../../../../arm-none-eabi/lib/thumb/v7e-m+fp/hard\libnosys.a
END GROUP
LOAD c:/st/stm32cubeide_1.10.1/stm32cubeide/plugins/com.st.stm32cube.ide.mcu.externaltools.gnu-tools-for-stm32.10.3-2021.10.win32_1.0.0.202111181127/tools/bin/../lib/gcc/arm-none-eabi/10.3.1/thumb/v7e-m+fp/hard/crtend.o
LOAD c:/st/stm32cubeide_1.10.1/stm32cubeide/plugins/com.st.stm32cube.ide.mcu.externaltools.gnu-tools-for-stm32.10.3-2021.10.win32_1.0.0.202111181127/tools/bin/../lib/gcc/arm-none-eabi/10.3.1/thumb/v7e-m+fp/hard/crtn.o
                0x0000000020018000                _estack = (ORIGIN (RAM) + LENGTH (RAM))
                0x0000000000000200                _Min_Heap_Size = 0x200
                0x0000000000000400                _Min_Stack_Size = 0x400

.isr_vector     0x0000000008000000      0x194
                0x0000000008000000                . = ALIGN (0x4)
 *(.isr_vector)
 .isr_vector    0x0000000008000000      0x194 ./Core/Startup/startup_stm32f401retx.o
                0x0000000008000000                g_pfnVectors
                0x0000000008000194                . = ALIGN (0x4)

.text           0x00000000080001a0     0xe938
                0x00000000080001a0                . = ALIGN (0x4)
 *(.text)
 .text          0x00000000080001a0       0x40 c:/st/stm32cubeide_1.10.1/stm32cubeide/plugins/com.st.stm32cube.ide.mcu.externaltools.gnu-tools-for-stm32.10.3-2021.10.win32_1.0.0.202111181127/tools/bin/../lib/gcc/arm-none-eabi/10.3.1/thumb/v7e-m+fp/hard/crtbegin.o
 .text          0x00000000080001e0      0x378 c:/st/stm32cubeide_1.10.1/stm32cubeide/plugins/com.st.stm32cube.ide.mcu.externaltools.gnu-tools-for-stm32.10.3-2021.10.win32_1.0.0.202111181127/tools/bin/../lib/gcc/arm-none-eabi/10.3.1/thumb/v7e-m+fp/hard\libgcc.a(_arm_addsubdf3.o)
                0x00000000080001e0                __aeabi_drsub
                0x00000000080001e8                __aeabi_dsub
                0x00000000080001e8                __subdf3
                0x00000000080001ec                __aeabi_dadd
                0x00000000080001ec                __adddf3
                0x0000000008000464                __floatunsidf
                0x0000000008000464                __aeabi_ui2d
                0x0000000008000484                __floatsidf
                0x0000000008000484                __aeabi_i2d
                0x00000000080004a8                __aeabi_f2d
                0x00000000080004a8                __extendsfdf2
                0x00000000080004ec                __floatundidf
                0x00000000080004ec                __aeabi_ul2d
                0x00000000080004fc                __floatdidf
                0x00000000080004fc                __aeabi_l2d
 .text          0x0000000008000558      0x424 c:/st/stm32cubeide_1.10.1/stm32cubeide/plugins/com.st.stm32cube.ide.mcu.externaltools.gnu-tools-for-stm32.10.3-2021.10.win32_1.0.0.202111181127/tools/bin/../lib/gcc/arm-none-eabi/10.3.1/thumb/v7e-m+fp/hard\libgcc.a(_arm_muldivdf3.o)
                0x0000000008000558                __aeabi_dmul
                0x0000000008000558                __muldf3
                0x00000000080007ac                __divdf3
                0x00000000080007ac                __aeabi_ddiv
 .text          0x000000000800097c      0x110 c:/st/stm32cubeide_1.10.1/stm32cubeide/plugins/com.st.stm32cube.ide.mcu.externaltools.gnu-tools-for-stm32.10.3-2021.10.win32_1.0.0.202111181127/tools/bin/../lib/gcc/arm-none-eabi/10.3.1/thumb/v7e-m+fp/hard\libgcc.a(_arm_cmpdf2.o)
                0x000000000800097c                __gtdf2
                0x000000000800097c                __gedf2
                0x0000000008000984                __ltdf2
                0x0000000008000984                __ledf2
                0x000000000800098c                __nedf2
                0x000000000800098c                __eqdf2
                0x000000000800098c                __cmpdf2
                0x0000000008000a08                __aeabi_cdrcmple
                0x0000000008000a18                __aeabi_cdcmpeq
                0x0000000008000a18                __aeabi_cdcmple
                0x0000000008000a28                __aeabi_dcmpeq
                0x0000000008000a3c                __aeabi_dcmplt
                0x0000000008000a50                __aeabi_dcmple
                0x0000000008000a64                __aeabi_dcmpge
                0x0000000008000a78                __aeabi_dcmpgt
 .text          0x0000000008000a8c       0x2c c:/st/stm32cubeide_1.10.1/stm32cubeide/plugins/com.st.stm32cube.ide.mcu.externaltools.gnu-tools-for-stm32.10.3-2021.10.win32_1.0.0.202111181127/tools/bin/../lib/gcc/arm-none-eabi/10.3.1/thumb/v7e-m+fp/hard\libgcc.a(_arm_unorddf2.o)
                0x0000000008000a8c                __unorddf2
                0x0000000008000a8c                __aeabi_dcmpun
 .text          0x0000000008000ab8       0x40 c:/st/stm32cubeide_1.10.1/stm32cubeide/plugins/com.st.stm32cube.ide.mcu.externaltools.gnu-tools-for-stm32.10.3-2021.10.win32_1.0.0.202111181127/tools/bin/../lib/gcc/arm-none-eabi/10.3.1/thumb/v7e-m+fp/hard\libgcc.a(_arm_fixunsdfsi.o)
                0x0000000008000ab8                __aeabi_d2uiz
                0x0000000008000ab8                __fixunsdfsi
 .text          0x0000000008000af8       0xa0 c:/st/stm32cubeide_1.10.1/stm32cubeide/plugins/com.st.stm32cube.ide.mcu.externaltools.gnu-tools-for-stm32.10.3-2021.10.win32_1.0.0.202111181127/tools/bin/../lib/gcc/arm-none-eabi/10.3.1/thumb/v7e-m+fp/hard\libgcc.a(_arm_truncdfsf2.o)
                0x0000000008000af8                __truncdfsf2
                0x0000000008000af8                __aeabi_d2f
 .text          0x0000000008000b98       0x30 c:/st/stm32cubeide_1.10.1/stm32cubeide/plugins/com.st.stm32cube.ide.mcu.externaltools.gnu-tools-for-stm32.10.3-2021.10.win32_1.0.0.202111181127/tools/bin/../lib/gcc/arm-none-eabi/10.3.1/thumb/v7e-m+fp/hard\libgcc.a(_aeabi_uldivmod.o)
                0x0000000008000b98                __aeabi_uldivmod
 .text          0x0000000008000bc8      0x2d0 c:/st/stm32cubeide_1.10.1/stm32cubeide/plugins/com.st.stm32cube.ide.mcu.externaltools.gnu-tools-for-stm32.10.3-2021.10.win32_1.0.0.202111181127/tools/bin/../lib/gcc/arm-none-eabi/10.3.1/thumb/v7e-m+fp/hard\libgcc.a(_udivmoddi4.o)
                0x0000000008000bc8                __udivmoddi4
 .text          0x0000000008000e98        0x4 c:/st/stm32cubeide_1.10.1/stm32cubeide/plugins/com.st.stm32cube.ide.mcu.externaltools.gnu-tools-for-stm32.10.3-2021.10.win32_1.0.0.202111181127/tools/bin/../lib/gcc/arm-none-eabi/10.3.1/thumb/v7e-m+fp/hard\libgcc.a(_dvmd_tls.o)
                0x0000000008000e98                __aeabi_idiv0
                0x0000000008000e98                __aeabi_ldiv0
 *(.text*)
 .text.vApplicationGetIdleTaskMemory
                0x0000000008000e9c       0x34 ./Core/Src/freertos.o
                0x0000000008000e9c                vApplicationGetIdleTaskMemory
 .text.rms_to_char
                0x0000000008000ed0      0x208 ./Core/Src/main.o
                0x0000000008000ed0                rms_to_char
 .text.freq_to_char
                0x00000000080010d8      0x298 ./Core/Src/main.o
                0x00000000080010d8                freq_to_char
 .text.map      0x0000000008001370       0x5c ./Core/Src/main.o
                0x0000000008001370                map
 .text.display_plot_escala
                0x00000000080013cc      0x38c ./Core/Src/main.o
                0x00000000080013cc                display_plot_escala
 .text.display_plot_grilla
                0x0000000008001758      0x11a ./Core/Src/main.o
                0x0000000008001758                display_plot_grilla
 *fill*         0x0000000008001872        0x2 
 .text.display_plot_trigger
                0x0000000008001874       0x84 ./Core/Src/main.o
                0x0000000008001874                display_plot_trigger
 .text.display_plot_signal
                0x00000000080018f8      0x144 ./Core/Src/main.o
                0x00000000080018f8                display_plot_signal
 .text.display_plot_rms
                0x0000000008001a3c       0xb8 ./Core/Src/main.o
                0x0000000008001a3c                display_plot_rms
 .text.display_plot_tiempo
                0x0000000008001af4       0xc8 ./Core/Src/main.o
                0x0000000008001af4                display_plot_tiempo
 .text.display_plot_freq
                0x0000000008001bbc       0x60 ./Core/Src/main.o
                0x0000000008001bbc                display_plot_freq
 .text.display_plot_encoder
                0x0000000008001c1c       0x6c ./Core/Src/main.o
                0x0000000008001c1c                display_plot_encoder
 .text.mux_select_escala
                0x0000000008001c88      0x17c ./Core/Src/main.o
                0x0000000008001c88                mux_select_escala
 .text.ADC_sampling
                0x0000000008001e04       0x8c ./Core/Src/main.o
                0x0000000008001e04                ADC_sampling
 .text.adc_select_frecuencia
                0x0000000008001e90       0xac ./Core/Src/main.o
                0x0000000008001e90                adc_select_frecuencia
 .text.modificar_escala
                0x0000000008001f3c       0xd0 ./Core/Src/main.o
                0x0000000008001f3c                modificar_escala
 .text.encoder_pos
                0x000000000800200c      0x288 ./Core/Src/main.o
                0x000000000800200c                encoder_pos
 .text.Init_Sistema
                0x0000000008002294       0x68 ./Core/Src/main.o
                0x0000000008002294                Init_Sistema
 .text.Mostrar_pantalla
                0x00000000080022fc       0x58 ./Core/Src/main.o
                0x00000000080022fc                Mostrar_pantalla
 .text.HAL_GPIO_EXTI_Callback
                0x0000000008002354       0x98 ./Core/Src/main.o
                0x0000000008002354                HAL_GPIO_EXTI_Callback
 .text.HAL_ADC_ConvHalfCpltCallback
                0x00000000080023ec       0x58 ./Core/Src/main.o
                0x00000000080023ec                HAL_ADC_ConvHalfCpltCallback
 *fill*         0x0000000008002444        0x4 
 .text.HAL_ADC_ConvCpltCallback
                0x0000000008002448      0x1b0 ./Core/Src/main.o
                0x0000000008002448                HAL_ADC_ConvCpltCallback
 .text.HAL_TIM_IC_CaptureCallback
                0x00000000080025f8       0x64 ./Core/Src/main.o
                0x00000000080025f8                HAL_TIM_IC_CaptureCallback
 .text.main     0x000000000800265c       0xd0 ./Core/Src/main.o
                0x000000000800265c                main
 .text.SystemClock_Config
                0x000000000800272c       0xd8 ./Core/Src/main.o
                0x000000000800272c                SystemClock_Config
 .text.MX_ADC1_Init
                0x0000000008002804       0xa4 ./Core/Src/main.o
 .text.MX_I2C1_Init
                0x00000000080028a8       0x5c ./Core/Src/main.o
 .text.MX_TIM2_Init
                0x0000000008002904       0xb0 ./Core/Src/main.o
 .text.MX_TIM3_Init
                0x00000000080029b4       0x98 ./Core/Src/main.o
 .text.MX_TIM4_Init
                0x0000000008002a4c       0xa8 ./Core/Src/main.o
 .text.MX_TIM5_Init
                0x0000000008002af4       0xe4 ./Core/Src/main.o
 .text.MX_DMA_Init
                0x0000000008002bd8       0x40 ./Core/Src/main.o
 .text.MX_GPIO_Init
                0x0000000008002c18      0x140 ./Core/Src/main.o
 .text.HAL_TIM_PeriodElapsedCallback
                0x0000000008002d58       0x24 ./Core/Src/main.o
                0x0000000008002d58                HAL_TIM_PeriodElapsedCallback
 .text.Error_Handler
                0x0000000008002d7c        0xa ./Core/Src/main.o
                0x0000000008002d7c                Error_Handler
 *fill*         0x0000000008002d86        0x2 
 .text.ssd1306_WriteCommand
                0x0000000008002d88       0x30 ./Core/Src/ssd1306.o
                0x0000000008002d88                ssd1306_WriteCommand
 .text.ssd1306_WriteData
                0x0000000008002db8       0x34 ./Core/Src/ssd1306.o
                0x0000000008002db8                ssd1306_WriteData
 .text.ssd1306_Init
                0x0000000008002dec       0xcc ./Core/Src/ssd1306.o
                0x0000000008002dec                ssd1306_Init
 .text.ssd1306_Fill
                0x0000000008002eb8       0x48 ./Core/Src/ssd1306.o
                0x0000000008002eb8                ssd1306_Fill
 .text.ssd1306_UpdateScreen
                0x0000000008002f00       0x50 ./Core/Src/ssd1306.o
                0x0000000008002f00                ssd1306_UpdateScreen
 .text.ssd1306_DrawPixel
                0x0000000008002f50       0xa8 ./Core/Src/ssd1306.o
                0x0000000008002f50                ssd1306_DrawPixel
 .text.ssd1306_WriteChar
                0x0000000008002ff8      0x110 ./Core/Src/ssd1306.o
                0x0000000008002ff8                ssd1306_WriteChar
 .text.ssd1306_WriteString
                0x0000000008003108       0x4c ./Core/Src/ssd1306.o
                0x0000000008003108                ssd1306_WriteString
 .text.ssd1306_SetCursor
                0x0000000008003154       0x30 ./Core/Src/ssd1306.o
                0x0000000008003154                ssd1306_SetCursor
 .text.ssd1306_Line
                0x0000000008003184       0xd8 ./Core/Src/ssd1306.o
                0x0000000008003184                ssd1306_Line
 .text.ssd1306_VLine
                0x000000000800325c       0x3e ./Core/Src/ssd1306.o
                0x000000000800325c                ssd1306_VLine
 .text.ssd1306_HLine
                0x000000000800329a       0x3e ./Core/Src/ssd1306.o
                0x000000000800329a                ssd1306_HLine
 .text.ssd1306_SetContrast
                0x00000000080032d8       0x26 ./Core/Src/ssd1306.o
                0x00000000080032d8                ssd1306_SetContrast
 *fill*         0x00000000080032fe        0x2 
 .text.ssd1306_SetDisplayOn
                0x0000000008003300       0x3c ./Core/Src/ssd1306.o
                0x0000000008003300                ssd1306_SetDisplayOn
 .text.HAL_MspInit
                0x000000000800333c       0x58 ./Core/Src/stm32f4xx_hal_msp.o
                0x000000000800333c                HAL_MspInit
 .text.HAL_ADC_MspInit
                0x0000000008003394       0xec ./Core/Src/stm32f4xx_hal_msp.o
                0x0000000008003394                HAL_ADC_MspInit
 .text.HAL_I2C_MspInit
                0x0000000008003480       0x90 ./Core/Src/stm32f4xx_hal_msp.o
                0x0000000008003480                HAL_I2C_MspInit
 .text.HAL_TIM_OC_MspInit
                0x0000000008003510       0x40 ./Core/Src/stm32f4xx_hal_msp.o
                0x0000000008003510                HAL_TIM_OC_MspInit
 .text.HAL_TIM_Base_MspInit
                0x0000000008003550       0xcc ./Core/Src/stm32f4xx_hal_msp.o
                0x0000000008003550                HAL_TIM_Base_MspInit
 .text.HAL_TIM_Encoder_MspInit
                0x000000000800361c       0x90 ./Core/Src/stm32f4xx_hal_msp.o
                0x000000000800361c                HAL_TIM_Encoder_MspInit
 .text.HAL_TIM_MspPostInit
                0x00000000080036ac       0x70 ./Core/Src/stm32f4xx_hal_msp.o
                0x00000000080036ac                HAL_TIM_MspPostInit
 .text.HAL_InitTick
                0x000000000800371c       0xe4 ./Core/Src/stm32f4xx_hal_timebase_tim.o
                0x000000000800371c                HAL_InitTick
 .text.NMI_Handler
                0x0000000008003800        0x6 ./Core/Src/stm32f4xx_it.o
                0x0000000008003800                NMI_Handler
 .text.HardFault_Handler
                0x0000000008003806        0x6 ./Core/Src/stm32f4xx_it.o
                0x0000000008003806                HardFault_Handler
 .text.MemManage_Handler
                0x000000000800380c        0x6 ./Core/Src/stm32f4xx_it.o
                0x000000000800380c                MemManage_Handler
 .text.BusFault_Handler
                0x0000000008003812        0x6 ./Core/Src/stm32f4xx_it.o
                0x0000000008003812                BusFault_Handler
 .text.UsageFault_Handler
                0x0000000008003818        0x6 ./Core/Src/stm32f4xx_it.o
                0x0000000008003818                UsageFault_Handler
 .text.DebugMon_Handler
                0x000000000800381e        0xe ./Core/Src/stm32f4xx_it.o
                0x000000000800381e                DebugMon_Handler
 .text.EXTI9_5_IRQHandler
                0x000000000800382c       0x10 ./Core/Src/stm32f4xx_it.o
                0x000000000800382c                EXTI9_5_IRQHandler
 .text.TIM1_UP_TIM10_IRQHandler
                0x000000000800383c       0x14 ./Core/Src/stm32f4xx_it.o
                0x000000000800383c                TIM1_UP_TIM10_IRQHandler
 .text.TIM5_IRQHandler
                0x0000000008003850       0x14 ./Core/Src/stm32f4xx_it.o
                0x0000000008003850                TIM5_IRQHandler
 .text.DMA2_Stream0_IRQHandler
                0x0000000008003864       0x14 ./Core/Src/stm32f4xx_it.o
                0x0000000008003864                DMA2_Stream0_IRQHandler
 .text.OTG_FS_IRQHandler
                0x0000000008003878       0x14 ./Core/Src/stm32f4xx_it.o
                0x0000000008003878                OTG_FS_IRQHandler
 .text.SystemInit
                0x000000000800388c       0x24 ./Core/Src/system_stm32f4xx.o
                0x000000000800388c                SystemInit
 .text.Reset_Handler
                0x00000000080038b0       0x50 ./Core/Startup/startup_stm32f401retx.o
                0x00000000080038b0                Reset_Handler
 .text.Default_Handler
                0x0000000008003900        0x2 ./Core/Startup/startup_stm32f401retx.o
                0x0000000008003900                RTC_Alarm_IRQHandler
                0x0000000008003900                EXTI2_IRQHandler
                0x0000000008003900                SPI4_IRQHandler
                0x0000000008003900                TIM1_CC_IRQHandler
                0x0000000008003900                DMA2_Stream5_IRQHandler
                0x0000000008003900                DMA1_Stream5_IRQHandler
                0x0000000008003900                PVD_IRQHandler
                0x0000000008003900                SDIO_IRQHandler
                0x0000000008003900                TAMP_STAMP_IRQHandler
                0x0000000008003900                EXTI3_IRQHandler
                0x0000000008003900                I2C3_ER_IRQHandler
                0x0000000008003900                EXTI0_IRQHandler
                0x0000000008003900                I2C2_EV_IRQHandler
                0x0000000008003900                DMA1_Stream2_IRQHandler
                0x0000000008003900                FPU_IRQHandler
                0x0000000008003900                DMA2_Stream2_IRQHandler
                0x0000000008003900                SPI1_IRQHandler
                0x0000000008003900                TIM1_BRK_TIM9_IRQHandler
                0x0000000008003900                DMA2_Stream3_IRQHandler
                0x0000000008003900                USART6_IRQHandler
                0x0000000008003900                TIM4_IRQHandler
                0x0000000008003900                I2C1_EV_IRQHandler
                0x0000000008003900                DMA1_Stream6_IRQHandler
                0x0000000008003900                DMA1_Stream1_IRQHandler
                0x0000000008003900                TIM3_IRQHandler
                0x0000000008003900                RCC_IRQHandler
                0x0000000008003900                Default_Handler
                0x0000000008003900                EXTI15_10_IRQHandler
                0x0000000008003900                ADC_IRQHandler
                0x0000000008003900                DMA1_Stream7_IRQHandler
                0x0000000008003900                DMA2_Stream7_IRQHandler
                0x0000000008003900                I2C3_EV_IRQHandler
                0x0000000008003900                RTC_WKUP_IRQHandler
                0x0000000008003900                SPI2_IRQHandler
                0x0000000008003900                DMA1_Stream0_IRQHandler
                0x0000000008003900                EXTI4_IRQHandler
                0x0000000008003900                WWDG_IRQHandler
                0x0000000008003900                TIM2_IRQHandler
                0x0000000008003900                OTG_FS_WKUP_IRQHandler
                0x0000000008003900                TIM1_TRG_COM_TIM11_IRQHandler
                0x0000000008003900                EXTI1_IRQHandler
                0x0000000008003900                USART2_IRQHandler
                0x0000000008003900                I2C2_ER_IRQHandler
                0x0000000008003900                DMA2_Stream1_IRQHandler
                0x0000000008003900                FLASH_IRQHandler
                0x0000000008003900                DMA2_Stream4_IRQHandler
                0x0000000008003900                USART1_IRQHandler
                0x0000000008003900                SPI3_IRQHandler
                0x0000000008003900                DMA1_Stream4_IRQHandler
                0x0000000008003900                I2C1_ER_IRQHandler
                0x0000000008003900                DMA2_Stream6_IRQHandler
                0x0000000008003900                DMA1_Stream3_IRQHandler
 *fill*         0x0000000008003902        0x2 
 .text.HAL_Init
                0x0000000008003904       0x44 ./Drivers/STM32F4xx_HAL_Driver/Src/stm32f4xx_hal.o
                0x0000000008003904                HAL_Init
 .text.HAL_IncTick
                0x0000000008003948       0x28 ./Drivers/STM32F4xx_HAL_Driver/Src/stm32f4xx_hal.o
                0x0000000008003948                HAL_IncTick
 .text.HAL_GetTick
                0x0000000008003970       0x18 ./Drivers/STM32F4xx_HAL_Driver/Src/stm32f4xx_hal.o
                0x0000000008003970                HAL_GetTick
 .text.HAL_Delay
                0x0000000008003988       0x48 ./Drivers/STM32F4xx_HAL_Driver/Src/stm32f4xx_hal.o
                0x0000000008003988                HAL_Delay
 .text.HAL_ADC_Init
                0x00000000080039d0       0x86 ./Drivers/STM32F4xx_HAL_Driver/Src/stm32f4xx_hal_adc.o
                0x00000000080039d0                HAL_ADC_Init
 *fill*         0x0000000008003a56        0x2 
 .text.HAL_ADC_Start_DMA
                0x0000000008003a58      0x1e0 ./Drivers/STM32F4xx_HAL_Driver/Src/stm32f4xx_hal_adc.o
                0x0000000008003a58                HAL_ADC_Start_DMA
 .text.HAL_ADC_ErrorCallback
                0x0000000008003c38       0x14 ./Drivers/STM32F4xx_HAL_Driver/Src/stm32f4xx_hal_adc.o
                0x0000000008003c38                HAL_ADC_ErrorCallback
 .text.HAL_ADC_ConfigChannel
                0x0000000008003c4c      0x244 ./Drivers/STM32F4xx_HAL_Driver/Src/stm32f4xx_hal_adc.o
                0x0000000008003c4c                HAL_ADC_ConfigChannel
 .text.ADC_Init
                0x0000000008003e90      0x1f8 ./Drivers/STM32F4xx_HAL_Driver/Src/stm32f4xx_hal_adc.o
 .text.ADC_DMAConvCplt
                0x0000000008004088       0xba ./Drivers/STM32F4xx_HAL_Driver/Src/stm32f4xx_hal_adc.o
 .text.ADC_DMAHalfConvCplt
                0x0000000008004142       0x1c ./Drivers/STM32F4xx_HAL_Driver/Src/stm32f4xx_hal_adc.o
 .text.ADC_DMAError
                0x000000000800415e       0x2e ./Drivers/STM32F4xx_HAL_Driver/Src/stm32f4xx_hal_adc.o
 .text.__NVIC_SetPriorityGrouping
                0x000000000800418c       0x48 ./Drivers/STM32F4xx_HAL_Driver/Src/stm32f4xx_hal_cortex.o
 .text.__NVIC_GetPriorityGrouping
                0x00000000080041d4       0x1c ./Drivers/STM32F4xx_HAL_Driver/Src/stm32f4xx_hal_cortex.o
 .text.__NVIC_EnableIRQ
                0x00000000080041f0       0x3c ./Drivers/STM32F4xx_HAL_Driver/Src/stm32f4xx_hal_cortex.o
 .text.__NVIC_SetPriority
                0x000000000800422c       0x54 ./Drivers/STM32F4xx_HAL_Driver/Src/stm32f4xx_hal_cortex.o
 .text.NVIC_EncodePriority
                0x0000000008004280       0x66 ./Drivers/STM32F4xx_HAL_Driver/Src/stm32f4xx_hal_cortex.o
 .text.HAL_NVIC_SetPriorityGrouping
                0x00000000080042e6       0x16 ./Drivers/STM32F4xx_HAL_Driver/Src/stm32f4xx_hal_cortex.o
                0x00000000080042e6                HAL_NVIC_SetPriorityGrouping
 .text.HAL_NVIC_SetPriority
                0x00000000080042fc       0x38 ./Drivers/STM32F4xx_HAL_Driver/Src/stm32f4xx_hal_cortex.o
                0x00000000080042fc                HAL_NVIC_SetPriority
 .text.HAL_NVIC_EnableIRQ
                0x0000000008004334       0x1c ./Drivers/STM32F4xx_HAL_Driver/Src/stm32f4xx_hal_cortex.o
                0x0000000008004334                HAL_NVIC_EnableIRQ
 .text.HAL_DMA_Init
                0x0000000008004350      0x15c ./Drivers/STM32F4xx_HAL_Driver/Src/stm32f4xx_hal_dma.o
                0x0000000008004350                HAL_DMA_Init
 .text.HAL_DMA_Start_IT
                0x00000000080044ac       0xb0 ./Drivers/STM32F4xx_HAL_Driver/Src/stm32f4xx_hal_dma.o
                0x00000000080044ac                HAL_DMA_Start_IT
 .text.HAL_DMA_IRQHandler
                0x000000000800455c      0x314 ./Drivers/STM32F4xx_HAL_Driver/Src/stm32f4xx_hal_dma.o
                0x000000000800455c                HAL_DMA_IRQHandler
 .text.DMA_SetConfig
                0x0000000008004870       0x5c ./Drivers/STM32F4xx_HAL_Driver/Src/stm32f4xx_hal_dma.o
 .text.DMA_CalcBaseAndBitshift
                0x00000000080048cc       0x6c ./Drivers/STM32F4xx_HAL_Driver/Src/stm32f4xx_hal_dma.o
 .text.DMA_CheckFifoParam
                0x0000000008004938       0xf8 ./Drivers/STM32F4xx_HAL_Driver/Src/stm32f4xx_hal_dma.o
 .text.HAL_GPIO_Init
                0x0000000008004a30      0x308 ./Drivers/STM32F4xx_HAL_Driver/Src/stm32f4xx_hal_gpio.o
                0x0000000008004a30                HAL_GPIO_Init
 .text.HAL_GPIO_WritePin
                0x0000000008004d38       0x32 ./Drivers/STM32F4xx_HAL_Driver/Src/stm32f4xx_hal_gpio.o
                0x0000000008004d38                HAL_GPIO_WritePin
 *fill*         0x0000000008004d6a        0x2 
 .text.HAL_GPIO_EXTI_IRQHandler
                0x0000000008004d6c       0x30 ./Drivers/STM32F4xx_HAL_Driver/Src/stm32f4xx_hal_gpio.o
                0x0000000008004d6c                HAL_GPIO_EXTI_IRQHandler
 .text.HAL_I2C_Init
                0x0000000008004d9c      0x288 ./Drivers/STM32F4xx_HAL_Driver/Src/stm32f4xx_hal_i2c.o
                0x0000000008004d9c                HAL_I2C_Init
 .text.HAL_I2C_Mem_Write
                0x0000000008005024      0x1f4 ./Drivers/STM32F4xx_HAL_Driver/Src/stm32f4xx_hal_i2c.o
                0x0000000008005024                HAL_I2C_Mem_Write
 .text.I2C_RequestMemoryWrite
                0x0000000008005218      0x12c ./Drivers/STM32F4xx_HAL_Driver/Src/stm32f4xx_hal_i2c.o
 .text.I2C_WaitOnFlagUntilTimeout
                0x0000000008005344       0xae ./Drivers/STM32F4xx_HAL_Driver/Src/stm32f4xx_hal_i2c.o
 .text.I2C_WaitOnMasterAddressFlagUntilTimeout
                0x00000000080053f2       0xfe ./Drivers/STM32F4xx_HAL_Driver/Src/stm32f4xx_hal_i2c.o
 .text.I2C_WaitOnTXEFlagUntilTimeout
                0x00000000080054f0       0x82 ./Drivers/STM32F4xx_HAL_Driver/Src/stm32f4xx_hal_i2c.o
 .text.I2C_WaitOnBTFFlagUntilTimeout
                0x0000000008005572       0x82 ./Drivers/STM32F4xx_HAL_Driver/Src/stm32f4xx_hal_i2c.o
 .text.I2C_IsAcknowledgeFailed
                0x00000000080055f4       0x5e ./Drivers/STM32F4xx_HAL_Driver/Src/stm32f4xx_hal_i2c.o
 .text.HAL_PCD_Init
                0x0000000008005652      0x23a ./Drivers/STM32F4xx_HAL_Driver/Src/stm32f4xx_hal_pcd.o
                0x0000000008005652                HAL_PCD_Init
 .text.HAL_PCD_Start
                0x000000000800588c       0x66 ./Drivers/STM32F4xx_HAL_Driver/Src/stm32f4xx_hal_pcd.o
                0x000000000800588c                HAL_PCD_Start
 .text.HAL_PCD_IRQHandler
                0x00000000080058f2      0x93e ./Drivers/STM32F4xx_HAL_Driver/Src/stm32f4xx_hal_pcd.o
                0x00000000080058f2                HAL_PCD_IRQHandler
 .text.HAL_PCD_SetAddress
                0x0000000008006230       0x4a ./Drivers/STM32F4xx_HAL_Driver/Src/stm32f4xx_hal_pcd.o
                0x0000000008006230                HAL_PCD_SetAddress
 .text.HAL_PCD_EP_Open
                0x000000000800627a       0xd0 ./Drivers/STM32F4xx_HAL_Driver/Src/stm32f4xx_hal_pcd.o
                0x000000000800627a                HAL_PCD_EP_Open
 .text.HAL_PCD_EP_Close
                0x000000000800634a       0x94 ./Drivers/STM32F4xx_HAL_Driver/Src/stm32f4xx_hal_pcd.o
                0x000000000800634a                HAL_PCD_EP_Close
 .text.HAL_PCD_EP_Receive
                0x00000000080063de       0x96 ./Drivers/STM32F4xx_HAL_Driver/Src/stm32f4xx_hal_pcd.o
                0x00000000080063de                HAL_PCD_EP_Receive
 .text.HAL_PCD_EP_Transmit
                0x0000000008006474       0x94 ./Drivers/STM32F4xx_HAL_Driver/Src/stm32f4xx_hal_pcd.o
                0x0000000008006474                HAL_PCD_EP_Transmit
 .text.HAL_PCD_EP_SetStall
                0x0000000008006508       0xc8 ./Drivers/STM32F4xx_HAL_Driver/Src/stm32f4xx_hal_pcd.o
                0x0000000008006508                HAL_PCD_EP_SetStall
 .text.HAL_PCD_EP_ClrStall
                0x00000000080065d0       0xac ./Drivers/STM32F4xx_HAL_Driver/Src/stm32f4xx_hal_pcd.o
                0x00000000080065d0                HAL_PCD_EP_ClrStall
 .text.HAL_PCD_EP_Abort
                0x000000000800667c       0x62 ./Drivers/STM32F4xx_HAL_Driver/Src/stm32f4xx_hal_pcd.o
                0x000000000800667c                HAL_PCD_EP_Abort
 .text.PCD_WriteEmptyTxFifo
                0x00000000080066de      0x11a ./Drivers/STM32F4xx_HAL_Driver/Src/stm32f4xx_hal_pcd.o
 .text.PCD_EP_OutXfrComplete_int
                0x00000000080067f8      0x1d0 ./Drivers/STM32F4xx_HAL_Driver/Src/stm32f4xx_hal_pcd.o
 .text.PCD_EP_OutSetupPacket_int
                0x00000000080069c8       0x8c ./Drivers/STM32F4xx_HAL_Driver/Src/stm32f4xx_hal_pcd.o
 .text.HAL_PCDEx_SetTxFiFo
                0x0000000008006a54       0x8e ./Drivers/STM32F4xx_HAL_Driver/Src/stm32f4xx_hal_pcd_ex.o
                0x0000000008006a54                HAL_PCDEx_SetTxFiFo
 .text.HAL_PCDEx_SetRxFiFo
                0x0000000008006ae2       0x22 ./Drivers/STM32F4xx_HAL_Driver/Src/stm32f4xx_hal_pcd_ex.o
                0x0000000008006ae2                HAL_PCDEx_SetRxFiFo
 .text.HAL_PCDEx_LPM_Callback
                0x0000000008006b04       0x18 ./Drivers/STM32F4xx_HAL_Driver/Src/stm32f4xx_hal_pcd_ex.o
                0x0000000008006b04                HAL_PCDEx_LPM_Callback
 .text.HAL_RCC_OscConfig
                0x0000000008006b1c      0x4f0 ./Drivers/STM32F4xx_HAL_Driver/Src/stm32f4xx_hal_rcc.o
                0x0000000008006b1c                HAL_RCC_OscConfig
 .text.HAL_RCC_ClockConfig
                0x000000000800700c      0x1cc ./Drivers/STM32F4xx_HAL_Driver/Src/stm32f4xx_hal_rcc.o
                0x000000000800700c                HAL_RCC_ClockConfig
 .text.HAL_RCC_GetSysClockFreq
                0x00000000080071d8      0x20c ./Drivers/STM32F4xx_HAL_Driver/Src/stm32f4xx_hal_rcc.o
                0x00000000080071d8                HAL_RCC_GetSysClockFreq
 .text.HAL_RCC_GetHCLKFreq
                0x00000000080073e4       0x18 ./Drivers/STM32F4xx_HAL_Driver/Src/stm32f4xx_hal_rcc.o
                0x00000000080073e4                HAL_RCC_GetHCLKFreq
 .text.HAL_RCC_GetPCLK1Freq
                0x00000000080073fc       0x28 ./Drivers/STM32F4xx_HAL_Driver/Src/stm32f4xx_hal_rcc.o
                0x00000000080073fc                HAL_RCC_GetPCLK1Freq
 .text.HAL_RCC_GetPCLK2Freq
                0x0000000008007424       0x28 ./Drivers/STM32F4xx_HAL_Driver/Src/stm32f4xx_hal_rcc.o
                0x0000000008007424                HAL_RCC_GetPCLK2Freq
 .text.HAL_RCC_GetClockConfig
                0x000000000800744c       0x64 ./Drivers/STM32F4xx_HAL_Driver/Src/stm32f4xx_hal_rcc.o
                0x000000000800744c                HAL_RCC_GetClockConfig
 .text.HAL_TIM_Base_Init
                0x00000000080074b0       0x9e ./Drivers/STM32F4xx_HAL_Driver/Src/stm32f4xx_hal_tim.o
                0x00000000080074b0                HAL_TIM_Base_Init
 *fill*         0x000000000800754e        0x2 
 .text.HAL_TIM_Base_Start
                0x0000000008007550       0xb4 ./Drivers/STM32F4xx_HAL_Driver/Src/stm32f4xx_hal_tim.o
                0x0000000008007550                HAL_TIM_Base_Start
 .text.HAL_TIM_Base_Stop
                0x0000000008007604       0x4e ./Drivers/STM32F4xx_HAL_Driver/Src/stm32f4xx_hal_tim.o
                0x0000000008007604                HAL_TIM_Base_Stop
 *fill*         0x0000000008007652        0x2 
 .text.HAL_TIM_Base_Start_IT
                0x0000000008007654       0xc4 ./Drivers/STM32F4xx_HAL_Driver/Src/stm32f4xx_hal_tim.o
                0x0000000008007654                HAL_TIM_Base_Start_IT
 .text.HAL_TIM_OC_Init
                0x0000000008007718       0x9e ./Drivers/STM32F4xx_HAL_Driver/Src/stm32f4xx_hal_tim.o
                0x0000000008007718                HAL_TIM_OC_Init
 *fill*         0x00000000080077b6        0x2 
 .text.HAL_TIM_OC_Start
                0x00000000080077b8      0x160 ./Drivers/STM32F4xx_HAL_Driver/Src/stm32f4xx_hal_tim.o
                0x00000000080077b8                HAL_TIM_OC_Start
 .text.HAL_TIM_IC_Init
                0x0000000008007918       0x9e ./Drivers/STM32F4xx_HAL_Driver/Src/stm32f4xx_hal_tim.o
                0x0000000008007918                HAL_TIM_IC_Init
 .text.HAL_TIM_IC_MspInit
                0x00000000080079b6       0x14 ./Drivers/STM32F4xx_HAL_Driver/Src/stm32f4xx_hal_tim.o
                0x00000000080079b6                HAL_TIM_IC_MspInit
 *fill*         0x00000000080079ca        0x2 
 .text.HAL_TIM_IC_Start_IT
                0x00000000080079cc      0x234 ./Drivers/STM32F4xx_HAL_Driver/Src/stm32f4xx_hal_tim.o
                0x00000000080079cc                HAL_TIM_IC_Start_IT
 .text.HAL_TIM_Encoder_Init
                0x0000000008007c00      0x14c ./Drivers/STM32F4xx_HAL_Driver/Src/stm32f4xx_hal_tim.o
                0x0000000008007c00                HAL_TIM_Encoder_Init
 .text.HAL_TIM_Encoder_Start_IT
                0x0000000008007d4c      0x15c ./Drivers/STM32F4xx_HAL_Driver/Src/stm32f4xx_hal_tim.o
                0x0000000008007d4c                HAL_TIM_Encoder_Start_IT
 .text.HAL_TIM_IRQHandler
                0x0000000008007ea8      0x210 ./Drivers/STM32F4xx_HAL_Driver/Src/stm32f4xx_hal_tim.o
                0x0000000008007ea8                HAL_TIM_IRQHandler
 .text.HAL_TIM_OC_ConfigChannel
                0x00000000080080b8       0xb8 ./Drivers/STM32F4xx_HAL_Driver/Src/stm32f4xx_hal_tim.o
                0x00000000080080b8                HAL_TIM_OC_ConfigChannel
 .text.HAL_TIM_IC_ConfigChannel
                0x0000000008008170      0x138 ./Drivers/STM32F4xx_HAL_Driver/Src/stm32f4xx_hal_tim.o
                0x0000000008008170                HAL_TIM_IC_ConfigChannel
 .text.HAL_TIM_ConfigClockSource
                0x00000000080082a8      0x18e ./Drivers/STM32F4xx_HAL_Driver/Src/stm32f4xx_hal_tim.o
                0x00000000080082a8                HAL_TIM_ConfigClockSource
 .text.HAL_TIM_OC_DelayElapsedCallback
                0x0000000008008436       0x14 ./Drivers/STM32F4xx_HAL_Driver/Src/stm32f4xx_hal_tim.o
                0x0000000008008436                HAL_TIM_OC_DelayElapsedCallback
 .text.HAL_TIM_PWM_PulseFinishedCallback
                0x000000000800844a       0x14 ./Drivers/STM32F4xx_HAL_Driver/Src/stm32f4xx_hal_tim.o
                0x000000000800844a                HAL_TIM_PWM_PulseFinishedCallback
 .text.HAL_TIM_TriggerCallback
                0x000000000800845e       0x14 ./Drivers/STM32F4xx_HAL_Driver/Src/stm32f4xx_hal_tim.o
                0x000000000800845e                HAL_TIM_TriggerCallback
 *fill*         0x0000000008008472        0x2 
 .text.TIM_Base_SetConfig
                0x0000000008008474      0x100 ./Drivers/STM32F4xx_HAL_Driver/Src/stm32f4xx_hal_tim.o
                0x0000000008008474                TIM_Base_SetConfig
 .text.TIM_OC1_SetConfig
                0x0000000008008574       0xcc ./Drivers/STM32F4xx_HAL_Driver/Src/stm32f4xx_hal_tim.o
 .text.TIM_OC2_SetConfig
                0x0000000008008640       0xd8 ./Drivers/STM32F4xx_HAL_Driver/Src/stm32f4xx_hal_tim.o
                0x0000000008008640                TIM_OC2_SetConfig
 .text.TIM_OC3_SetConfig
                0x0000000008008718       0xd4 ./Drivers/STM32F4xx_HAL_Driver/Src/stm32f4xx_hal_tim.o
 .text.TIM_OC4_SetConfig
                0x00000000080087ec       0xa0 ./Drivers/STM32F4xx_HAL_Driver/Src/stm32f4xx_hal_tim.o
 .text.TIM_TI1_SetConfig
                0x000000000800888c       0xd0 ./Drivers/STM32F4xx_HAL_Driver/Src/stm32f4xx_hal_tim.o
                0x000000000800888c                TIM_TI1_SetConfig
 .text.TIM_TI1_ConfigInputStage
                0x000000000800895c       0x5e ./Drivers/STM32F4xx_HAL_Driver/Src/stm32f4xx_hal_tim.o
 .text.TIM_TI2_SetConfig
                0x00000000080089ba       0x7a ./Drivers/STM32F4xx_HAL_Driver/Src/stm32f4xx_hal_tim.o
 .text.TIM_TI2_ConfigInputStage
                0x0000000008008a34       0x60 ./Drivers/STM32F4xx_HAL_Driver/Src/stm32f4xx_hal_tim.o
 .text.TIM_TI3_SetConfig
                0x0000000008008a94       0x78 ./Drivers/STM32F4xx_HAL_Driver/Src/stm32f4xx_hal_tim.o
 .text.TIM_TI4_SetConfig
                0x0000000008008b0c       0x7a ./Drivers/STM32F4xx_HAL_Driver/Src/stm32f4xx_hal_tim.o
 .text.TIM_ITRx_SetConfig
                0x0000000008008b86       0x36 ./Drivers/STM32F4xx_HAL_Driver/Src/stm32f4xx_hal_tim.o
 .text.TIM_ETR_SetConfig
                0x0000000008008bbc       0x40 ./Drivers/STM32F4xx_HAL_Driver/Src/stm32f4xx_hal_tim.o
                0x0000000008008bbc                TIM_ETR_SetConfig
 .text.TIM_CCxChannelCmd
                0x0000000008008bfc       0x4a ./Drivers/STM32F4xx_HAL_Driver/Src/stm32f4xx_hal_tim.o
                0x0000000008008bfc                TIM_CCxChannelCmd
 *fill*         0x0000000008008c46        0x2 
 .text.HAL_TIMEx_MasterConfigSynchronization
                0x0000000008008c48       0xdc ./Drivers/STM32F4xx_HAL_Driver/Src/stm32f4xx_hal_tim_ex.o
                0x0000000008008c48                HAL_TIMEx_MasterConfigSynchronization
 .text.HAL_TIMEx_CommutCallback
                0x0000000008008d24       0x14 ./Drivers/STM32F4xx_HAL_Driver/Src/stm32f4xx_hal_tim_ex.o
                0x0000000008008d24                HAL_TIMEx_CommutCallback
 .text.HAL_TIMEx_BreakCallback
                0x0000000008008d38       0x14 ./Drivers/STM32F4xx_HAL_Driver/Src/stm32f4xx_hal_tim_ex.o
                0x0000000008008d38                HAL_TIMEx_BreakCallback
 .text.USB_CoreInit
                0x0000000008008d4c       0xc2 ./Drivers/STM32F4xx_HAL_Driver/Src/stm32f4xx_ll_usb.o
                0x0000000008008d4c                USB_CoreInit
 *fill*         0x0000000008008e0e        0x2 
 .text.USB_SetTurnaroundTime
                0x0000000008008e10      0x144 ./Drivers/STM32F4xx_HAL_Driver/Src/stm32f4xx_ll_usb.o
                0x0000000008008e10                USB_SetTurnaroundTime
 .text.USB_EnableGlobalInt
                0x0000000008008f54       0x22 ./Drivers/STM32F4xx_HAL_Driver/Src/stm32f4xx_ll_usb.o
                0x0000000008008f54                USB_EnableGlobalInt
 .text.USB_DisableGlobalInt
                0x0000000008008f76       0x22 ./Drivers/STM32F4xx_HAL_Driver/Src/stm32f4xx_ll_usb.o
                0x0000000008008f76                USB_DisableGlobalInt
 .text.USB_SetCurrentMode
                0x0000000008008f98       0x98 ./Drivers/STM32F4xx_HAL_Driver/Src/stm32f4xx_ll_usb.o
                0x0000000008008f98                USB_SetCurrentMode
 .text.USB_DevInit
                0x0000000008009030      0x2c8 ./Drivers/STM32F4xx_HAL_Driver/Src/stm32f4xx_ll_usb.o
                0x0000000008009030                USB_DevInit
 .text.USB_FlushTxFifo
                0x00000000080092f8       0x68 ./Drivers/STM32F4xx_HAL_Driver/Src/stm32f4xx_ll_usb.o
                0x00000000080092f8                USB_FlushTxFifo
 .text.USB_FlushRxFifo
                0x0000000008009360       0x60 ./Drivers/STM32F4xx_HAL_Driver/Src/stm32f4xx_ll_usb.o
                0x0000000008009360                USB_FlushRxFifo
 .text.USB_SetDevSpeed
                0x00000000080093c0       0x32 ./Drivers/STM32F4xx_HAL_Driver/Src/stm32f4xx_ll_usb.o
                0x00000000080093c0                USB_SetDevSpeed
 .text.USB_GetDevSpeed
                0x00000000080093f2       0x4a ./Drivers/STM32F4xx_HAL_Driver/Src/stm32f4xx_ll_usb.o
                0x00000000080093f2                USB_GetDevSpeed
 .text.USB_ActivateEndpoint
                0x000000000800943c      0x10e ./Drivers/STM32F4xx_HAL_Driver/Src/stm32f4xx_ll_usb.o
                0x000000000800943c                USB_ActivateEndpoint
 *fill*         0x000000000800954a        0x2 
 .text.USB_DeactivateEndpoint
                0x000000000800954c      0x1b8 ./Drivers/STM32F4xx_HAL_Driver/Src/stm32f4xx_ll_usb.o
                0x000000000800954c                USB_DeactivateEndpoint
 .text.USB_EPStartXfer
                0x0000000008009704      0x490 ./Drivers/STM32F4xx_HAL_Driver/Src/stm32f4xx_ll_usb.o
                0x0000000008009704                USB_EPStartXfer
 .text.USB_EP0StartXfer
                0x0000000008009b94      0x2b0 ./Drivers/STM32F4xx_HAL_Driver/Src/stm32f4xx_ll_usb.o
                0x0000000008009b94                USB_EP0StartXfer
 .text.USB_EPStopXfer
                0x0000000008009e44      0x154 ./Drivers/STM32F4xx_HAL_Driver/Src/stm32f4xx_ll_usb.o
                0x0000000008009e44                USB_EPStopXfer
 .text.USB_WritePacket
                0x0000000008009f98       0x7c ./Drivers/STM32F4xx_HAL_Driver/Src/stm32f4xx_ll_usb.o
                0x0000000008009f98                USB_WritePacket
 .text.USB_ReadPacket
                0x000000000800a014       0xb0 ./Drivers/STM32F4xx_HAL_Driver/Src/stm32f4xx_ll_usb.o
                0x000000000800a014                USB_ReadPacket
 .text.USB_EPSetStall
                0x000000000800a0c4       0xdc ./Drivers/STM32F4xx_HAL_Driver/Src/stm32f4xx_ll_usb.o
                0x000000000800a0c4                USB_EPSetStall
 .text.USB_EPClearStall
                0x000000000800a1a0       0xcc ./Drivers/STM32F4xx_HAL_Driver/Src/stm32f4xx_ll_usb.o
                0x000000000800a1a0                USB_EPClearStall
 .text.USB_SetDevAddress
                0x000000000800a26c       0x4c ./Drivers/STM32F4xx_HAL_Driver/Src/stm32f4xx_ll_usb.o
                0x000000000800a26c                USB_SetDevAddress
 .text.USB_DevConnect
                0x000000000800a2b8       0x42 ./Drivers/STM32F4xx_HAL_Driver/Src/stm32f4xx_ll_usb.o
                0x000000000800a2b8                USB_DevConnect
 .text.USB_DevDisconnect
                0x000000000800a2fa       0x42 ./Drivers/STM32F4xx_HAL_Driver/Src/stm32f4xx_ll_usb.o
                0x000000000800a2fa                USB_DevDisconnect
 .text.USB_ReadInterrupts
                0x000000000800a33c       0x26 ./Drivers/STM32F4xx_HAL_Driver/Src/stm32f4xx_ll_usb.o
                0x000000000800a33c                USB_ReadInterrupts
 .text.USB_ReadDevAllOutEpInterrupt
                0x000000000800a362       0x34 ./Drivers/STM32F4xx_HAL_Driver/Src/stm32f4xx_ll_usb.o
                0x000000000800a362                USB_ReadDevAllOutEpInterrupt
 .text.USB_ReadDevAllInEpInterrupt
                0x000000000800a396       0x34 ./Drivers/STM32F4xx_HAL_Driver/Src/stm32f4xx_ll_usb.o
                0x000000000800a396                USB_ReadDevAllInEpInterrupt
 .text.USB_ReadDevOutEPInterrupt
                0x000000000800a3ca       0x3c ./Drivers/STM32F4xx_HAL_Driver/Src/stm32f4xx_ll_usb.o
                0x000000000800a3ca                USB_ReadDevOutEPInterrupt
 .text.USB_ReadDevInEPInterrupt
                0x000000000800a406       0x5c ./Drivers/STM32F4xx_HAL_Driver/Src/stm32f4xx_ll_usb.o
                0x000000000800a406                USB_ReadDevInEPInterrupt
 .text.USB_GetMode
                0x000000000800a462       0x1c ./Drivers/STM32F4xx_HAL_Driver/Src/stm32f4xx_ll_usb.o
                0x000000000800a462                USB_GetMode
 .text.USB_ActivateSetup
                0x000000000800a47e       0x46 ./Drivers/STM32F4xx_HAL_Driver/Src/stm32f4xx_ll_usb.o
                0x000000000800a47e                USB_ActivateSetup
 .text.USB_EP0_OutStart
                0x000000000800a4c4       0xbc ./Drivers/STM32F4xx_HAL_Driver/Src/stm32f4xx_ll_usb.o
                0x000000000800a4c4                USB_EP0_OutStart
 .text.USB_CoreReset
                0x000000000800a580       0x68 ./Drivers/STM32F4xx_HAL_Driver/Src/stm32f4xx_ll_usb.o
 .text.USBD_CUSTOM_HID_Init
                0x000000000800a5e8       0xa0 ./Middlewares/ST/STM32_USB_Device_Library/Class/CustomHID/Src/usbd_customhid.o
 .text.USBD_CUSTOM_HID_DeInit
                0x000000000800a688       0x6a ./Middlewares/ST/STM32_USB_Device_Library/Class/CustomHID/Src/usbd_customhid.o
 *fill*         0x000000000800a6f2        0x2 
 .text.USBD_CUSTOM_HID_Setup
                0x000000000800a6f4      0x214 ./Middlewares/ST/STM32_USB_Device_Library/Class/CustomHID/Src/usbd_customhid.o
 .text.USBD_CUSTOM_HID_SendReport
                0x000000000800a908       0x5a ./Middlewares/ST/STM32_USB_Device_Library/Class/CustomHID/Src/usbd_customhid.o
                0x000000000800a908                USBD_CUSTOM_HID_SendReport
 *fill*         0x000000000800a962        0x2 
 .text.USBD_CUSTOM_HID_GetFSCfgDesc
                0x000000000800a964       0x20 ./Middlewares/ST/STM32_USB_Device_Library/Class/CustomHID/Src/usbd_customhid.o
 .text.USBD_CUSTOM_HID_GetHSCfgDesc
                0x000000000800a984       0x20 ./Middlewares/ST/STM32_USB_Device_Library/Class/CustomHID/Src/usbd_customhid.o
 .text.USBD_CUSTOM_HID_GetOtherSpeedCfgDesc
                0x000000000800a9a4       0x20 ./Middlewares/ST/STM32_USB_Device_Library/Class/CustomHID/Src/usbd_customhid.o
 .text.USBD_CUSTOM_HID_DataIn
                0x000000000800a9c4       0x24 ./Middlewares/ST/STM32_USB_Device_Library/Class/CustomHID/Src/usbd_customhid.o
 .text.USBD_CUSTOM_HID_DataOut
                0x000000000800a9e8       0x38 ./Middlewares/ST/STM32_USB_Device_Library/Class/CustomHID/Src/usbd_customhid.o
 .text.USBD_CUSTOM_HID_ReceivePacket
                0x000000000800aa20       0x34 ./Middlewares/ST/STM32_USB_Device_Library/Class/CustomHID/Src/usbd_customhid.o
                0x000000000800aa20                USBD_CUSTOM_HID_ReceivePacket
 .text.USBD_CUSTOM_HID_EP0_RxReady
                0x000000000800aa54       0x36 ./Middlewares/ST/STM32_USB_Device_Library/Class/CustomHID/Src/usbd_customhid.o
 *fill*         0x000000000800aa8a        0x2 
 .text.USBD_CUSTOM_HID_GetDeviceQualifierDesc
                0x000000000800aa8c       0x20 ./Middlewares/ST/STM32_USB_Device_Library/Class/CustomHID/Src/usbd_customhid.o
 .text.USBD_CUSTOM_HID_RegisterInterface
                0x000000000800aaac       0x2a ./Middlewares/ST/STM32_USB_Device_Library/Class/CustomHID/Src/usbd_customhid.o
                0x000000000800aaac                USBD_CUSTOM_HID_RegisterInterface
 .text.USBD_Init
                0x000000000800aad6       0x60 ./Middlewares/ST/STM32_USB_Device_Library/Core/Src/usbd_core.o
                0x000000000800aad6                USBD_Init
 .text.USBD_RegisterClass
                0x000000000800ab36       0x4e ./Middlewares/ST/STM32_USB_Device_Library/Core/Src/usbd_core.o
                0x000000000800ab36                USBD_RegisterClass
 .text.USBD_Start
                0x000000000800ab84       0x18 ./Middlewares/ST/STM32_USB_Device_Library/Core/Src/usbd_core.o
                0x000000000800ab84                USBD_Start
 .text.USBD_RunTestMode
                0x000000000800ab9c       0x16 ./Middlewares/ST/STM32_USB_Device_Library/Core/Src/usbd_core.o
                0x000000000800ab9c                USBD_RunTestMode
 .text.USBD_SetClassConfig
                0x000000000800abb2       0x38 ./Middlewares/ST/STM32_USB_Device_Library/Core/Src/usbd_core.o
                0x000000000800abb2                USBD_SetClassConfig
 .text.USBD_ClrClassConfig
                0x000000000800abea       0x30 ./Middlewares/ST/STM32_USB_Device_Library/Core/Src/usbd_core.o
                0x000000000800abea                USBD_ClrClassConfig
 .text.USBD_LL_SetupStage
                0x000000000800ac1a       0xaa ./Middlewares/ST/STM32_USB_Device_Library/Core/Src/usbd_core.o
                0x000000000800ac1a                USBD_LL_SetupStage
 .text.USBD_LL_DataOutStage
                0x000000000800acc4       0xc6 ./Middlewares/ST/STM32_USB_Device_Library/Core/Src/usbd_core.o
                0x000000000800acc4                USBD_LL_DataOutStage
 .text.USBD_LL_DataInStage
                0x000000000800ad8a      0x12c ./Middlewares/ST/STM32_USB_Device_Library/Core/Src/usbd_core.o
                0x000000000800ad8a                USBD_LL_DataInStage
 .text.USBD_LL_Reset
                0x000000000800aeb6       0x9c ./Middlewares/ST/STM32_USB_Device_Library/Core/Src/usbd_core.o
                0x000000000800aeb6                USBD_LL_Reset
 .text.USBD_LL_SetSpeed
                0x000000000800af52       0x20 ./Middlewares/ST/STM32_USB_Device_Library/Core/Src/usbd_core.o
                0x000000000800af52                USBD_LL_SetSpeed
 .text.USBD_LL_Suspend
                0x000000000800af72       0x2c ./Middlewares/ST/STM32_USB_Device_Library/Core/Src/usbd_core.o
                0x000000000800af72                USBD_LL_Suspend
 .text.USBD_LL_Resume
                0x000000000800af9e       0x30 ./Middlewares/ST/STM32_USB_Device_Library/Core/Src/usbd_core.o
                0x000000000800af9e                USBD_LL_Resume
 .text.USBD_LL_SOF
                0x000000000800afce       0x44 ./Middlewares/ST/STM32_USB_Device_Library/Core/Src/usbd_core.o
                0x000000000800afce                USBD_LL_SOF
 .text.USBD_LL_IsoINIncomplete
                0x000000000800b012       0x4c ./Middlewares/ST/STM32_USB_Device_Library/Core/Src/usbd_core.o
                0x000000000800b012                USBD_LL_IsoINIncomplete
 .text.USBD_LL_IsoOUTIncomplete
                0x000000000800b05e       0x4c ./Middlewares/ST/STM32_USB_Device_Library/Core/Src/usbd_core.o
                0x000000000800b05e                USBD_LL_IsoOUTIncomplete
 .text.USBD_LL_DevConnected
                0x000000000800b0aa       0x16 ./Middlewares/ST/STM32_USB_Device_Library/Core/Src/usbd_core.o
                0x000000000800b0aa                USBD_LL_DevConnected
 .text.USBD_LL_DevDisconnected
                0x000000000800b0c0       0x38 ./Middlewares/ST/STM32_USB_Device_Library/Core/Src/usbd_core.o
                0x000000000800b0c0                USBD_LL_DevDisconnected
 .text.SWAPBYTE
                0x000000000800b0f8       0x3c ./Middlewares/ST/STM32_USB_Device_Library/Core/Src/usbd_ctlreq.o
 .text.USBD_StdDevReq
                0x000000000800b134       0xdc ./Middlewares/ST/STM32_USB_Device_Library/Core/Src/usbd_ctlreq.o
                0x000000000800b134                USBD_StdDevReq
 .text.USBD_StdItfReq
                0x000000000800b210       0x92 ./Middlewares/ST/STM32_USB_Device_Library/Core/Src/usbd_ctlreq.o
                0x000000000800b210                USBD_StdItfReq
 .text.USBD_StdEPReq
                0x000000000800b2a2      0x2c4 ./Middlewares/ST/STM32_USB_Device_Library/Core/Src/usbd_ctlreq.o
                0x000000000800b2a2                USBD_StdEPReq
 *fill*         0x000000000800b566        0x2 
 .text.USBD_GetDescriptor
                0x000000000800b568      0x2d4 ./Middlewares/ST/STM32_USB_Device_Library/Core/Src/usbd_ctlreq.o
 .text.USBD_SetAddress
                0x000000000800b83c       0x88 ./Middlewares/ST/STM32_USB_Device_Library/Core/Src/usbd_ctlreq.o
 .text.USBD_SetConfig
                0x000000000800b8c4      0x14c ./Middlewares/ST/STM32_USB_Device_Library/Core/Src/usbd_ctlreq.o
 .text.USBD_GetConfig
                0x000000000800ba10       0x6c ./Middlewares/ST/STM32_USB_Device_Library/Core/Src/usbd_ctlreq.o
 .text.USBD_GetStatus
                0x000000000800ba7c       0x68 ./Middlewares/ST/STM32_USB_Device_Library/Core/Src/usbd_ctlreq.o
 .text.USBD_SetFeature
                0x000000000800bae4       0x28 ./Middlewares/ST/STM32_USB_Device_Library/Core/Src/usbd_ctlreq.o
 .text.USBD_ClrFeature
                0x000000000800bb0c       0x44 ./Middlewares/ST/STM32_USB_Device_Library/Core/Src/usbd_ctlreq.o
 .text.USBD_ParseSetupRequest
                0x000000000800bb50       0x74 ./Middlewares/ST/STM32_USB_Device_Library/Core/Src/usbd_ctlreq.o
                0x000000000800bb50                USBD_ParseSetupRequest
 .text.USBD_CtlError
                0x000000000800bbc4       0x22 ./Middlewares/ST/STM32_USB_Device_Library/Core/Src/usbd_ctlreq.o
                0x000000000800bbc4                USBD_CtlError
 .text.USBD_GetString
                0x000000000800bbe6       0x8c ./Middlewares/ST/STM32_USB_Device_Library/Core/Src/usbd_ctlreq.o
                0x000000000800bbe6                USBD_GetString
 .text.USBD_GetLen
                0x000000000800bc72       0x34 ./Middlewares/ST/STM32_USB_Device_Library/Core/Src/usbd_ctlreq.o
 .text.USBD_CtlSendData
                0x000000000800bca6       0x36 ./Middlewares/ST/STM32_USB_Device_Library/Core/Src/usbd_ioreq.o
                0x000000000800bca6                USBD_CtlSendData
 .text.USBD_CtlContinueSendData
                0x000000000800bcdc       0x22 ./Middlewares/ST/STM32_USB_Device_Library/Core/Src/usbd_ioreq.o
                0x000000000800bcdc                USBD_CtlContinueSendData
 .text.USBD_CtlPrepareRx
                0x000000000800bcfe       0x3a ./Middlewares/ST/STM32_USB_Device_Library/Core/Src/usbd_ioreq.o
                0x000000000800bcfe                USBD_CtlPrepareRx
 .text.USBD_CtlContinueRx
                0x000000000800bd38       0x22 ./Middlewares/ST/STM32_USB_Device_Library/Core/Src/usbd_ioreq.o
                0x000000000800bd38                USBD_CtlContinueRx
 .text.USBD_CtlSendStatus
                0x000000000800bd5a       0x26 ./Middlewares/ST/STM32_USB_Device_Library/Core/Src/usbd_ioreq.o
                0x000000000800bd5a                USBD_CtlSendStatus
 .text.USBD_CtlReceiveStatus
                0x000000000800bd80       0x26 ./Middlewares/ST/STM32_USB_Device_Library/Core/Src/usbd_ioreq.o
                0x000000000800bd80                USBD_CtlReceiveStatus
 .text.vListInitialise
                0x000000000800bda6       0x40 ./Middlewares/Third_Party/FreeRTOS/Source/list.o
                0x000000000800bda6                vListInitialise
 .text.vListInitialiseItem
                0x000000000800bde6       0x1a ./Middlewares/Third_Party/FreeRTOS/Source/list.o
                0x000000000800bde6                vListInitialiseItem
 .text.vListInsertEnd
                0x000000000800be00       0x48 ./Middlewares/Third_Party/FreeRTOS/Source/list.o
                0x000000000800be00                vListInsertEnd
 .text.vListInsert
                0x000000000800be48       0x72 ./Middlewares/Third_Party/FreeRTOS/Source/list.o
                0x000000000800be48                vListInsert
 .text.uxListRemove
                0x000000000800beba       0x54 ./Middlewares/Third_Party/FreeRTOS/Source/list.o
                0x000000000800beba                uxListRemove
 *fill*         0x000000000800bf0e        0x2 
 .text.xQueueGenericReset
                0x000000000800bf10       0xd0 ./Middlewares/Third_Party/FreeRTOS/Source/queue.o
                0x000000000800bf10                xQueueGenericReset
 .text.xQueueGenericCreate
                0x000000000800bfe0       0x74 ./Middlewares/Third_Party/FreeRTOS/Source/queue.o
                0x000000000800bfe0                xQueueGenericCreate
 .text.prvInitialiseNewQueue
                0x000000000800c054       0x3e ./Middlewares/Third_Party/FreeRTOS/Source/queue.o
 *fill*         0x000000000800c092        0x2 
 .text.xQueueGenericSend
                0x000000000800c094      0x1fc ./Middlewares/Third_Party/FreeRTOS/Source/queue.o
                0x000000000800c094                xQueueGenericSend
 .text.xQueueGenericSendFromISR
                0x000000000800c290      0x136 ./Middlewares/Third_Party/FreeRTOS/Source/queue.o
                0x000000000800c290                xQueueGenericSendFromISR
 *fill*         0x000000000800c3c6        0x2 
 .text.xQueueReceive
                0x000000000800c3c8      0x1c0 ./Middlewares/Third_Party/FreeRTOS/Source/queue.o
                0x000000000800c3c8                xQueueReceive
 .text.uxQueueMessagesWaiting
                0x000000000800c588       0x3c ./Middlewares/Third_Party/FreeRTOS/Source/queue.o
                0x000000000800c588                uxQueueMessagesWaiting
 .text.prvCopyDataToQueue
                0x000000000800c5c4       0xd4 ./Middlewares/Third_Party/FreeRTOS/Source/queue.o
 .text.prvCopyDataFromQueue
                0x000000000800c698       0x4c ./Middlewares/Third_Party/FreeRTOS/Source/queue.o
 .text.prvUnlockQueue
                0x000000000800c6e4       0xa4 ./Middlewares/Third_Party/FreeRTOS/Source/queue.o
 .text.prvIsQueueEmpty
                0x000000000800c788       0x2c ./Middlewares/Third_Party/FreeRTOS/Source/queue.o
 .text.prvIsQueueFull
                0x000000000800c7b4       0x30 ./Middlewares/Third_Party/FreeRTOS/Source/queue.o
 .text.xTaskCreateStatic
                0x000000000800c7e4       0xba ./Middlewares/Third_Party/FreeRTOS/Source/tasks.o
                0x000000000800c7e4                xTaskCreateStatic
 .text.xTaskCreate
                0x000000000800c89e       0x8a ./Middlewares/Third_Party/FreeRTOS/Source/tasks.o
                0x000000000800c89e                xTaskCreate
 .text.prvInitialiseNewTask
                0x000000000800c928      0x10e ./Middlewares/Third_Party/FreeRTOS/Source/tasks.o
 *fill*         0x000000000800ca36        0x2 
 .text.prvAddNewTaskToReadyList
                0x000000000800ca38       0xd4 ./Middlewares/Third_Party/FreeRTOS/Source/tasks.o
 .text.vTaskDelete
                0x000000000800cb0c      0x120 ./Middlewares/Third_Party/FreeRTOS/Source/tasks.o
                0x000000000800cb0c                vTaskDelete
 .text.vTaskDelay
                0x000000000800cc2c       0x68 ./Middlewares/Third_Party/FreeRTOS/Source/tasks.o
                0x000000000800cc2c                vTaskDelay
 .text.vTaskStartScheduler
                0x000000000800cc94       0xc0 ./Middlewares/Third_Party/FreeRTOS/Source/tasks.o
                0x000000000800cc94                vTaskStartScheduler
 .text.vTaskSuspendAll
                0x000000000800cd54       0x1c ./Middlewares/Third_Party/FreeRTOS/Source/tasks.o
                0x000000000800cd54                vTaskSuspendAll
 .text.xTaskResumeAll
                0x000000000800cd70      0x138 ./Middlewares/Third_Party/FreeRTOS/Source/tasks.o
                0x000000000800cd70                xTaskResumeAll
 .text.xTaskIncrementTick
                0x000000000800cea8      0x170 ./Middlewares/Third_Party/FreeRTOS/Source/tasks.o
                0x000000000800cea8                xTaskIncrementTick
 .text.vTaskSwitchContext
                0x000000000800d018       0xb8 ./Middlewares/Third_Party/FreeRTOS/Source/tasks.o
                0x000000000800d018                vTaskSwitchContext
 .text.vTaskPlaceOnEventList
                0x000000000800d0d0       0x48 ./Middlewares/Third_Party/FreeRTOS/Source/tasks.o
                0x000000000800d0d0                vTaskPlaceOnEventList
 .text.xTaskRemoveFromEventList
                0x000000000800d118       0xc4 ./Middlewares/Third_Party/FreeRTOS/Source/tasks.o
                0x000000000800d118                xTaskRemoveFromEventList
 .text.vTaskInternalSetTimeOutState
                0x000000000800d1dc       0x2c ./Middlewares/Third_Party/FreeRTOS/Source/tasks.o
                0x000000000800d1dc                vTaskInternalSetTimeOutState
 .text.xTaskCheckForTimeOut
                0x000000000800d208       0xc4 ./Middlewares/Third_Party/FreeRTOS/Source/tasks.o
                0x000000000800d208                xTaskCheckForTimeOut
 .text.vTaskMissedYield
                0x000000000800d2cc       0x18 ./Middlewares/Third_Party/FreeRTOS/Source/tasks.o
                0x000000000800d2cc                vTaskMissedYield
 .text.prvIdleTask
                0x000000000800d2e4       0x30 ./Middlewares/Third_Party/FreeRTOS/Source/tasks.o
 .text.prvInitialiseTaskLists
                0x000000000800d314       0x80 ./Middlewares/Third_Party/FreeRTOS/Source/tasks.o
 .text.prvCheckTasksWaitingTermination
                0x000000000800d394       0x5c ./Middlewares/Third_Party/FreeRTOS/Source/tasks.o
 .text.prvDeleteTCB
                0x000000000800d3f0       0x5e ./Middlewares/Third_Party/FreeRTOS/Source/tasks.o
 *fill*         0x000000000800d44e        0x2 
 .text.prvResetNextTaskUnblockTime
                0x000000000800d450       0x40 ./Middlewares/Third_Party/FreeRTOS/Source/tasks.o
 .text.xTaskGetSchedulerState
                0x000000000800d490       0x3c ./Middlewares/Third_Party/FreeRTOS/Source/tasks.o
                0x000000000800d490                xTaskGetSchedulerState
 .text.xTaskPriorityDisinherit
                0x000000000800d4cc      0x10c ./Middlewares/Third_Party/FreeRTOS/Source/tasks.o
                0x000000000800d4cc                xTaskPriorityDisinherit
 .text.prvAddCurrentTaskToDelayedList
                0x000000000800d5d8       0xcc ./Middlewares/Third_Party/FreeRTOS/Source/tasks.o
 .text.pxPortInitialiseStack
                0x000000000800d6a4       0x68 ./Middlewares/Third_Party/FreeRTOS/Source/portable/GCC/ARM_CM4F/port.o
                0x000000000800d6a4                pxPortInitialiseStack
 .text.prvTaskExitError
                0x000000000800d70c       0x58 ./Middlewares/Third_Party/FreeRTOS/Source/portable/GCC/ARM_CM4F/port.o
 *fill*         0x000000000800d764        0xc 
 .text.SVC_Handler
                0x000000000800d770       0x28 ./Middlewares/Third_Party/FreeRTOS/Source/portable/GCC/ARM_CM4F/port.o
                0x000000000800d770                SVC_Handler
 .text.prvPortStartFirstTask
                0x000000000800d798       0x28 ./Middlewares/Third_Party/FreeRTOS/Source/portable/GCC/ARM_CM4F/port.o
 .text.xPortStartScheduler
                0x000000000800d7c0      0x144 ./Middlewares/Third_Party/FreeRTOS/Source/portable/GCC/ARM_CM4F/port.o
                0x000000000800d7c0                xPortStartScheduler
 .text.vPortEnterCritical
                0x000000000800d904       0x60 ./Middlewares/Third_Party/FreeRTOS/Source/portable/GCC/ARM_CM4F/port.o
                0x000000000800d904                vPortEnterCritical
 .text.vPortExitCritical
                0x000000000800d964       0x54 ./Middlewares/Third_Party/FreeRTOS/Source/portable/GCC/ARM_CM4F/port.o
                0x000000000800d964                vPortExitCritical
 *fill*         0x000000000800d9b8        0x8 
 .text.PendSV_Handler
                0x000000000800d9c0       0x68 ./Middlewares/Third_Party/FreeRTOS/Source/portable/GCC/ARM_CM4F/port.o
                0x000000000800d9c0                PendSV_Handler
 .text.SysTick_Handler
                0x000000000800da28       0x44 ./Middlewares/Third_Party/FreeRTOS/Source/portable/GCC/ARM_CM4F/port.o
                0x000000000800da28                SysTick_Handler
 .text.vPortSetupTimerInterrupt
                0x000000000800da6c       0x48 ./Middlewares/Third_Party/FreeRTOS/Source/portable/GCC/ARM_CM4F/port.o
                0x000000000800da6c                vPortSetupTimerInterrupt
 .text.vPortEnableVFP
                0x000000000800dab4       0x14 ./Middlewares/Third_Party/FreeRTOS/Source/portable/GCC/ARM_CM4F/port.o
 .text.vPortValidateInterruptPriority
                0x000000000800dac8       0x80 ./Middlewares/Third_Party/FreeRTOS/Source/portable/GCC/ARM_CM4F/port.o
                0x000000000800dac8                vPortValidateInterruptPriority
 .text.pvPortMalloc
                0x000000000800db48      0x198 ./Middlewares/Third_Party/FreeRTOS/Source/portable/MemMang/heap_4.o
                0x000000000800db48                pvPortMalloc
 .text.vPortFree
                0x000000000800dce0       0xc4 ./Middlewares/Third_Party/FreeRTOS/Source/portable/MemMang/heap_4.o
                0x000000000800dce0                vPortFree
 .text.prvHeapInit
                0x000000000800dda4       0xc4 ./Middlewares/Third_Party/FreeRTOS/Source/portable/MemMang/heap_4.o
 .text.prvInsertBlockIntoFreeList
                0x000000000800de68       0xb4 ./Middlewares/Third_Party/FreeRTOS/Source/portable/MemMang/heap_4.o
 .text.MX_USB_DEVICE_Init
                0x000000000800df1c       0x60 ./USB_DEVICE/App/usb_device.o
                0x000000000800df1c                MX_USB_DEVICE_Init
 .text.CUSTOM_HID_Init_FS
                0x000000000800df7c       0x10 ./USB_DEVICE/App/usbd_custom_hid_if.o
 .text.CUSTOM_HID_DeInit_FS
                0x000000000800df8c       0x10 ./USB_DEVICE/App/usbd_custom_hid_if.o
 .text.CUSTOM_HID_OutEvent_FS
                0x000000000800df9c       0xc4 ./USB_DEVICE/App/usbd_custom_hid_if.o
 .text.USBD_FS_DeviceDescriptor
                0x000000000800e060       0x24 ./USB_DEVICE/App/usbd_desc.o
                0x000000000800e060                USBD_FS_DeviceDescriptor
 .text.USBD_FS_LangIDStrDescriptor
                0x000000000800e084       0x24 ./USB_DEVICE/App/usbd_desc.o
                0x000000000800e084                USBD_FS_LangIDStrDescriptor
 .text.USBD_FS_ProductStrDescriptor
                0x000000000800e0a8       0x3c ./USB_DEVICE/App/usbd_desc.o
                0x000000000800e0a8                USBD_FS_ProductStrDescriptor
 .text.USBD_FS_ManufacturerStrDescriptor
                0x000000000800e0e4       0x28 ./USB_DEVICE/App/usbd_desc.o
                0x000000000800e0e4                USBD_FS_ManufacturerStrDescriptor
 .text.USBD_FS_SerialStrDescriptor
                0x000000000800e10c       0x24 ./USB_DEVICE/App/usbd_desc.o
                0x000000000800e10c                USBD_FS_SerialStrDescriptor
 .text.USBD_FS_ConfigStrDescriptor
                0x000000000800e130       0x3c ./USB_DEVICE/App/usbd_desc.o
                0x000000000800e130                USBD_FS_ConfigStrDescriptor
 .text.USBD_FS_InterfaceStrDescriptor
                0x000000000800e16c       0x3c ./USB_DEVICE/App/usbd_desc.o
                0x000000000800e16c                USBD_FS_InterfaceStrDescriptor
 .text.Get_SerialNum
                0x000000000800e1a8       0x58 ./USB_DEVICE/App/usbd_desc.o
 .text.IntToUnicode
                0x000000000800e200       0x7e ./USB_DEVICE/App/usbd_desc.o
 *fill*         0x000000000800e27e        0x2 
 .text.HAL_PCD_MspInit
                0x000000000800e280       0xa8 ./USB_DEVICE/Target/usbd_conf.o
                0x000000000800e280                HAL_PCD_MspInit
 .text.HAL_PCD_SetupStageCallback
                0x000000000800e328       0x24 ./USB_DEVICE/Target/usbd_conf.o
                0x000000000800e328                HAL_PCD_SetupStageCallback
 .text.HAL_PCD_DataOutStageCallback
                0x000000000800e34c       0x36 ./USB_DEVICE/Target/usbd_conf.o
                0x000000000800e34c                HAL_PCD_DataOutStageCallback
 .text.HAL_PCD_DataInStageCallback
                0x000000000800e382       0x34 ./USB_DEVICE/Target/usbd_conf.o
                0x000000000800e382                HAL_PCD_DataInStageCallback
 .text.HAL_PCD_SOFCallback
                0x000000000800e3b6       0x1c ./USB_DEVICE/Target/usbd_conf.o
                0x000000000800e3b6                HAL_PCD_SOFCallback
 .text.HAL_PCD_ResetCallback
                0x000000000800e3d2       0x50 ./USB_DEVICE/Target/usbd_conf.o
                0x000000000800e3d2                HAL_PCD_ResetCallback
 *fill*         0x000000000800e422        0x2 
 .text.HAL_PCD_SuspendCallback
                0x000000000800e424       0x4c ./USB_DEVICE/Target/usbd_conf.o
                0x000000000800e424                HAL_PCD_SuspendCallback
 .text.HAL_PCD_ResumeCallback
                0x000000000800e470       0x1c ./USB_DEVICE/Target/usbd_conf.o
                0x000000000800e470                HAL_PCD_ResumeCallback
 .text.HAL_PCD_ISOOUTIncompleteCallback
                0x000000000800e48c       0x24 ./USB_DEVICE/Target/usbd_conf.o
                0x000000000800e48c                HAL_PCD_ISOOUTIncompleteCallback
 .text.HAL_PCD_ISOINIncompleteCallback
                0x000000000800e4b0       0x24 ./USB_DEVICE/Target/usbd_conf.o
                0x000000000800e4b0                HAL_PCD_ISOINIncompleteCallback
 .text.HAL_PCD_ConnectCallback
                0x000000000800e4d4       0x1c ./USB_DEVICE/Target/usbd_conf.o
                0x000000000800e4d4                HAL_PCD_ConnectCallback
 .text.HAL_PCD_DisconnectCallback
                0x000000000800e4f0       0x1c ./USB_DEVICE/Target/usbd_conf.o
                0x000000000800e4f0                HAL_PCD_DisconnectCallback
 .text.USBD_LL_Init
                0x000000000800e50c       0x98 ./USB_DEVICE/Target/usbd_conf.o
                0x000000000800e50c                USBD_LL_Init
 .text.USBD_LL_Start
                0x000000000800e5a4       0x36 ./USB_DEVICE/Target/usbd_conf.o
                0x000000000800e5a4                USBD_LL_Start
 .text.USBD_LL_OpenEP
                0x000000000800e5da       0x4c ./USB_DEVICE/Target/usbd_conf.o
                0x000000000800e5da                USBD_LL_OpenEP
 .text.USBD_LL_CloseEP
                0x000000000800e626       0x3e ./USB_DEVICE/Target/usbd_conf.o
                0x000000000800e626                USBD_LL_CloseEP
 .text.USBD_LL_StallEP
                0x000000000800e664       0x3e ./USB_DEVICE/Target/usbd_conf.o
                0x000000000800e664                USBD_LL_StallEP
 .text.USBD_LL_ClearStallEP
                0x000000000800e6a2       0x3e ./USB_DEVICE/Target/usbd_conf.o
                0x000000000800e6a2                USBD_LL_ClearStallEP
 .text.USBD_LL_IsStallEP
                0x000000000800e6e0       0x58 ./USB_DEVICE/Target/usbd_conf.o
                0x000000000800e6e0                USBD_LL_IsStallEP
 .text.USBD_LL_SetUSBAddress
                0x000000000800e738       0x3e ./USB_DEVICE/Target/usbd_conf.o
                0x000000000800e738                USBD_LL_SetUSBAddress
 .text.USBD_LL_Transmit
                0x000000000800e776       0x42 ./USB_DEVICE/Target/usbd_conf.o
                0x000000000800e776                USBD_LL_Transmit
 .text.USBD_LL_PrepareReceive
                0x000000000800e7b8       0x42 ./USB_DEVICE/Target/usbd_conf.o
                0x000000000800e7b8                USBD_LL_PrepareReceive
 *fill*         0x000000000800e7fa        0x2 
 .text.USBD_static_malloc
                0x000000000800e7fc       0x1c ./USB_DEVICE/Target/usbd_conf.o
                0x000000000800e7fc                USBD_static_malloc
 .text.USBD_static_free
                0x000000000800e818       0x14 ./USB_DEVICE/Target/usbd_conf.o
                0x000000000800e818                USBD_static_free
 .text.USBD_Get_USB_Status
                0x000000000800e82c       0x58 ./USB_DEVICE/Target/usbd_conf.o
                0x000000000800e82c                USBD_Get_USB_Status
 .text.__errno  0x000000000800e884        0xc c:/st/stm32cubeide_1.10.1/stm32cubeide/plugins/com.st.stm32cube.ide.mcu.externaltools.gnu-tools-for-stm32.10.3-2021.10.win32_1.0.0.202111181127/tools/bin/../lib/gcc/arm-none-eabi/10.3.1/../../../../arm-none-eabi/lib/thumb/v7e-m+fp/hard\libc_nano.a(lib_a-errno.o)
                0x000000000800e884                __errno
 .text.__libc_init_array
                0x000000000800e890       0x48 c:/st/stm32cubeide_1.10.1/stm32cubeide/plugins/com.st.stm32cube.ide.mcu.externaltools.gnu-tools-for-stm32.10.3-2021.10.win32_1.0.0.202111181127/tools/bin/../lib/gcc/arm-none-eabi/10.3.1/../../../../arm-none-eabi/lib/thumb/v7e-m+fp/hard\libc_nano.a(lib_a-init.o)
                0x000000000800e890                __libc_init_array
 .text.memcpy   0x000000000800e8d8       0x1c c:/st/stm32cubeide_1.10.1/stm32cubeide/plugins/com.st.stm32cube.ide.mcu.externaltools.gnu-tools-for-stm32.10.3-2021.10.win32_1.0.0.202111181127/tools/bin/../lib/gcc/arm-none-eabi/10.3.1/../../../../arm-none-eabi/lib/thumb/v7e-m+fp/hard\libc_nano.a(lib_a-memcpy-stub.o)
                0x000000000800e8d8                memcpy
 .text.memset   0x000000000800e8f4       0x10 c:/st/stm32cubeide_1.10.1/stm32cubeide/plugins/com.st.stm32cube.ide.mcu.externaltools.gnu-tools-for-stm32.10.3-2021.10.win32_1.0.0.202111181127/tools/bin/../lib/gcc/arm-none-eabi/10.3.1/../../../../arm-none-eabi/lib/thumb/v7e-m+fp/hard\libc_nano.a(lib_a-memset.o)
                0x000000000800e8f4                memset
 .text.sqrt     0x000000000800e904       0x58 c:/st/stm32cubeide_1.10.1/stm32cubeide/plugins/com.st.stm32cube.ide.mcu.externaltools.gnu-tools-for-stm32.10.3-2021.10.win32_1.0.0.202111181127/tools/bin/../lib/gcc/arm-none-eabi/10.3.1/../../../../arm-none-eabi/lib/thumb/v7e-m+fp/hard\libm.a(lib_a-w_sqrt.o)
                0x000000000800e904                sqrt
 .text.__ieee754_sqrt
                0x000000000800e95c      0x164 c:/st/stm32cubeide_1.10.1/stm32cubeide/plugins/com.st.stm32cube.ide.mcu.externaltools.gnu-tools-for-stm32.10.3-2021.10.win32_1.0.0.202111181127/tools/bin/../lib/gcc/arm-none-eabi/10.3.1/../../../../arm-none-eabi/lib/thumb/v7e-m+fp/hard\libm.a(lib_a-e_sqrt.o)
                0x000000000800e95c                __ieee754_sqrt
 *(.glue_7)
 .glue_7        0x000000000800eac0        0x0 linker stubs
 *(.glue_7t)
 .glue_7t       0x000000000800eac0        0x0 linker stubs
 *(.eh_frame)
 .eh_frame      0x000000000800eac0        0x0 c:/st/stm32cubeide_1.10.1/stm32cubeide/plugins/com.st.stm32cube.ide.mcu.externaltools.gnu-tools-for-stm32.10.3-2021.10.win32_1.0.0.202111181127/tools/bin/../lib/gcc/arm-none-eabi/10.3.1/thumb/v7e-m+fp/hard/crtbegin.o
 *(.init)
 .init          0x000000000800eac0        0x4 c:/st/stm32cubeide_1.10.1/stm32cubeide/plugins/com.st.stm32cube.ide.mcu.externaltools.gnu-tools-for-stm32.10.3-2021.10.win32_1.0.0.202111181127/tools/bin/../lib/gcc/arm-none-eabi/10.3.1/thumb/v7e-m+fp/hard/crti.o
                0x000000000800eac0                _init
 .init          0x000000000800eac4        0x8 c:/st/stm32cubeide_1.10.1/stm32cubeide/plugins/com.st.stm32cube.ide.mcu.externaltools.gnu-tools-for-stm32.10.3-2021.10.win32_1.0.0.202111181127/tools/bin/../lib/gcc/arm-none-eabi/10.3.1/thumb/v7e-m+fp/hard/crtn.o
 *(.fini)
 .fini          0x000000000800eacc        0x4 c:/st/stm32cubeide_1.10.1/stm32cubeide/plugins/com.st.stm32cube.ide.mcu.externaltools.gnu-tools-for-stm32.10.3-2021.10.win32_1.0.0.202111181127/tools/bin/../lib/gcc/arm-none-eabi/10.3.1/thumb/v7e-m+fp/hard/crti.o
                0x000000000800eacc                _fini
 .fini          0x000000000800ead0        0x8 c:/st/stm32cubeide_1.10.1/stm32cubeide/plugins/com.st.stm32cube.ide.mcu.externaltools.gnu-tools-for-stm32.10.3-2021.10.win32_1.0.0.202111181127/tools/bin/../lib/gcc/arm-none-eabi/10.3.1/thumb/v7e-m+fp/hard/crtn.o
                0x000000000800ead8                . = ALIGN (0x4)
                0x000000000800ead8                _etext = .

.vfp11_veneer   0x000000000800ead8        0x0
 .vfp11_veneer  0x000000000800ead8        0x0 linker stubs

.v4_bx          0x000000000800ead8        0x0
 .v4_bx         0x000000000800ead8        0x0 linker stubs

.iplt           0x000000000800ead8        0x0
 .iplt          0x000000000800ead8        0x0 c:/st/stm32cubeide_1.10.1/stm32cubeide/plugins/com.st.stm32cube.ide.mcu.externaltools.gnu-tools-for-stm32.10.3-2021.10.win32_1.0.0.202111181127/tools/bin/../lib/gcc/arm-none-eabi/10.3.1/thumb/v7e-m+fp/hard/crtbegin.o

.rodata         0x000000000800ead8      0x758
                0x000000000800ead8                . = ALIGN (0x4)
 *(.rodata)
 .rodata        0x000000000800ead8       0xdd ./Core/Src/main.o
 *fill*         0x000000000800ebb5        0x3 
 .rodata        0x000000000800ebb8        0x5 ./Middlewares/Third_Party/FreeRTOS/Source/tasks.o
 *fill*         0x000000000800ebbd        0x3 
 .rodata        0x000000000800ebc0       0x5d ./USB_DEVICE/App/usbd_desc.o
 *(.rodata*)
 *fill*         0x000000000800ec1d        0x3 
 .rodata.Font6x8
                0x000000000800ec20      0x5f0 ./Core/Src/ssd1306_fonts.o
 .rodata.AHBPrescTable
                0x000000000800f210       0x10 ./Core/Src/system_stm32f4xx.o
                0x000000000800f210                AHBPrescTable
 .rodata.APBPrescTable
                0x000000000800f220        0x8 ./Core/Src/system_stm32f4xx.o
                0x000000000800f220                APBPrescTable
 .rodata.flagBitshiftOffset.0
                0x000000000800f228        0x8 ./Drivers/STM32F4xx_HAL_Driver/Src/stm32f4xx_hal_dma.o
                0x000000000800f230                . = ALIGN (0x4)

.ARM.extab      0x000000000800f230        0x0
                0x000000000800f230                . = ALIGN (0x4)
 *(.ARM.extab* .gnu.linkonce.armextab.*)
                0x000000000800f230                . = ALIGN (0x4)

.ARM            0x000000000800f230        0x8
                0x000000000800f230                . = ALIGN (0x4)
                0x000000000800f230                __exidx_start = .
 *(.ARM.exidx*)
 .ARM.exidx     0x000000000800f230        0x8 c:/st/stm32cubeide_1.10.1/stm32cubeide/plugins/com.st.stm32cube.ide.mcu.externaltools.gnu-tools-for-stm32.10.3-2021.10.win32_1.0.0.202111181127/tools/bin/../lib/gcc/arm-none-eabi/10.3.1/thumb/v7e-m+fp/hard\libgcc.a(_udivmoddi4.o)
                0x000000000800f238                __exidx_end = .
                0x000000000800f238                . = ALIGN (0x4)

.rel.dyn        0x000000000800f238        0x0
 .rel.iplt      0x000000000800f238        0x0 c:/st/stm32cubeide_1.10.1/stm32cubeide/plugins/com.st.stm32cube.ide.mcu.externaltools.gnu-tools-for-stm32.10.3-2021.10.win32_1.0.0.202111181127/tools/bin/../lib/gcc/arm-none-eabi/10.3.1/thumb/v7e-m+fp/hard/crtbegin.o

.preinit_array  0x000000000800f238        0x0
                0x000000000800f238                . = ALIGN (0x4)
                0x000000000800f238                PROVIDE (__preinit_array_start = .)
 *(.preinit_array*)
                0x000000000800f238                PROVIDE (__preinit_array_end = .)
                0x000000000800f238                . = ALIGN (0x4)

.init_array     0x000000000800f238        0x4
                0x000000000800f238                . = ALIGN (0x4)
                0x000000000800f238                PROVIDE (__init_array_start = .)
 *(SORT_BY_NAME(.init_array.*))
 *(.init_array*)
 .init_array    0x000000000800f238        0x4 c:/st/stm32cubeide_1.10.1/stm32cubeide/plugins/com.st.stm32cube.ide.mcu.externaltools.gnu-tools-for-stm32.10.3-2021.10.win32_1.0.0.202111181127/tools/bin/../lib/gcc/arm-none-eabi/10.3.1/thumb/v7e-m+fp/hard/crtbegin.o
                0x000000000800f23c                PROVIDE (__init_array_end = .)
                0x000000000800f23c                . = ALIGN (0x4)

.fini_array     0x000000000800f23c        0x4
                0x000000000800f23c                . = ALIGN (0x4)
                [!provide]                        PROVIDE (__fini_array_start = .)
 *(SORT_BY_NAME(.fini_array.*))
 *(.fini_array*)
 .fini_array    0x000000000800f23c        0x4 c:/st/stm32cubeide_1.10.1/stm32cubeide/plugins/com.st.stm32cube.ide.mcu.externaltools.gnu-tools-for-stm32.10.3-2021.10.win32_1.0.0.202111181127/tools/bin/../lib/gcc/arm-none-eabi/10.3.1/thumb/v7e-m+fp/hard/crtbegin.o
                [!provide]                        PROVIDE (__fini_array_end = .)
                0x000000000800f240                . = ALIGN (0x4)
                0x000000000800f240                _sidata = LOADADDR (.data)

.data           0x0000000020000000      0x24c load address 0x000000000800f240
                0x0000000020000000                . = ALIGN (0x4)
                0x0000000020000000                _sdata = .
 *(.data)
 *(.data*)
 .data.bufferAUX
                0x0000000020000000       0x64 ./Core/Src/main.o
                0x0000000020000000                bufferAUX
 .data.escala.14
                0x0000000020000064        0x4 ./Core/Src/main.o
 .data.counter_amp.8
                0x0000000020000068        0x4 ./Core/Src/main.o
 .data.scale.7  0x000000002000006c        0x4 ./Core/Src/main.o
 .data.counter_temp.6
                0x0000000020000070        0x4 ./Core/Src/main.o
 .data.trigger_level.5
                0x0000000020000074        0x4 ./Core/Src/main.o
 .data.Font_6x8
                0x0000000020000078        0x8 ./Core/Src/ssd1306_fonts.o
                0x0000000020000078                Font_6x8
 .data.SystemCoreClock
                0x0000000020000080        0x4 ./Core/Src/system_stm32f4xx.o
                0x0000000020000080                SystemCoreClock
 .data.uwTickPrio
                0x0000000020000084        0x4 ./Drivers/STM32F4xx_HAL_Driver/Src/stm32f4xx_hal.o
                0x0000000020000084                uwTickPrio
 .data.uwTickFreq
                0x0000000020000088        0x1 ./Drivers/STM32F4xx_HAL_Driver/Src/stm32f4xx_hal.o
                0x0000000020000088                uwTickFreq
 *fill*         0x0000000020000089        0x3 
 .data.USBD_CUSTOM_HID
                0x000000002000008c       0x38 ./Middlewares/ST/STM32_USB_Device_Library/Class/CustomHID/Src/usbd_customhid.o
                0x000000002000008c                USBD_CUSTOM_HID
 .data.USBD_CUSTOM_HID_CfgFSDesc
                0x00000000200000c4       0x29 ./Middlewares/ST/STM32_USB_Device_Library/Class/CustomHID/Src/usbd_customhid.o
 *fill*         0x00000000200000ed        0x3 
 .data.USBD_CUSTOM_HID_CfgHSDesc
                0x00000000200000f0       0x29 ./Middlewares/ST/STM32_USB_Device_Library/Class/CustomHID/Src/usbd_customhid.o
 *fill*         0x0000000020000119        0x3 
 .data.USBD_CUSTOM_HID_OtherSpeedCfgDesc
                0x000000002000011c       0x29 ./Middlewares/ST/STM32_USB_Device_Library/Class/CustomHID/Src/usbd_customhid.o
 *fill*         0x0000000020000145        0x3 
 .data.USBD_CUSTOM_HID_Desc
                0x0000000020000148        0x9 ./Middlewares/ST/STM32_USB_Device_Library/Class/CustomHID/Src/usbd_customhid.o
 *fill*         0x0000000020000151        0x3 
 .data.USBD_CUSTOM_HID_DeviceQualifierDesc
                0x0000000020000154        0xa ./Middlewares/ST/STM32_USB_Device_Library/Class/CustomHID/Src/usbd_customhid.o
 *fill*         0x000000002000015e        0x2 
 .data.uxCriticalNesting
                0x0000000020000160        0x4 ./Middlewares/Third_Party/FreeRTOS/Source/portable/GCC/ARM_CM4F/port.o
 .data.CUSTOM_HID_ReportDesc_FS
                0x0000000020000164       0x21 ./USB_DEVICE/App/usbd_custom_hid_if.o
 *fill*         0x0000000020000185        0x3 
 .data.USBD_CustomHID_fops_FS
                0x0000000020000188       0x10 ./USB_DEVICE/App/usbd_custom_hid_if.o
                0x0000000020000188                USBD_CustomHID_fops_FS
 .data.FS_Desc  0x0000000020000198       0x1c ./USB_DEVICE/App/usbd_desc.o
                0x0000000020000198                FS_Desc
 .data.USBD_FS_DeviceDesc
                0x00000000200001b4       0x12 ./USB_DEVICE/App/usbd_desc.o
                0x00000000200001b4                USBD_FS_DeviceDesc
 *fill*         0x00000000200001c6        0x2 
 .data.USBD_LangIDDesc
                0x00000000200001c8        0x4 ./USB_DEVICE/App/usbd_desc.o
                0x00000000200001c8                USBD_LangIDDesc
 .data.USBD_StringSerial
                0x00000000200001cc       0x1a ./USB_DEVICE/App/usbd_desc.o
                0x00000000200001cc                USBD_StringSerial
 *fill*         0x00000000200001e6        0x2 
 .data._impure_ptr
                0x00000000200001e8        0x4 c:/st/stm32cubeide_1.10.1/stm32cubeide/plugins/com.st.stm32cube.ide.mcu.externaltools.gnu-tools-for-stm32.10.3-2021.10.win32_1.0.0.202111181127/tools/bin/../lib/gcc/arm-none-eabi/10.3.1/../../../../arm-none-eabi/lib/thumb/v7e-m+fp/hard\libc_nano.a(lib_a-impure.o)
                0x00000000200001e8                _impure_ptr
 .data.impure_data
                0x00000000200001ec       0x60 c:/st/stm32cubeide_1.10.1/stm32cubeide/plugins/com.st.stm32cube.ide.mcu.externaltools.gnu-tools-for-stm32.10.3-2021.10.win32_1.0.0.202111181127/tools/bin/../lib/gcc/arm-none-eabi/10.3.1/../../../../arm-none-eabi/lib/thumb/v7e-m+fp/hard\libc_nano.a(lib_a-impure.o)
 *(.RamFunc)
 *(.RamFunc*)
                0x000000002000024c                . = ALIGN (0x4)
                0x000000002000024c                _edata = .

.igot.plt       0x000000002000024c        0x0 load address 0x000000000800f48c
 .igot.plt      0x000000002000024c        0x0 c:/st/stm32cubeide_1.10.1/stm32cubeide/plugins/com.st.stm32cube.ide.mcu.externaltools.gnu-tools-for-stm32.10.3-2021.10.win32_1.0.0.202111181127/tools/bin/../lib/gcc/arm-none-eabi/10.3.1/thumb/v7e-m+fp/hard/crtbegin.o
                0x000000002000024c                . = ALIGN (0x4)

.bss            0x000000002000024c     0x60b0 load address 0x000000000800f48c
                0x000000002000024c                _sbss = .
                0x000000002000024c                __bss_start__ = _sbss
 *(.bss)
 .bss           0x000000002000024c       0x1c c:/st/stm32cubeide_1.10.1/stm32cubeide/plugins/com.st.stm32cube.ide.mcu.externaltools.gnu-tools-for-stm32.10.3-2021.10.win32_1.0.0.202111181127/tools/bin/../lib/gcc/arm-none-eabi/10.3.1/thumb/v7e-m+fp/hard/crtbegin.o
 *(.bss*)
 .bss.xIdleTaskTCBBuffer
                0x0000000020000268       0x54 ./Core/Src/freertos.o
 .bss.xIdleStack
                0x00000000200002bc      0x200 ./Core/Src/freertos.o
 .bss.hadc1     0x00000000200004bc       0x48 ./Core/Src/main.o
                0x00000000200004bc                hadc1
 .bss.hdma_adc1
                0x0000000020000504       0x60 ./Core/Src/main.o
                0x0000000020000504                hdma_adc1
 .bss.hi2c1     0x0000000020000564       0x54 ./Core/Src/main.o
                0x0000000020000564                hi2c1
 .bss.htim2     0x00000000200005b8       0x48 ./Core/Src/main.o
                0x00000000200005b8                htim2
 .bss.htim3     0x0000000020000600       0x48 ./Core/Src/main.o
                0x0000000020000600                htim3
 .bss.htim4     0x0000000020000648       0x48 ./Core/Src/main.o
                0x0000000020000648                htim4
 .bss.htim5     0x0000000020000690       0x48 ./Core/Src/main.o
                0x0000000020000690                htim5
 .bss.buffer_usb
                0x00000000200006d8      0x400 ./Core/Src/main.o
                0x00000000200006d8                buffer_usb
 .bss.buffer_adc
                0x0000000020000ad8      0x800 ./Core/Src/main.o
                0x0000000020000ad8                buffer_adc
 .bss.buffer_display
                0x00000000200012d8      0x400 ./Core/Src/main.o
                0x00000000200012d8                buffer_display
 .bss.qEncoder  0x00000000200016d8        0x4 ./Core/Src/main.o
                0x00000000200016d8                qEncoder
 .bss.qTrigger  0x00000000200016dc        0x4 ./Core/Src/main.o
                0x00000000200016dc                qTrigger
 .bss.qRMS      0x00000000200016e0        0x4 ./Core/Src/main.o
                0x00000000200016e0                qRMS
 .bss.qDelay    0x00000000200016e4        0x4 ./Core/Src/main.o
                0x00000000200016e4                qDelay
 .bss.qEscala   0x00000000200016e8        0x4 ./Core/Src/main.o
                0x00000000200016e8                qEscala
 .bss.valor.13  0x00000000200016ec        0x4 ./Core/Src/main.o
 .bss.frecuencia.12
                0x00000000200016f0        0x4 ./Core/Src/main.o
 .bss.counter_act.11
                0x00000000200016f4        0x2 ./Core/Src/main.o
 *fill*         0x00000000200016f6        0x2 
 .bss.seleccion.10
                0x00000000200016f8        0x4 ./Core/Src/main.o
 .bss.counter_viejo.9
                0x00000000200016fc        0x2 ./Core/Src/main.o
 *fill*         0x00000000200016fe        0x2 
 .bss.previousMillis.4
                0x0000000020001700        0x4 ./Core/Src/main.o
 .bss.encoder.3
                0x0000000020001704        0x4 ./Core/Src/main.o
 .bss.freq.2    0x0000000020001708        0x4 ./Core/Src/main.o
 .bss.tiempo_init.1
                0x000000002000170c        0x4 ./Core/Src/main.o
 .bss.tiempo_act.0
                0x0000000020001710        0x4 ./Core/Src/main.o
 .bss.SSD1306_Buffer
                0x0000000020001714      0x400 ./Core/Src/ssd1306.o
 .bss.SSD1306   0x0000000020001b14        0x6 ./Core/Src/ssd1306.o
 *fill*         0x0000000020001b1a        0x2 